[0.273s] Invoking command in '/home/aurora/d2lros2/chapt3/chapt3_ws/src/example_service_rclpy': PYTHONPATH=/home/aurora/d2lros2/chapt3/chapt3_ws/build/example_service_rclpy/prefix_override:/usr/lib/python3/dist-packages/colcon_core/task/python/colcon_distutils_commands:/home/aurora/d2lros2/chapt3/chapt3_ws/install/example_service_rclpy/lib/python3.10/site-packages:${PYTHONPATH} /usr/bin/python3 -W ignore:setup.py install is deprecated -W ignore:easy_install command is deprecated setup.py egg_info --egg-base ../../build/example_service_rclpy build --build-base /home/aurora/d2lros2/chapt3/chapt3_ws/build/example_service_rclpy/build install --record /home/aurora/d2lros2/chapt3/chapt3_ws/build/example_service_rclpy/install.log --install-scripts $base/lib/example_service_rclpy --single-version-externally-managed install_data
[0.377s] running egg_info
[0.377s] writing ../../build/example_service_rclpy/example_service_rclpy.egg-info/PKG-INFO
[0.377s] writing dependency_links to ../../build/example_service_rclpy/example_service_rclpy.egg-info/dependency_links.txt
[0.377s] writing entry points to ../../build/example_service_rclpy/example_service_rclpy.egg-info/entry_points.txt
[0.377s] writing requirements to ../../build/example_service_rclpy/example_service_rclpy.egg-info/requires.txt
[0.377s] writing top-level names to ../../build/example_service_rclpy/example_service_rclpy.egg-info/top_level.txt
[0.378s] reading manifest file '../../build/example_service_rclpy/example_service_rclpy.egg-info/SOURCES.txt'
[0.379s] writing manifest file '../../build/example_service_rclpy/example_service_rclpy.egg-info/SOURCES.txt'
[0.379s] running build
[0.379s] running build_py
[0.379s] copying example_service_rclpy/service_server_02.py -> /home/aurora/d2lros2/chapt3/chapt3_ws/build/example_service_rclpy/build/lib/example_service_rclpy
[0.379s] running install
[0.379s] running install_lib
[0.379s] copying /home/aurora/d2lros2/chapt3/chapt3_ws/build/example_service_rclpy/build/lib/example_service_rclpy/service_server_02.py -> /home/aurora/d2lros2/chapt3/chapt3_ws/install/example_service_rclpy/lib/python3.10/site-packages/example_service_rclpy
[0.380s] byte-compiling /home/aurora/d2lros2/chapt3/chapt3_ws/install/example_service_rclpy/lib/python3.10/site-packages/example_service_rclpy/service_server_02.py to service_server_02.cpython-310.pyc
[0.380s] running install_data
[0.380s] running install_egg_info
[0.381s] removing '/home/aurora/d2lros2/chapt3/chapt3_ws/install/example_service_rclpy/lib/python3.10/site-packages/example_service_rclpy-0.0.0-py3.10.egg-info' (and everything under it)
[0.381s] Copying ../../build/example_service_rclpy/example_service_rclpy.egg-info to /home/aurora/d2lros2/chapt3/chapt3_ws/install/example_service_rclpy/lib/python3.10/site-packages/example_service_rclpy-0.0.0-py3.10.egg-info
[0.381s] running install_scripts
[0.391s] Installing service_client_02 script to /home/aurora/d2lros2/chapt3/chapt3_ws/install/example_service_rclpy/lib/example_service_rclpy
[0.391s] Installing service_server_02 script to /home/aurora/d2lros2/chapt3/chapt3_ws/install/example_service_rclpy/lib/example_service_rclpy
[0.392s] writing list of installed files to '/home/aurora/d2lros2/chapt3/chapt3_ws/build/example_service_rclpy/install.log'
[0.402s] Invoked command in '/home/aurora/d2lros2/chapt3/chapt3_ws/src/example_service_rclpy' returned '0': PYTHONPATH=/home/aurora/d2lros2/chapt3/chapt3_ws/build/example_service_rclpy/prefix_override:/usr/lib/python3/dist-packages/colcon_core/task/python/colcon_distutils_commands:/home/aurora/d2lros2/chapt3/chapt3_ws/install/example_service_rclpy/lib/python3.10/site-packages:${PYTHONPATH} /usr/bin/python3 -W ignore:setup.py install is deprecated -W ignore:easy_install command is deprecated setup.py egg_info --egg-base ../../build/example_service_rclpy build --build-base /home/aurora/d2lros2/chapt3/chapt3_ws/build/example_service_rclpy/build install --record /home/aurora/d2lros2/chapt3/chapt3_ws/build/example_service_rclpy/install.log --install-scripts $base/lib/example_service_rclpy --single-version-externally-managed install_data
