running egg_info
creating ../../build/example_action_rclpy/example_action_rclpy.egg-info
writing ../../build/example_action_rclpy/example_action_rclpy.egg-info/PKG-INFO
writing dependency_links to ../../build/example_action_rclpy/example_action_rclpy.egg-info/dependency_links.txt
writing entry points to ../../build/example_action_rclpy/example_action_rclpy.egg-info/entry_points.txt
writing requirements to ../../build/example_action_rclpy/example_action_rclpy.egg-info/requires.txt
writing top-level names to ../../build/example_action_rclpy/example_action_rclpy.egg-info/top_level.txt
writing manifest file '../../build/example_action_rclpy/example_action_rclpy.egg-info/SOURCES.txt'
reading manifest file '../../build/example_action_rclpy/example_action_rclpy.egg-info/SOURCES.txt'
writing manifest file '../../build/example_action_rclpy/example_action_rclpy.egg-info/SOURCES.txt'
running build
running build_py
creating /home/aurora/d2lros2/chapt4/chapt4_ws/build/example_action_rclpy/build
creating /home/aurora/d2lros2/chapt4/chapt4_ws/build/example_action_rclpy/build/lib
creating /home/aurora/d2lros2/chapt4/chapt4_ws/build/example_action_rclpy/build/lib/example_action_rclpy
copying example_action_rclpy/action_control_02.py -> /home/aurora/d2lros2/chapt4/chapt4_ws/build/example_action_rclpy/build/lib/example_action_rclpy
copying example_action_rclpy/__init__.py -> /home/aurora/d2lros2/chapt4/chapt4_ws/build/example_action_rclpy/build/lib/example_action_rclpy
copying example_action_rclpy/robot.py -> /home/aurora/d2lros2/chapt4/chapt4_ws/build/example_action_rclpy/build/lib/example_action_rclpy
copying example_action_rclpy/action_robot_02.py -> /home/aurora/d2lros2/chapt4/chapt4_ws/build/example_action_rclpy/build/lib/example_action_rclpy
running install
running install_lib
creating /home/aurora/d2lros2/chapt4/chapt4_ws/install/example_action_rclpy/lib/python3.10/site-packages/example_action_rclpy
copying /home/aurora/d2lros2/chapt4/chapt4_ws/build/example_action_rclpy/build/lib/example_action_rclpy/action_control_02.py -> /home/aurora/d2lros2/chapt4/chapt4_ws/install/example_action_rclpy/lib/python3.10/site-packages/example_action_rclpy
copying /home/aurora/d2lros2/chapt4/chapt4_ws/build/example_action_rclpy/build/lib/example_action_rclpy/__init__.py -> /home/aurora/d2lros2/chapt4/chapt4_ws/install/example_action_rclpy/lib/python3.10/site-packages/example_action_rclpy
copying /home/aurora/d2lros2/chapt4/chapt4_ws/build/example_action_rclpy/build/lib/example_action_rclpy/robot.py -> /home/aurora/d2lros2/chapt4/chapt4_ws/install/example_action_rclpy/lib/python3.10/site-packages/example_action_rclpy
copying /home/aurora/d2lros2/chapt4/chapt4_ws/build/example_action_rclpy/build/lib/example_action_rclpy/action_robot_02.py -> /home/aurora/d2lros2/chapt4/chapt4_ws/install/example_action_rclpy/lib/python3.10/site-packages/example_action_rclpy
byte-compiling /home/aurora/d2lros2/chapt4/chapt4_ws/install/example_action_rclpy/lib/python3.10/site-packages/example_action_rclpy/action_control_02.py to action_control_02.cpython-310.pyc
byte-compiling /home/aurora/d2lros2/chapt4/chapt4_ws/install/example_action_rclpy/lib/python3.10/site-packages/example_action_rclpy/__init__.py to __init__.cpython-310.pyc
byte-compiling /home/aurora/d2lros2/chapt4/chapt4_ws/install/example_action_rclpy/lib/python3.10/site-packages/example_action_rclpy/robot.py to robot.cpython-310.pyc
byte-compiling /home/aurora/d2lros2/chapt4/chapt4_ws/install/example_action_rclpy/lib/python3.10/site-packages/example_action_rclpy/action_robot_02.py to action_robot_02.cpython-310.pyc
running install_data
creating /home/aurora/d2lros2/chapt4/chapt4_ws/install/example_action_rclpy/share/ament_index
creating /home/aurora/d2lros2/chapt4/chapt4_ws/install/example_action_rclpy/share/ament_index/resource_index
creating /home/aurora/d2lros2/chapt4/chapt4_ws/install/example_action_rclpy/share/ament_index/resource_index/packages
