[0.295s] Invoking command in '/home/aurora/d2lros2/chapt4/chapt4_ws/src/example_action_rclpy': PYTHONPATH=/home/aurora/d2lros2/chapt4/chapt4_ws/build/example_action_rclpy/prefix_override:/usr/lib/python3/dist-packages/colcon_core/task/python/colcon_distutils_commands:/home/aurora/d2lros2/chapt4/chapt4_ws/install/example_action_rclpy/lib/python3.10/site-packages:${PYTHONPATH} /usr/bin/python3 -W ignore:setup.py install is deprecated -W ignore:easy_install command is deprecated setup.py egg_info --egg-base ../../build/example_action_rclpy build --build-base /home/aurora/d2lros2/chapt4/chapt4_ws/build/example_action_rclpy/build install --record /home/aurora/d2lros2/chapt4/chapt4_ws/build/example_action_rclpy/install.log --install-scripts $base/lib/example_action-rclpy --single-version-externally-managed install_data
[0.403s] running egg_info
[0.404s] creating ../../build/example_action_rclpy/example_action_rclpy.egg-info
[0.404s] writing ../../build/example_action_rclpy/example_action_rclpy.egg-info/PKG-INFO
[0.404s] writing dependency_links to ../../build/example_action_rclpy/example_action_rclpy.egg-info/dependency_links.txt
[0.404s] writing entry points to ../../build/example_action_rclpy/example_action_rclpy.egg-info/entry_points.txt
[0.404s] writing requirements to ../../build/example_action_rclpy/example_action_rclpy.egg-info/requires.txt
[0.404s] writing top-level names to ../../build/example_action_rclpy/example_action_rclpy.egg-info/top_level.txt
[0.404s] writing manifest file '../../build/example_action_rclpy/example_action_rclpy.egg-info/SOURCES.txt'
[0.405s] reading manifest file '../../build/example_action_rclpy/example_action_rclpy.egg-info/SOURCES.txt'
[0.405s] writing manifest file '../../build/example_action_rclpy/example_action_rclpy.egg-info/SOURCES.txt'
[0.405s] running build
[0.405s] running build_py
[0.405s] creating /home/aurora/d2lros2/chapt4/chapt4_ws/build/example_action_rclpy/build
[0.405s] creating /home/aurora/d2lros2/chapt4/chapt4_ws/build/example_action_rclpy/build/lib
[0.405s] creating /home/aurora/d2lros2/chapt4/chapt4_ws/build/example_action_rclpy/build/lib/example_action_rclpy
[0.405s] copying example_action_rclpy/action_control_02.py -> /home/aurora/d2lros2/chapt4/chapt4_ws/build/example_action_rclpy/build/lib/example_action_rclpy
[0.405s] copying example_action_rclpy/__init__.py -> /home/aurora/d2lros2/chapt4/chapt4_ws/build/example_action_rclpy/build/lib/example_action_rclpy
[0.405s] copying example_action_rclpy/robot.py -> /home/aurora/d2lros2/chapt4/chapt4_ws/build/example_action_rclpy/build/lib/example_action_rclpy
[0.405s] copying example_action_rclpy/action_robot_02.py -> /home/aurora/d2lros2/chapt4/chapt4_ws/build/example_action_rclpy/build/lib/example_action_rclpy
[0.405s] running install
[0.405s] running install_lib
[0.406s] creating /home/aurora/d2lros2/chapt4/chapt4_ws/install/example_action_rclpy/lib/python3.10/site-packages/example_action_rclpy
[0.406s] copying /home/aurora/d2lros2/chapt4/chapt4_ws/build/example_action_rclpy/build/lib/example_action_rclpy/action_control_02.py -> /home/aurora/d2lros2/chapt4/chapt4_ws/install/example_action_rclpy/lib/python3.10/site-packages/example_action_rclpy
[0.406s] copying /home/aurora/d2lros2/chapt4/chapt4_ws/build/example_action_rclpy/build/lib/example_action_rclpy/__init__.py -> /home/aurora/d2lros2/chapt4/chapt4_ws/install/example_action_rclpy/lib/python3.10/site-packages/example_action_rclpy
[0.406s] copying /home/aurora/d2lros2/chapt4/chapt4_ws/build/example_action_rclpy/build/lib/example_action_rclpy/robot.py -> /home/aurora/d2lros2/chapt4/chapt4_ws/install/example_action_rclpy/lib/python3.10/site-packages/example_action_rclpy
[0.406s] copying /home/aurora/d2lros2/chapt4/chapt4_ws/build/example_action_rclpy/build/lib/example_action_rclpy/action_robot_02.py -> /home/aurora/d2lros2/chapt4/chapt4_ws/install/example_action_rclpy/lib/python3.10/site-packages/example_action_rclpy
[0.406s] byte-compiling /home/aurora/d2lros2/chapt4/chapt4_ws/install/example_action_rclpy/lib/python3.10/site-packages/example_action_rclpy/action_control_02.py to action_control_02.cpython-310.pyc
[0.406s] byte-compiling /home/aurora/d2lros2/chapt4/chapt4_ws/install/example_action_rclpy/lib/python3.10/site-packages/example_action_rclpy/__init__.py to __init__.cpython-310.pyc
[0.406s] byte-compiling /home/aurora/d2lros2/chapt4/chapt4_ws/install/example_action_rclpy/lib/python3.10/site-packages/example_action_rclpy/robot.py to robot.cpython-310.pyc
[0.407s] byte-compiling /home/aurora/d2lros2/chapt4/chapt4_ws/install/example_action_rclpy/lib/python3.10/site-packages/example_action_rclpy/action_robot_02.py to action_robot_02.cpython-310.pyc
[0.407s] running install_data
[0.407s] creating /home/aurora/d2lros2/chapt4/chapt4_ws/install/example_action_rclpy/share/ament_index
[0.407s] creating /home/aurora/d2lros2/chapt4/chapt4_ws/install/example_action_rclpy/share/ament_index/resource_index
[0.407s] creating /home/aurora/d2lros2/chapt4/chapt4_ws/install/example_action_rclpy/share/ament_index/resource_index/packages
[0.407s] error: can't copy 'resource/example_action_rclpy': doesn't exist or not a regular file
[0.416s] Invoked command in '/home/aurora/d2lros2/chapt4/chapt4_ws/src/example_action_rclpy' returned '1': PYTHONPATH=/home/aurora/d2lros2/chapt4/chapt4_ws/build/example_action_rclpy/prefix_override:/usr/lib/python3/dist-packages/colcon_core/task/python/colcon_distutils_commands:/home/aurora/d2lros2/chapt4/chapt4_ws/install/example_action_rclpy/lib/python3.10/site-packages:${PYTHONPATH} /usr/bin/python3 -W ignore:setup.py install is deprecated -W ignore:easy_install command is deprecated setup.py egg_info --egg-base ../../build/example_action_rclpy build --build-base /home/aurora/d2lros2/chapt4/chapt4_ws/build/example_action_rclpy/build install --record /home/aurora/d2lros2/chapt4/chapt4_ws/build/example_action_rclpy/install.log --install-scripts $base/lib/example_action-rclpy --single-version-externally-managed install_data
