[0.054s] DEBUG:colcon:Command line arguments: ['/usr/bin/colcon', 'build']
[0.054s] DEBUG:colcon:Parsed command line arguments: Namespace(log_base=None, log_level=None, verb_name='build', build_base='build', install_base='install', merge_install=False, symlink_install=False, test_result_base=None, continue_on_error=False, executor='parallel', parallel_workers=24, event_handlers=None, ignore_user_meta=False, metas=['./colcon.meta'], base_paths=['.'], packages_ignore=None, packages_ignore_regex=None, paths=None, packages_up_to=None, packages_up_to_regex=None, packages_above=None, packages_above_and_dependencies=None, packages_above_depth=None, packages_select_by_dep=None, packages_skip_by_dep=None, packages_skip_up_to=None, packages_select_build_failed=False, packages_skip_build_finished=False, packages_select_test_failures=False, packages_skip_test_passed=False, packages_select=None, packages_skip=None, packages_select_regex=None, packages_skip_regex=None, packages_start=None, packages_end=None, allow_overriding=[], cmake_args=None, cmake_target=None, cmake_target_skip_unavailable=False, cmake_clean_cache=False, cmake_clean_first=False, cmake_force_configure=False, ament_cmake_args=None, catkin_cmake_args=None, catkin_skip_building_tests=False, verb_parser=<colcon_defaults.argument_parser.defaults.DefaultArgumentsDecorator object at 0x736dd6f2f790>, verb_extension=<colcon_core.verb.build.BuildVerb object at 0x736dd6f2f280>, main=<bound method BuildVerb.main of <colcon_core.verb.build.BuildVerb object at 0x736dd6f2f280>>)
[0.132s] Level 1:colcon.colcon_core.package_discovery:discover_packages(colcon_meta) check parameters
[0.132s] Level 1:colcon.colcon_core.package_discovery:discover_packages(recursive) check parameters
[0.132s] Level 1:colcon.colcon_core.package_discovery:discover_packages(ignore) check parameters
[0.132s] Level 1:colcon.colcon_core.package_discovery:discover_packages(path) check parameters
[0.132s] Level 1:colcon.colcon_core.package_discovery:discover_packages(colcon_meta) discover
[0.132s] Level 1:colcon.colcon_core.package_discovery:discover_packages(recursive) discover
[0.132s] INFO:colcon.colcon_core.package_discovery:Crawling recursively for packages in '/home/aurora/d2lros2/chapt3/chapt3_ws'
[0.132s] Level 1:colcon.colcon_core.package_identification:_identify(.) by extensions ['ignore', 'ignore_ament_install']
[0.133s] Level 1:colcon.colcon_core.package_identification:_identify(.) by extension 'ignore'
[0.133s] Level 1:colcon.colcon_core.package_identification:_identify(.) by extension 'ignore_ament_install'
[0.133s] Level 1:colcon.colcon_core.package_identification:_identify(.) by extensions ['colcon_pkg']
[0.133s] Level 1:colcon.colcon_core.package_identification:_identify(.) by extension 'colcon_pkg'
[0.133s] Level 1:colcon.colcon_core.package_identification:_identify(.) by extensions ['colcon_meta']
[0.133s] Level 1:colcon.colcon_core.package_identification:_identify(.) by extension 'colcon_meta'
[0.133s] Level 1:colcon.colcon_core.package_identification:_identify(.) by extensions ['ros']
[0.133s] Level 1:colcon.colcon_core.package_identification:_identify(.) by extension 'ros'
[0.140s] Level 1:colcon.colcon_core.package_identification:_identify(.) by extensions ['cmake', 'python']
[0.140s] Level 1:colcon.colcon_core.package_identification:_identify(.) by extension 'cmake'
[0.140s] Level 1:colcon.colcon_core.package_identification:_identify(.) by extension 'python'
[0.140s] Level 1:colcon.colcon_core.package_identification:_identify(.) by extensions ['python_setup_py']
[0.140s] Level 1:colcon.colcon_core.package_identification:_identify(.) by extension 'python_setup_py'
[0.140s] Level 1:colcon.colcon_core.package_identification:_identify(build) by extensions ['ignore', 'ignore_ament_install']
[0.140s] Level 1:colcon.colcon_core.package_identification:_identify(build) by extension 'ignore'
[0.140s] Level 1:colcon.colcon_core.package_identification:_identify(build) ignored
[0.140s] Level 1:colcon.colcon_core.package_identification:_identify(install) by extensions ['ignore', 'ignore_ament_install']
[0.140s] Level 1:colcon.colcon_core.package_identification:_identify(install) by extension 'ignore'
[0.140s] Level 1:colcon.colcon_core.package_identification:_identify(install) ignored
[0.140s] Level 1:colcon.colcon_core.package_identification:_identify(log) by extensions ['ignore', 'ignore_ament_install']
[0.140s] Level 1:colcon.colcon_core.package_identification:_identify(log) by extension 'ignore'
[0.140s] Level 1:colcon.colcon_core.package_identification:_identify(log) ignored
[0.140s] Level 1:colcon.colcon_core.package_identification:_identify(src) by extensions ['ignore', 'ignore_ament_install']
[0.140s] Level 1:colcon.colcon_core.package_identification:_identify(src) by extension 'ignore'
[0.140s] Level 1:colcon.colcon_core.package_identification:_identify(src) by extension 'ignore_ament_install'
[0.140s] Level 1:colcon.colcon_core.package_identification:_identify(src) by extensions ['colcon_pkg']
[0.140s] Level 1:colcon.colcon_core.package_identification:_identify(src) by extension 'colcon_pkg'
[0.140s] Level 1:colcon.colcon_core.package_identification:_identify(src) by extensions ['colcon_meta']
[0.140s] Level 1:colcon.colcon_core.package_identification:_identify(src) by extension 'colcon_meta'
[0.140s] Level 1:colcon.colcon_core.package_identification:_identify(src) by extensions ['ros']
[0.140s] Level 1:colcon.colcon_core.package_identification:_identify(src) by extension 'ros'
[0.140s] Level 1:colcon.colcon_core.package_identification:_identify(src) by extensions ['cmake', 'python']
[0.140s] Level 1:colcon.colcon_core.package_identification:_identify(src) by extension 'cmake'
[0.141s] Level 1:colcon.colcon_core.package_identification:_identify(src) by extension 'python'
[0.141s] Level 1:colcon.colcon_core.package_identification:_identify(src) by extensions ['python_setup_py']
[0.141s] Level 1:colcon.colcon_core.package_identification:_identify(src) by extension 'python_setup_py'
[0.141s] Level 1:colcon.colcon_core.package_identification:_identify(src/example_service_rclpy) by extensions ['ignore', 'ignore_ament_install']
[0.141s] Level 1:colcon.colcon_core.package_identification:_identify(src/example_service_rclpy) by extension 'ignore'
[0.141s] Level 1:colcon.colcon_core.package_identification:_identify(src/example_service_rclpy) by extension 'ignore_ament_install'
[0.141s] Level 1:colcon.colcon_core.package_identification:_identify(src/example_service_rclpy) by extensions ['colcon_pkg']
[0.141s] Level 1:colcon.colcon_core.package_identification:_identify(src/example_service_rclpy) by extension 'colcon_pkg'
[0.141s] Level 1:colcon.colcon_core.package_identification:_identify(src/example_service_rclpy) by extensions ['colcon_meta']
[0.141s] Level 1:colcon.colcon_core.package_identification:_identify(src/example_service_rclpy) by extension 'colcon_meta'
[0.141s] Level 1:colcon.colcon_core.package_identification:_identify(src/example_service_rclpy) by extensions ['ros']
[0.141s] Level 1:colcon.colcon_core.package_identification:_identify(src/example_service_rclpy) by extension 'ros'
[0.142s] DEBUG:colcon.colcon_core.package_identification:Package 'src/example_service_rclpy' with type 'ros.ament_python' and name 'example_service_rclpy'
[0.142s] Level 1:colcon.colcon_core.package_identification:_identify(src/example_topic_rclcpp) by extensions ['ignore', 'ignore_ament_install']
[0.142s] Level 1:colcon.colcon_core.package_identification:_identify(src/example_topic_rclcpp) by extension 'ignore'
[0.142s] Level 1:colcon.colcon_core.package_identification:_identify(src/example_topic_rclcpp) by extension 'ignore_ament_install'
[0.143s] Level 1:colcon.colcon_core.package_identification:_identify(src/example_topic_rclcpp) by extensions ['colcon_pkg']
[0.143s] Level 1:colcon.colcon_core.package_identification:_identify(src/example_topic_rclcpp) by extension 'colcon_pkg'
[0.143s] Level 1:colcon.colcon_core.package_identification:_identify(src/example_topic_rclcpp) by extensions ['colcon_meta']
[0.143s] Level 1:colcon.colcon_core.package_identification:_identify(src/example_topic_rclcpp) by extension 'colcon_meta'
[0.143s] Level 1:colcon.colcon_core.package_identification:_identify(src/example_topic_rclcpp) by extensions ['ros']
[0.143s] Level 1:colcon.colcon_core.package_identification:_identify(src/example_topic_rclcpp) by extension 'ros'
[0.143s] DEBUG:colcon.colcon_core.package_identification:Package 'src/example_topic_rclcpp' with type 'ros.ament_cmake' and name 'example_topic_rclcpp'
[0.143s] Level 1:colcon.colcon_core.package_identification:_identify(src/example_topic_rclpy) by extensions ['ignore', 'ignore_ament_install']
[0.143s] Level 1:colcon.colcon_core.package_identification:_identify(src/example_topic_rclpy) by extension 'ignore'
[0.143s] Level 1:colcon.colcon_core.package_identification:_identify(src/example_topic_rclpy) by extension 'ignore_ament_install'
[0.143s] Level 1:colcon.colcon_core.package_identification:_identify(src/example_topic_rclpy) by extensions ['colcon_pkg']
[0.143s] Level 1:colcon.colcon_core.package_identification:_identify(src/example_topic_rclpy) by extension 'colcon_pkg'
[0.143s] Level 1:colcon.colcon_core.package_identification:_identify(src/example_topic_rclpy) by extensions ['colcon_meta']
[0.143s] Level 1:colcon.colcon_core.package_identification:_identify(src/example_topic_rclpy) by extension 'colcon_meta'
[0.143s] Level 1:colcon.colcon_core.package_identification:_identify(src/example_topic_rclpy) by extensions ['ros']
[0.143s] Level 1:colcon.colcon_core.package_identification:_identify(src/example_topic_rclpy) by extension 'ros'
[0.144s] DEBUG:colcon.colcon_core.package_identification:Package 'src/example_topic_rclpy' with type 'ros.ament_python' and name 'example_topic_rclpy'
[0.144s] Level 1:colcon.colcon_core.package_discovery:discover_packages(recursive) using defaults
[0.144s] Level 1:colcon.colcon_core.package_discovery:discover_packages(ignore) discover
[0.144s] Level 1:colcon.colcon_core.package_discovery:discover_packages(ignore) using defaults
[0.144s] Level 1:colcon.colcon_core.package_discovery:discover_packages(path) discover
[0.144s] Level 1:colcon.colcon_core.package_discovery:discover_packages(path) using defaults
[0.156s] Level 1:colcon.colcon_core.package_discovery:discover_packages(prefix_path) check parameters
[0.156s] Level 1:colcon.colcon_core.package_discovery:discover_packages(prefix_path) discover
[0.158s] DEBUG:colcon.colcon_installed_package_information.package_discovery:Found 275 installed packages in /opt/ros/humble
[0.159s] Level 1:colcon.colcon_core.package_discovery:discover_packages(prefix_path) using defaults
[0.188s] Level 5:colcon.colcon_core.verb:set package 'example_service_rclpy' build argument 'cmake_args' from command line to 'None'
[0.188s] Level 5:colcon.colcon_core.verb:set package 'example_service_rclpy' build argument 'cmake_target' from command line to 'None'
[0.188s] Level 5:colcon.colcon_core.verb:set package 'example_service_rclpy' build argument 'cmake_target_skip_unavailable' from command line to 'False'
[0.188s] Level 5:colcon.colcon_core.verb:set package 'example_service_rclpy' build argument 'cmake_clean_cache' from command line to 'False'
[0.188s] Level 5:colcon.colcon_core.verb:set package 'example_service_rclpy' build argument 'cmake_clean_first' from command line to 'False'
[0.188s] Level 5:colcon.colcon_core.verb:set package 'example_service_rclpy' build argument 'cmake_force_configure' from command line to 'False'
[0.188s] Level 5:colcon.colcon_core.verb:set package 'example_service_rclpy' build argument 'ament_cmake_args' from command line to 'None'
[0.189s] Level 5:colcon.colcon_core.verb:set package 'example_service_rclpy' build argument 'catkin_cmake_args' from command line to 'None'
[0.189s] Level 5:colcon.colcon_core.verb:set package 'example_service_rclpy' build argument 'catkin_skip_building_tests' from command line to 'False'
[0.189s] DEBUG:colcon.colcon_core.verb:Building package 'example_service_rclpy' with the following arguments: {'ament_cmake_args': None, 'build_base': '/home/aurora/d2lros2/chapt3/chapt3_ws/build/example_service_rclpy', 'catkin_cmake_args': None, 'catkin_skip_building_tests': False, 'cmake_args': None, 'cmake_clean_cache': False, 'cmake_clean_first': False, 'cmake_force_configure': False, 'cmake_target': None, 'cmake_target_skip_unavailable': False, 'install_base': '/home/aurora/d2lros2/chapt3/chapt3_ws/install/example_service_rclpy', 'merge_install': False, 'path': '/home/aurora/d2lros2/chapt3/chapt3_ws/src/example_service_rclpy', 'symlink_install': False, 'test_result_base': None}
[0.189s] Level 5:colcon.colcon_core.verb:set package 'example_topic_rclcpp' build argument 'cmake_args' from command line to 'None'
[0.189s] Level 5:colcon.colcon_core.verb:set package 'example_topic_rclcpp' build argument 'cmake_target' from command line to 'None'
[0.189s] Level 5:colcon.colcon_core.verb:set package 'example_topic_rclcpp' build argument 'cmake_target_skip_unavailable' from command line to 'False'
[0.189s] Level 5:colcon.colcon_core.verb:set package 'example_topic_rclcpp' build argument 'cmake_clean_cache' from command line to 'False'
[0.189s] Level 5:colcon.colcon_core.verb:set package 'example_topic_rclcpp' build argument 'cmake_clean_first' from command line to 'False'
[0.189s] Level 5:colcon.colcon_core.verb:set package 'example_topic_rclcpp' build argument 'cmake_force_configure' from command line to 'False'
[0.189s] Level 5:colcon.colcon_core.verb:set package 'example_topic_rclcpp' build argument 'ament_cmake_args' from command line to 'None'
[0.189s] Level 5:colcon.colcon_core.verb:set package 'example_topic_rclcpp' build argument 'catkin_cmake_args' from command line to 'None'
[0.189s] Level 5:colcon.colcon_core.verb:set package 'example_topic_rclcpp' build argument 'catkin_skip_building_tests' from command line to 'False'
[0.189s] DEBUG:colcon.colcon_core.verb:Building package 'example_topic_rclcpp' with the following arguments: {'ament_cmake_args': None, 'build_base': '/home/aurora/d2lros2/chapt3/chapt3_ws/build/example_topic_rclcpp', 'catkin_cmake_args': None, 'catkin_skip_building_tests': False, 'cmake_args': None, 'cmake_clean_cache': False, 'cmake_clean_first': False, 'cmake_force_configure': False, 'cmake_target': None, 'cmake_target_skip_unavailable': False, 'install_base': '/home/aurora/d2lros2/chapt3/chapt3_ws/install/example_topic_rclcpp', 'merge_install': False, 'path': '/home/aurora/d2lros2/chapt3/chapt3_ws/src/example_topic_rclcpp', 'symlink_install': False, 'test_result_base': None}
[0.189s] Level 5:colcon.colcon_core.verb:set package 'example_topic_rclpy' build argument 'cmake_args' from command line to 'None'
[0.189s] Level 5:colcon.colcon_core.verb:set package 'example_topic_rclpy' build argument 'cmake_target' from command line to 'None'
[0.189s] Level 5:colcon.colcon_core.verb:set package 'example_topic_rclpy' build argument 'cmake_target_skip_unavailable' from command line to 'False'
[0.189s] Level 5:colcon.colcon_core.verb:set package 'example_topic_rclpy' build argument 'cmake_clean_cache' from command line to 'False'
[0.189s] Level 5:colcon.colcon_core.verb:set package 'example_topic_rclpy' build argument 'cmake_clean_first' from command line to 'False'
[0.189s] Level 5:colcon.colcon_core.verb:set package 'example_topic_rclpy' build argument 'cmake_force_configure' from command line to 'False'
[0.189s] Level 5:colcon.colcon_core.verb:set package 'example_topic_rclpy' build argument 'ament_cmake_args' from command line to 'None'
[0.189s] Level 5:colcon.colcon_core.verb:set package 'example_topic_rclpy' build argument 'catkin_cmake_args' from command line to 'None'
[0.189s] Level 5:colcon.colcon_core.verb:set package 'example_topic_rclpy' build argument 'catkin_skip_building_tests' from command line to 'False'
[0.189s] DEBUG:colcon.colcon_core.verb:Building package 'example_topic_rclpy' with the following arguments: {'ament_cmake_args': None, 'build_base': '/home/aurora/d2lros2/chapt3/chapt3_ws/build/example_topic_rclpy', 'catkin_cmake_args': None, 'catkin_skip_building_tests': False, 'cmake_args': None, 'cmake_clean_cache': False, 'cmake_clean_first': False, 'cmake_force_configure': False, 'cmake_target': None, 'cmake_target_skip_unavailable': False, 'install_base': '/home/aurora/d2lros2/chapt3/chapt3_ws/install/example_topic_rclpy', 'merge_install': False, 'path': '/home/aurora/d2lros2/chapt3/chapt3_ws/src/example_topic_rclpy', 'symlink_install': False, 'test_result_base': None}
[0.189s] INFO:colcon.colcon_core.executor:Executing jobs using 'parallel' executor
[0.190s] DEBUG:colcon.colcon_parallel_executor.executor.parallel:run_until_complete
[0.190s] INFO:colcon.colcon_ros.task.ament_python.build:Building ROS package in '/home/aurora/d2lros2/chapt3/chapt3_ws/src/example_service_rclpy' with build type 'ament_python'
[0.190s] Level 1:colcon.colcon_core.shell:create_environment_hook('example_service_rclpy', 'ament_prefix_path')
[0.192s] INFO:colcon.colcon_core.plugin_system:Skipping extension 'colcon_core.shell.bat': Not used on non-Windows systems
[0.192s] INFO:colcon.colcon_core.shell:Creating environment hook '/home/aurora/d2lros2/chapt3/chapt3_ws/install/example_service_rclpy/share/example_service_rclpy/hook/ament_prefix_path.ps1'
[0.192s] INFO:colcon.colcon_core.shell:Creating environment descriptor '/home/aurora/d2lros2/chapt3/chapt3_ws/install/example_service_rclpy/share/example_service_rclpy/hook/ament_prefix_path.dsv'
[0.193s] INFO:colcon.colcon_core.shell:Creating environment hook '/home/aurora/d2lros2/chapt3/chapt3_ws/install/example_service_rclpy/share/example_service_rclpy/hook/ament_prefix_path.sh'
[0.193s] INFO:colcon.colcon_core.shell:Skip shell extension 'powershell' for command environment: Not usable outside of PowerShell
[0.193s] DEBUG:colcon.colcon_core.shell:Skip shell extension 'dsv' for command environment
[0.195s] INFO:colcon.colcon_ros.task.ament_cmake.build:Building ROS package in '/home/aurora/d2lros2/chapt3/chapt3_ws/src/example_topic_rclcpp' with build type 'ament_cmake'
[0.195s] INFO:colcon.colcon_cmake.task.cmake.build:Building CMake package in '/home/aurora/d2lros2/chapt3/chapt3_ws/src/example_topic_rclcpp'
[0.195s] INFO:colcon.colcon_core.shell:Skip shell extension 'powershell' for command environment: Not usable outside of PowerShell
[0.195s] DEBUG:colcon.colcon_core.shell:Skip shell extension 'dsv' for command environment
[0.197s] INFO:colcon.colcon_ros.task.ament_python.build:Building ROS package in '/home/aurora/d2lros2/chapt3/chapt3_ws/src/example_topic_rclpy' with build type 'ament_python'
[0.197s] Level 1:colcon.colcon_core.shell:create_environment_hook('example_topic_rclpy', 'ament_prefix_path')
[0.197s] INFO:colcon.colcon_core.shell:Creating environment hook '/home/aurora/d2lros2/chapt3/chapt3_ws/install/example_topic_rclpy/share/example_topic_rclpy/hook/ament_prefix_path.ps1'
[0.197s] INFO:colcon.colcon_core.shell:Creating environment descriptor '/home/aurora/d2lros2/chapt3/chapt3_ws/install/example_topic_rclpy/share/example_topic_rclpy/hook/ament_prefix_path.dsv'
[0.198s] INFO:colcon.colcon_core.shell:Creating environment hook '/home/aurora/d2lros2/chapt3/chapt3_ws/install/example_topic_rclpy/share/example_topic_rclpy/hook/ament_prefix_path.sh'
[0.198s] INFO:colcon.colcon_core.shell:Skip shell extension 'powershell' for command environment: Not usable outside of PowerShell
[0.198s] DEBUG:colcon.colcon_core.shell:Skip shell extension 'dsv' for command environment
[0.335s] INFO:colcon.colcon_core.task.python.build:Building Python package in '/home/aurora/d2lros2/chapt3/chapt3_ws/src/example_service_rclpy'
[0.336s] INFO:colcon.colcon_core.shell:Skip shell extension 'powershell' for command environment: Not usable outside of PowerShell
[0.336s] DEBUG:colcon.colcon_core.shell:Skip shell extension 'dsv' for command environment
[0.340s] DEBUG:colcon.colcon_core.event_handler.log_command:Invoking command in '/home/aurora/d2lros2/chapt3/chapt3_ws/build/example_topic_rclcpp': CMAKE_PREFIX_PATH=/opt/ros/humble /usr/bin/cmake --build /home/aurora/d2lros2/chapt3/chapt3_ws/build/example_topic_rclcpp -- -j24 -l24
[0.473s] INFO:colcon.colcon_core.task.python.build:Building Python package in '/home/aurora/d2lros2/chapt3/chapt3_ws/src/example_topic_rclpy'
[0.473s] INFO:colcon.colcon_core.shell:Skip shell extension 'powershell' for command environment: Not usable outside of PowerShell
[0.473s] DEBUG:colcon.colcon_core.shell:Skip shell extension 'dsv' for command environment
[0.629s] DEBUG:colcon.colcon_core.task.python.build:Available setuptools commands: alias, sdist, bdist, build_clib, build_py, install, setopt, develop, saveopts, install_headers, register, test, bdist_wheel, upload, clean, build, easy_install, upload_docs, bdist_rpm, symlink_data, install_lib, install_data, check, dist_info, rotate, install_scripts, build_scripts, bdist_egg, egg_info, install_egg_info, bdist_dumb, build_ext
[0.631s] DEBUG:colcon.colcon_core.event_handler.log_command:Invoking command in '/home/aurora/d2lros2/chapt3/chapt3_ws/src/example_topic_rclpy': PYTHONPATH=/home/aurora/d2lros2/chapt3/chapt3_ws/build/example_topic_rclpy/prefix_override:/usr/lib/python3/dist-packages/colcon_core/task/python/colcon_distutils_commands:/home/aurora/d2lros2/chapt3/chapt3_ws/install/example_topic_rclpy/lib/python3.10/site-packages:${PYTHONPATH} /usr/bin/python3 -W ignore:setup.py install is deprecated -W ignore:easy_install command is deprecated setup.py egg_info --egg-base ../../build/example_topic_rclpy build --build-base /home/aurora/d2lros2/chapt3/chapt3_ws/build/example_topic_rclpy/build install --record /home/aurora/d2lros2/chapt3/chapt3_ws/build/example_topic_rclpy/install.log --install-scripts $base/lib/example_topic_rclpy --single-version-externally-managed install_data
[0.640s] DEBUG:colcon.colcon_core.task.python.build:Available setuptools commands: alias, sdist, bdist, build_clib, build_py, install, setopt, develop, saveopts, install_headers, register, test, bdist_wheel, upload, clean, build, easy_install, upload_docs, bdist_rpm, symlink_data, install_lib, install_data, check, dist_info, rotate, install_scripts, build_scripts, bdist_egg, egg_info, install_egg_info, bdist_dumb, build_ext
[0.642s] DEBUG:colcon.colcon_core.event_handler.log_command:Invoking command in '/home/aurora/d2lros2/chapt3/chapt3_ws/src/example_service_rclpy': PYTHONPATH=/home/aurora/d2lros2/chapt3/chapt3_ws/build/example_service_rclpy/prefix_override:/usr/lib/python3/dist-packages/colcon_core/task/python/colcon_distutils_commands:/home/aurora/d2lros2/chapt3/chapt3_ws/install/example_service_rclpy/lib/python3.10/site-packages:${PYTHONPATH} /usr/bin/python3 -W ignore:setup.py install is deprecated -W ignore:easy_install command is deprecated setup.py egg_info --egg-base ../../build/example_service_rclpy build --build-base /home/aurora/d2lros2/chapt3/chapt3_ws/build/example_service_rclpy/build install --record /home/aurora/d2lros2/chapt3/chapt3_ws/build/example_service_rclpy/install.log --install-scripts $base/lib/example_service_rclpy --single-version-externally-managed install_data
[0.779s] DEBUG:colcon.colcon_core.event_handler.log_command:Invoked command in '/home/aurora/d2lros2/chapt3/chapt3_ws/src/example_service_rclpy' returned '0': PYTHONPATH=/home/aurora/d2lros2/chapt3/chapt3_ws/build/example_service_rclpy/prefix_override:/usr/lib/python3/dist-packages/colcon_core/task/python/colcon_distutils_commands:/home/aurora/d2lros2/chapt3/chapt3_ws/install/example_service_rclpy/lib/python3.10/site-packages:${PYTHONPATH} /usr/bin/python3 -W ignore:setup.py install is deprecated -W ignore:easy_install command is deprecated setup.py egg_info --egg-base ../../build/example_service_rclpy build --build-base /home/aurora/d2lros2/chapt3/chapt3_ws/build/example_service_rclpy/build install --record /home/aurora/d2lros2/chapt3/chapt3_ws/build/example_service_rclpy/install.log --install-scripts $base/lib/example_service_rclpy --single-version-externally-managed install_data
[0.781s] Level 1:colcon.colcon_core.environment:checking '/home/aurora/d2lros2/chapt3/chapt3_ws/install/example_service_rclpy' for CMake module files
[0.781s] Level 1:colcon.colcon_core.environment:checking '/home/aurora/d2lros2/chapt3/chapt3_ws/install/example_service_rclpy' for CMake config files
[0.782s] Level 1:colcon.colcon_core.environment:checking '/home/aurora/d2lros2/chapt3/chapt3_ws/install/example_service_rclpy/lib'
[0.782s] Level 1:colcon.colcon_core.environment:checking '/home/aurora/d2lros2/chapt3/chapt3_ws/install/example_service_rclpy/bin'
[0.782s] Level 1:colcon.colcon_core.environment:checking '/home/aurora/d2lros2/chapt3/chapt3_ws/install/example_service_rclpy/lib/pkgconfig/example_service_rclpy.pc'
[0.782s] Level 1:colcon.colcon_core.environment:checking '/home/aurora/d2lros2/chapt3/chapt3_ws/install/example_service_rclpy/lib/python3.10/site-packages'
[0.782s] Level 1:colcon.colcon_core.shell:create_environment_hook('example_service_rclpy', 'pythonpath')
[0.782s] INFO:colcon.colcon_core.shell:Creating environment hook '/home/aurora/d2lros2/chapt3/chapt3_ws/install/example_service_rclpy/share/example_service_rclpy/hook/pythonpath.ps1'
[0.783s] INFO:colcon.colcon_core.shell:Creating environment descriptor '/home/aurora/d2lros2/chapt3/chapt3_ws/install/example_service_rclpy/share/example_service_rclpy/hook/pythonpath.dsv'
[0.783s] INFO:colcon.colcon_core.shell:Creating environment hook '/home/aurora/d2lros2/chapt3/chapt3_ws/install/example_service_rclpy/share/example_service_rclpy/hook/pythonpath.sh'
[0.784s] Level 1:colcon.colcon_core.environment:checking '/home/aurora/d2lros2/chapt3/chapt3_ws/install/example_service_rclpy/bin'
[0.784s] Level 1:colcon.colcon_core.environment:create_environment_scripts_only(example_service_rclpy)
[0.784s] INFO:colcon.colcon_core.shell:Creating package script '/home/aurora/d2lros2/chapt3/chapt3_ws/install/example_service_rclpy/share/example_service_rclpy/package.ps1'
[0.785s] INFO:colcon.colcon_core.shell:Creating package descriptor '/home/aurora/d2lros2/chapt3/chapt3_ws/install/example_service_rclpy/share/example_service_rclpy/package.dsv'
[0.785s] INFO:colcon.colcon_core.shell:Creating package script '/home/aurora/d2lros2/chapt3/chapt3_ws/install/example_service_rclpy/share/example_service_rclpy/package.sh'
[0.786s] INFO:colcon.colcon_core.shell:Creating package script '/home/aurora/d2lros2/chapt3/chapt3_ws/install/example_service_rclpy/share/example_service_rclpy/package.bash'
[0.786s] INFO:colcon.colcon_core.shell:Creating package script '/home/aurora/d2lros2/chapt3/chapt3_ws/install/example_service_rclpy/share/example_service_rclpy/package.zsh'
[0.787s] Level 1:colcon.colcon_core.environment:create_file_with_runtime_dependencies(/home/aurora/d2lros2/chapt3/chapt3_ws/install/example_service_rclpy/share/colcon-core/packages/example_service_rclpy)
[0.789s] Level 1:colcon.colcon_core.environment:checking '/home/aurora/d2lros2/chapt3/chapt3_ws/install/example_topic_rclpy' for CMake module files
[0.789s] DEBUG:colcon.colcon_core.event_handler.log_command:Invoked command in '/home/aurora/d2lros2/chapt3/chapt3_ws/src/example_topic_rclpy' returned '0': PYTHONPATH=/home/aurora/d2lros2/chapt3/chapt3_ws/build/example_topic_rclpy/prefix_override:/usr/lib/python3/dist-packages/colcon_core/task/python/colcon_distutils_commands:/home/aurora/d2lros2/chapt3/chapt3_ws/install/example_topic_rclpy/lib/python3.10/site-packages:${PYTHONPATH} /usr/bin/python3 -W ignore:setup.py install is deprecated -W ignore:easy_install command is deprecated setup.py egg_info --egg-base ../../build/example_topic_rclpy build --build-base /home/aurora/d2lros2/chapt3/chapt3_ws/build/example_topic_rclpy/build install --record /home/aurora/d2lros2/chapt3/chapt3_ws/build/example_topic_rclpy/install.log --install-scripts $base/lib/example_topic_rclpy --single-version-externally-managed install_data
[0.790s] Level 1:colcon.colcon_core.environment:checking '/home/aurora/d2lros2/chapt3/chapt3_ws/install/example_topic_rclpy' for CMake config files
[0.790s] Level 1:colcon.colcon_core.environment:checking '/home/aurora/d2lros2/chapt3/chapt3_ws/install/example_topic_rclpy/lib'
[0.790s] Level 1:colcon.colcon_core.environment:checking '/home/aurora/d2lros2/chapt3/chapt3_ws/install/example_topic_rclpy/bin'
[0.790s] Level 1:colcon.colcon_core.environment:checking '/home/aurora/d2lros2/chapt3/chapt3_ws/install/example_topic_rclpy/lib/pkgconfig/example_topic_rclpy.pc'
[0.790s] Level 1:colcon.colcon_core.environment:checking '/home/aurora/d2lros2/chapt3/chapt3_ws/install/example_topic_rclpy/lib/python3.10/site-packages'
[0.790s] Level 1:colcon.colcon_core.shell:create_environment_hook('example_topic_rclpy', 'pythonpath')
[0.791s] INFO:colcon.colcon_core.shell:Creating environment hook '/home/aurora/d2lros2/chapt3/chapt3_ws/install/example_topic_rclpy/share/example_topic_rclpy/hook/pythonpath.ps1'
[0.791s] INFO:colcon.colcon_core.shell:Creating environment descriptor '/home/aurora/d2lros2/chapt3/chapt3_ws/install/example_topic_rclpy/share/example_topic_rclpy/hook/pythonpath.dsv'
[0.791s] INFO:colcon.colcon_core.shell:Creating environment hook '/home/aurora/d2lros2/chapt3/chapt3_ws/install/example_topic_rclpy/share/example_topic_rclpy/hook/pythonpath.sh'
[0.792s] Level 1:colcon.colcon_core.environment:checking '/home/aurora/d2lros2/chapt3/chapt3_ws/install/example_topic_rclpy/bin'
[0.792s] Level 1:colcon.colcon_core.environment:create_environment_scripts_only(example_topic_rclpy)
[0.792s] INFO:colcon.colcon_core.shell:Creating package script '/home/aurora/d2lros2/chapt3/chapt3_ws/install/example_topic_rclpy/share/example_topic_rclpy/package.ps1'
[0.793s] INFO:colcon.colcon_core.shell:Creating package descriptor '/home/aurora/d2lros2/chapt3/chapt3_ws/install/example_topic_rclpy/share/example_topic_rclpy/package.dsv'
[0.793s] INFO:colcon.colcon_core.shell:Creating package script '/home/aurora/d2lros2/chapt3/chapt3_ws/install/example_topic_rclpy/share/example_topic_rclpy/package.sh'
[0.793s] INFO:colcon.colcon_core.shell:Creating package script '/home/aurora/d2lros2/chapt3/chapt3_ws/install/example_topic_rclpy/share/example_topic_rclpy/package.bash'
[0.794s] INFO:colcon.colcon_core.shell:Creating package script '/home/aurora/d2lros2/chapt3/chapt3_ws/install/example_topic_rclpy/share/example_topic_rclpy/package.zsh'
[0.794s] Level 1:colcon.colcon_core.environment:create_file_with_runtime_dependencies(/home/aurora/d2lros2/chapt3/chapt3_ws/install/example_topic_rclpy/share/colcon-core/packages/example_topic_rclpy)
[2.490s] DEBUG:colcon.colcon_core.event_handler.log_command:Invoked command in '/home/aurora/d2lros2/chapt3/chapt3_ws/build/example_topic_rclcpp' returned '0': CMAKE_PREFIX_PATH=/opt/ros/humble /usr/bin/cmake --build /home/aurora/d2lros2/chapt3/chapt3_ws/build/example_topic_rclcpp -- -j24 -l24
[2.502s] DEBUG:colcon.colcon_core.event_handler.log_command:Invoking command in '/home/aurora/d2lros2/chapt3/chapt3_ws/build/example_topic_rclcpp': CMAKE_PREFIX_PATH=/opt/ros/humble /usr/bin/cmake --install /home/aurora/d2lros2/chapt3/chapt3_ws/build/example_topic_rclcpp
[2.514s] Level 1:colcon.colcon_core.environment:create_environment_scripts_only(example_topic_rclcpp)
[2.514s] DEBUG:colcon.colcon_core.event_handler.log_command:Invoked command in '/home/aurora/d2lros2/chapt3/chapt3_ws/build/example_topic_rclcpp' returned '0': CMAKE_PREFIX_PATH=/opt/ros/humble /usr/bin/cmake --install /home/aurora/d2lros2/chapt3/chapt3_ws/build/example_topic_rclcpp
[2.515s] Level 1:colcon.colcon_core.environment:checking '/home/aurora/d2lros2/chapt3/chapt3_ws/install/example_topic_rclcpp' for CMake module files
[2.515s] Level 1:colcon.colcon_core.environment:checking '/home/aurora/d2lros2/chapt3/chapt3_ws/install/example_topic_rclcpp' for CMake config files
[2.515s] Level 1:colcon.colcon_core.shell:create_environment_hook('example_topic_rclcpp', 'cmake_prefix_path')
[2.515s] INFO:colcon.colcon_core.shell:Creating environment hook '/home/aurora/d2lros2/chapt3/chapt3_ws/install/example_topic_rclcpp/share/example_topic_rclcpp/hook/cmake_prefix_path.ps1'
[2.515s] INFO:colcon.colcon_core.shell:Creating environment descriptor '/home/aurora/d2lros2/chapt3/chapt3_ws/install/example_topic_rclcpp/share/example_topic_rclcpp/hook/cmake_prefix_path.dsv'
[2.515s] INFO:colcon.colcon_core.shell:Creating environment hook '/home/aurora/d2lros2/chapt3/chapt3_ws/install/example_topic_rclcpp/share/example_topic_rclcpp/hook/cmake_prefix_path.sh'
[2.516s] Level 1:colcon.colcon_core.environment:checking '/home/aurora/d2lros2/chapt3/chapt3_ws/install/example_topic_rclcpp/lib'
[2.516s] Level 1:colcon.colcon_core.environment:checking '/home/aurora/d2lros2/chapt3/chapt3_ws/install/example_topic_rclcpp/bin'
[2.516s] Level 1:colcon.colcon_core.environment:checking '/home/aurora/d2lros2/chapt3/chapt3_ws/install/example_topic_rclcpp/lib/pkgconfig/example_topic_rclcpp.pc'
[2.516s] Level 1:colcon.colcon_core.environment:checking '/home/aurora/d2lros2/chapt3/chapt3_ws/install/example_topic_rclcpp/lib/python3.10/site-packages'
[2.516s] Level 1:colcon.colcon_core.environment:checking '/home/aurora/d2lros2/chapt3/chapt3_ws/install/example_topic_rclcpp/bin'
[2.516s] INFO:colcon.colcon_core.shell:Creating package script '/home/aurora/d2lros2/chapt3/chapt3_ws/install/example_topic_rclcpp/share/example_topic_rclcpp/package.ps1'
[2.516s] INFO:colcon.colcon_core.shell:Creating package descriptor '/home/aurora/d2lros2/chapt3/chapt3_ws/install/example_topic_rclcpp/share/example_topic_rclcpp/package.dsv'
[2.517s] INFO:colcon.colcon_core.shell:Creating package script '/home/aurora/d2lros2/chapt3/chapt3_ws/install/example_topic_rclcpp/share/example_topic_rclcpp/package.sh'
[2.517s] INFO:colcon.colcon_core.shell:Creating package script '/home/aurora/d2lros2/chapt3/chapt3_ws/install/example_topic_rclcpp/share/example_topic_rclcpp/package.bash'
[2.518s] INFO:colcon.colcon_core.shell:Creating package script '/home/aurora/d2lros2/chapt3/chapt3_ws/install/example_topic_rclcpp/share/example_topic_rclcpp/package.zsh'
[2.518s] Level 1:colcon.colcon_core.environment:create_file_with_runtime_dependencies(/home/aurora/d2lros2/chapt3/chapt3_ws/install/example_topic_rclcpp/share/colcon-core/packages/example_topic_rclcpp)
[2.519s] Level 1:colcon.colcon_core.environment:create_environment_scripts_only(example_topic_rclcpp)
[2.519s] Level 1:colcon.colcon_core.environment:checking '/home/aurora/d2lros2/chapt3/chapt3_ws/install/example_topic_rclcpp' for CMake module files
[2.519s] Level 1:colcon.colcon_core.environment:checking '/home/aurora/d2lros2/chapt3/chapt3_ws/install/example_topic_rclcpp' for CMake config files
[2.520s] Level 1:colcon.colcon_core.shell:create_environment_hook('example_topic_rclcpp', 'cmake_prefix_path')
[2.520s] INFO:colcon.colcon_core.shell:Creating environment hook '/home/aurora/d2lros2/chapt3/chapt3_ws/install/example_topic_rclcpp/share/example_topic_rclcpp/hook/cmake_prefix_path.ps1'
[2.520s] INFO:colcon.colcon_core.shell:Creating environment descriptor '/home/aurora/d2lros2/chapt3/chapt3_ws/install/example_topic_rclcpp/share/example_topic_rclcpp/hook/cmake_prefix_path.dsv'
[2.521s] INFO:colcon.colcon_core.shell:Creating environment hook '/home/aurora/d2lros2/chapt3/chapt3_ws/install/example_topic_rclcpp/share/example_topic_rclcpp/hook/cmake_prefix_path.sh'
[2.521s] Level 1:colcon.colcon_core.environment:checking '/home/aurora/d2lros2/chapt3/chapt3_ws/install/example_topic_rclcpp/lib'
[2.521s] Level 1:colcon.colcon_core.environment:checking '/home/aurora/d2lros2/chapt3/chapt3_ws/install/example_topic_rclcpp/bin'
[2.521s] Level 1:colcon.colcon_core.environment:checking '/home/aurora/d2lros2/chapt3/chapt3_ws/install/example_topic_rclcpp/lib/pkgconfig/example_topic_rclcpp.pc'
[2.522s] Level 1:colcon.colcon_core.environment:checking '/home/aurora/d2lros2/chapt3/chapt3_ws/install/example_topic_rclcpp/lib/python3.10/site-packages'
[2.522s] Level 1:colcon.colcon_core.environment:checking '/home/aurora/d2lros2/chapt3/chapt3_ws/install/example_topic_rclcpp/bin'
[2.522s] INFO:colcon.colcon_core.shell:Creating package script '/home/aurora/d2lros2/chapt3/chapt3_ws/install/example_topic_rclcpp/share/example_topic_rclcpp/package.ps1'
[2.523s] INFO:colcon.colcon_core.shell:Creating package descriptor '/home/aurora/d2lros2/chapt3/chapt3_ws/install/example_topic_rclcpp/share/example_topic_rclcpp/package.dsv'
[2.524s] INFO:colcon.colcon_core.shell:Creating package script '/home/aurora/d2lros2/chapt3/chapt3_ws/install/example_topic_rclcpp/share/example_topic_rclcpp/package.sh'
[2.524s] INFO:colcon.colcon_core.shell:Creating package script '/home/aurora/d2lros2/chapt3/chapt3_ws/install/example_topic_rclcpp/share/example_topic_rclcpp/package.bash'
[2.525s] INFO:colcon.colcon_core.shell:Creating package script '/home/aurora/d2lros2/chapt3/chapt3_ws/install/example_topic_rclcpp/share/example_topic_rclcpp/package.zsh'
[2.525s] Level 1:colcon.colcon_core.environment:create_file_with_runtime_dependencies(/home/aurora/d2lros2/chapt3/chapt3_ws/install/example_topic_rclcpp/share/colcon-core/packages/example_topic_rclcpp)
[2.526s] DEBUG:colcon.colcon_parallel_executor.executor.parallel:closing loop
[2.526s] DEBUG:colcon.colcon_parallel_executor.executor.parallel:loop closed
[2.526s] DEBUG:colcon.colcon_parallel_executor.executor.parallel:run_until_complete finished with '0'
[2.526s] DEBUG:colcon.colcon_core.event_reactor:joining thread
[2.531s] INFO:colcon.colcon_core.plugin_system:Skipping extension 'colcon_notification.desktop_notification.terminal_notifier': Not used on non-Darwin systems
[2.531s] INFO:colcon.colcon_core.plugin_system:Skipping extension 'colcon_notification.desktop_notification.win32': Not used on non-Windows systems
[2.531s] INFO:colcon.colcon_notification.desktop_notification:Sending desktop notification using 'notify2'
[2.546s] DEBUG:colcon.colcon_core.event_reactor:joined thread
[2.546s] INFO:colcon.colcon_core.shell:Creating prefix script '/home/aurora/d2lros2/chapt3/chapt3_ws/install/local_setup.ps1'
[2.548s] INFO:colcon.colcon_core.shell:Creating prefix util module '/home/aurora/d2lros2/chapt3/chapt3_ws/install/_local_setup_util_ps1.py'
[2.549s] INFO:colcon.colcon_core.shell:Creating prefix chain script '/home/aurora/d2lros2/chapt3/chapt3_ws/install/setup.ps1'
[2.550s] INFO:colcon.colcon_core.shell:Creating prefix script '/home/aurora/d2lros2/chapt3/chapt3_ws/install/local_setup.sh'
[2.550s] INFO:colcon.colcon_core.shell:Creating prefix util module '/home/aurora/d2lros2/chapt3/chapt3_ws/install/_local_setup_util_sh.py'
[2.551s] INFO:colcon.colcon_core.shell:Creating prefix chain script '/home/aurora/d2lros2/chapt3/chapt3_ws/install/setup.sh'
[2.552s] INFO:colcon.colcon_core.shell:Creating prefix script '/home/aurora/d2lros2/chapt3/chapt3_ws/install/local_setup.bash'
[2.552s] INFO:colcon.colcon_core.shell:Creating prefix chain script '/home/aurora/d2lros2/chapt3/chapt3_ws/install/setup.bash'
[2.553s] INFO:colcon.colcon_core.shell:Creating prefix script '/home/aurora/d2lros2/chapt3/chapt3_ws/install/local_setup.zsh'
[2.553s] INFO:colcon.colcon_core.shell:Creating prefix chain script '/home/aurora/d2lros2/chapt3/chapt3_ws/install/setup.zsh'
