[0.007s] Invoking command in '/home/aurora/d2lros2/chapt3/chapt3_ws/build/example_topic_rclcpp': CMAKE_PREFIX_PATH=/home/aurora/d2lros2/chapt3/chapt3_ws/install/example_topic_rclpy:/opt/ros/humble /usr/bin/cmake --build /home/aurora/d2lros2/chapt3/chapt3_ws/build/example_topic_rclcpp -- -j24 -l24
[0.037s] [35m[1mConsolidate compiler generated dependencies of target topic_publisher_01[0m
[0.048s] [ 50%] [32mBuilding CXX object CMakeFiles/topic_publisher_01.dir/src/topic_publisher_01.cpp.o[0m
[1.338s] [100%] [32m[1mLinking CXX executable topic_publisher_01[0m
[1.418s] [100%] Built target topic_publisher_01
[1.426s] Invoked command in '/home/aurora/d2lros2/chapt3/chapt3_ws/build/example_topic_rclcpp' returned '0': CMAKE_PREFIX_PATH=/home/aurora/d2lros2/chapt3/chapt3_ws/install/example_topic_rclpy:/opt/ros/humble /usr/bin/cmake --build /home/aurora/d2lros2/chapt3/chapt3_ws/build/example_topic_rclcpp -- -j24 -l24
[1.437s] Invoking command in '/home/aurora/d2lros2/chapt3/chapt3_ws/build/example_topic_rclcpp': CMAKE_PREFIX_PATH=/home/aurora/d2lros2/chapt3/chapt3_ws/install/example_topic_rclpy:/opt/ros/humble /usr/bin/cmake --install /home/aurora/d2lros2/chapt3/chapt3_ws/build/example_topic_rclcpp
[1.446s] -- Install configuration: ""
[1.447s] -- Installing: /home/aurora/d2lros2/chapt3/chapt3_ws/install/example_topic_rclcpp/share/ament_index/resource_index/package_run_dependencies/example_topic_rclcpp
[1.447s] -- Installing: /home/aurora/d2lros2/chapt3/chapt3_ws/install/example_topic_rclcpp/share/ament_index/resource_index/parent_prefix_path/example_topic_rclcpp
[1.447s] -- Installing: /home/aurora/d2lros2/chapt3/chapt3_ws/install/example_topic_rclcpp/share/example_topic_rclcpp/environment/ament_prefix_path.sh
[1.447s] -- Installing: /home/aurora/d2lros2/chapt3/chapt3_ws/install/example_topic_rclcpp/share/example_topic_rclcpp/environment/ament_prefix_path.dsv
[1.447s] -- Installing: /home/aurora/d2lros2/chapt3/chapt3_ws/install/example_topic_rclcpp/share/example_topic_rclcpp/environment/path.sh
[1.447s] -- Installing: /home/aurora/d2lros2/chapt3/chapt3_ws/install/example_topic_rclcpp/share/example_topic_rclcpp/environment/path.dsv
[1.447s] -- Installing: /home/aurora/d2lros2/chapt3/chapt3_ws/install/example_topic_rclcpp/share/example_topic_rclcpp/local_setup.bash
[1.447s] -- Installing: /home/aurora/d2lros2/chapt3/chapt3_ws/install/example_topic_rclcpp/share/example_topic_rclcpp/local_setup.sh
[1.447s] -- Installing: /home/aurora/d2lros2/chapt3/chapt3_ws/install/example_topic_rclcpp/share/example_topic_rclcpp/local_setup.zsh
[1.447s] -- Installing: /home/aurora/d2lros2/chapt3/chapt3_ws/install/example_topic_rclcpp/share/example_topic_rclcpp/local_setup.dsv
[1.447s] -- Installing: /home/aurora/d2lros2/chapt3/chapt3_ws/install/example_topic_rclcpp/share/example_topic_rclcpp/package.dsv
[1.447s] -- Installing: /home/aurora/d2lros2/chapt3/chapt3_ws/install/example_topic_rclcpp/share/ament_index/resource_index/packages/example_topic_rclcpp
[1.448s] -- Installing: /home/aurora/d2lros2/chapt3/chapt3_ws/install/example_topic_rclcpp/share/example_topic_rclcpp/cmake/example_topic_rclcppConfig.cmake
[1.448s] -- Installing: /home/aurora/d2lros2/chapt3/chapt3_ws/install/example_topic_rclcpp/share/example_topic_rclcpp/cmake/example_topic_rclcppConfig-version.cmake
[1.448s] -- Installing: /home/aurora/d2lros2/chapt3/chapt3_ws/install/example_topic_rclcpp/share/example_topic_rclcpp/package.xml
[1.448s] -- Installing: /home/aurora/d2lros2/chapt3/chapt3_ws/install/example_topic_rclcpp/lib/example_topic_rclcpp/topic_publisher_01
[1.448s] -- Set runtime path of "/home/aurora/d2lros2/chapt3/chapt3_ws/install/example_topic_rclcpp/lib/example_topic_rclcpp/topic_publisher_01" to ""
[1.450s] Invoked command in '/home/aurora/d2lros2/chapt3/chapt3_ws/build/example_topic_rclcpp' returned '0': CMAKE_PREFIX_PATH=/home/aurora/d2lros2/chapt3/chapt3_ws/install/example_topic_rclpy:/opt/ros/humble /usr/bin/cmake --install /home/aurora/d2lros2/chapt3/chapt3_ws/build/example_topic_rclcpp
