[0.008s] Invoking command in '/home/aurora/d2lros2/chapt4/chapt4_ws/build/robot_control_interfaces': CMAKE_PREFIX_PATH=/opt/ros/humble /usr/bin/cmake --build /home/aurora/d2lros2/chapt4/chapt4_ws/build/robot_control_interfaces -- -j24 -l24
[0.039s] [35m[1mConsolidate compiler generated dependencies of target robot_control_interfaces__rosidl_generator_c[0m
[0.046s] [  9%] Built target robot_control_interfaces__rosidl_generator_c
[0.050s] [ 15%] Built target robot_control_interfaces__rs
[0.050s] [ 15%] Built target robot_control_interfaces__cpp
[0.051s] [ 15%] Built target ament_cmake_python_copy_robot_control_interfaces
[0.051s] [35m[1mConsolidate compiler generated dependencies of target robot_control_interfaces__rosidl_typesupport_introspection_c[0m
[0.051s] [35m[1mConsolidate compiler generated dependencies of target robot_control_interfaces__rosidl_typesupport_c[0m
[0.053s] [35m[1mConsolidate compiler generated dependencies of target robot_control_interfaces__rosidl_typesupport_fastrtps_c[0m
[0.056s] [ 25%] Built target robot_control_interfaces__rosidl_typesupport_introspection_c
[0.056s] [35m[1mConsolidate compiler generated dependencies of target robot_control_interfaces__rosidl_typesupport_cpp[0m
[0.056s] [35m[1mConsolidate compiler generated dependencies of target robot_control_interfaces__rosidl_typesupport_fastrtps_cpp[0m
[0.058s] [35m[1mConsolidate compiler generated dependencies of target robot_control_interfaces__rosidl_typesupport_introspection_cpp[0m
[0.059s] [ 34%] Built target robot_control_interfaces__rosidl_typesupport_c
[0.063s] [ 43%] Built target robot_control_interfaces__rosidl_typesupport_fastrtps_c
[0.063s] [ 53%] Built target robot_control_interfaces__rosidl_typesupport_cpp
[0.066s] [ 62%] Built target robot_control_interfaces__rosidl_typesupport_introspection_cpp
[0.066s] [ 71%] Built target robot_control_interfaces__rosidl_typesupport_fastrtps_cpp
[0.079s] [ 71%] Built target robot_control_interfaces
[0.094s] [ 75%] Built target robot_control_interfaces__py
[0.102s] [35m[1mConsolidate compiler generated dependencies of target robot_control_interfaces__rosidl_generator_py[0m
[0.111s] [ 81%] Built target robot_control_interfaces__rosidl_generator_py
[0.119s] [35m[1mConsolidate compiler generated dependencies of target robot_control_interfaces__rosidl_typesupport_fastrtps_c__pyext[0m
[0.119s] [35m[1mConsolidate compiler generated dependencies of target robot_control_interfaces__rosidl_typesupport_c__pyext[0m
[0.119s] [35m[1mConsolidate compiler generated dependencies of target robot_control_interfaces__rosidl_typesupport_introspection_c__pyext[0m
[0.129s] [ 87%] Built target robot_control_interfaces__rosidl_typesupport_fastrtps_c__pyext
[0.129s] [100%] Built target robot_control_interfaces__rosidl_typesupport_introspection_c__pyext
[0.129s] [100%] Built target robot_control_interfaces__rosidl_typesupport_c__pyext
[0.162s] running egg_info
[0.162s] writing robot_control_interfaces.egg-info/PKG-INFO
[0.162s] writing dependency_links to robot_control_interfaces.egg-info/dependency_links.txt
[0.162s] writing top-level names to robot_control_interfaces.egg-info/top_level.txt
[0.163s] reading manifest file 'robot_control_interfaces.egg-info/SOURCES.txt'
[0.163s] writing manifest file 'robot_control_interfaces.egg-info/SOURCES.txt'
[0.178s] [100%] Built target ament_cmake_python_build_robot_control_interfaces_egg
[0.186s] Invoked command in '/home/aurora/d2lros2/chapt4/chapt4_ws/build/robot_control_interfaces' returned '0': CMAKE_PREFIX_PATH=/opt/ros/humble /usr/bin/cmake --build /home/aurora/d2lros2/chapt4/chapt4_ws/build/robot_control_interfaces -- -j24 -l24
[0.192s] Invoking command in '/home/aurora/d2lros2/chapt4/chapt4_ws/build/robot_control_interfaces': CMAKE_PREFIX_PATH=/opt/ros/humble /usr/bin/cmake --install /home/aurora/d2lros2/chapt4/chapt4_ws/build/robot_control_interfaces
[0.197s] -- Install configuration: ""
[0.197s] -- Up-to-date: /home/aurora/d2lros2/chapt4/chapt4_ws/install/robot_control_interfaces/share/ament_index/resource_index/rosidl_interfaces/robot_control_interfaces
[0.197s] -- Up-to-date: /home/aurora/d2lros2/chapt4/chapt4_ws/install/robot_control_interfaces/include/robot_control_interfaces/robot_control_interfaces
[0.197s] -- Up-to-date: /home/aurora/d2lros2/chapt4/chapt4_ws/install/robot_control_interfaces/include/robot_control_interfaces/robot_control_interfaces/action
[0.198s] -- Up-to-date: /home/aurora/d2lros2/chapt4/chapt4_ws/install/robot_control_interfaces/include/robot_control_interfaces/robot_control_interfaces/action/detail
[0.198s] -- Up-to-date: /home/aurora/d2lros2/chapt4/chapt4_ws/install/robot_control_interfaces/include/robot_control_interfaces/robot_control_interfaces/action/detail/move_robot__functions.h
[0.198s] -- Up-to-date: /home/aurora/d2lros2/chapt4/chapt4_ws/install/robot_control_interfaces/include/robot_control_interfaces/robot_control_interfaces/action/detail/move_robot__type_support.h
[0.198s] -- Up-to-date: /home/aurora/d2lros2/chapt4/chapt4_ws/install/robot_control_interfaces/include/robot_control_interfaces/robot_control_interfaces/action/detail/move_robot__struct.h
[0.198s] -- Up-to-date: /home/aurora/d2lros2/chapt4/chapt4_ws/install/robot_control_interfaces/include/robot_control_interfaces/robot_control_interfaces/action/detail/move_robot__functions.c
[0.198s] -- Up-to-date: /home/aurora/d2lros2/chapt4/chapt4_ws/install/robot_control_interfaces/include/robot_control_interfaces/robot_control_interfaces/action/move_robot.h
[0.198s] -- Up-to-date: /home/aurora/d2lros2/chapt4/chapt4_ws/install/robot_control_interfaces/include/robot_control_interfaces/robot_control_interfaces/msg
[0.198s] -- Up-to-date: /home/aurora/d2lros2/chapt4/chapt4_ws/install/robot_control_interfaces/include/robot_control_interfaces/robot_control_interfaces/msg/rosidl_generator_c__visibility_control.h
[0.198s] -- Up-to-date: /home/aurora/d2lros2/chapt4/chapt4_ws/install/robot_control_interfaces/share/robot_control_interfaces/environment/library_path.sh
[0.198s] -- Up-to-date: /home/aurora/d2lros2/chapt4/chapt4_ws/install/robot_control_interfaces/share/robot_control_interfaces/environment/library_path.dsv
[0.198s] -- Up-to-date: /home/aurora/d2lros2/chapt4/chapt4_ws/install/robot_control_interfaces/lib/librobot_control_interfaces__rosidl_generator_c.so
[0.198s] -- Up-to-date: /home/aurora/d2lros2/chapt4/chapt4_ws/install/robot_control_interfaces/include/robot_control_interfaces/robot_control_interfaces
[0.198s] -- Up-to-date: /home/aurora/d2lros2/chapt4/chapt4_ws/install/robot_control_interfaces/include/robot_control_interfaces/robot_control_interfaces/action
[0.198s] -- Up-to-date: /home/aurora/d2lros2/chapt4/chapt4_ws/install/robot_control_interfaces/include/robot_control_interfaces/robot_control_interfaces/action/detail
[0.198s] -- Up-to-date: /home/aurora/d2lros2/chapt4/chapt4_ws/install/robot_control_interfaces/include/robot_control_interfaces/robot_control_interfaces/action/detail/move_robot__rosidl_typesupport_fastrtps_c.h
[0.198s] -- Up-to-date: /home/aurora/d2lros2/chapt4/chapt4_ws/install/robot_control_interfaces/include/robot_control_interfaces/robot_control_interfaces/msg
[0.198s] -- Up-to-date: /home/aurora/d2lros2/chapt4/chapt4_ws/install/robot_control_interfaces/include/robot_control_interfaces/robot_control_interfaces/msg/rosidl_typesupport_fastrtps_c__visibility_control.h
[0.198s] -- Up-to-date: /home/aurora/d2lros2/chapt4/chapt4_ws/install/robot_control_interfaces/lib/librobot_control_interfaces__rosidl_typesupport_fastrtps_c.so
[0.198s] -- Up-to-date: /home/aurora/d2lros2/chapt4/chapt4_ws/install/robot_control_interfaces/include/robot_control_interfaces/robot_control_interfaces
[0.198s] -- Up-to-date: /home/aurora/d2lros2/chapt4/chapt4_ws/install/robot_control_interfaces/include/robot_control_interfaces/robot_control_interfaces/action
[0.198s] -- Up-to-date: /home/aurora/d2lros2/chapt4/chapt4_ws/install/robot_control_interfaces/include/robot_control_interfaces/robot_control_interfaces/action/detail
[0.198s] -- Up-to-date: /home/aurora/d2lros2/chapt4/chapt4_ws/install/robot_control_interfaces/include/robot_control_interfaces/robot_control_interfaces/action/detail/move_robot__rosidl_typesupport_introspection_c.h
[0.198s] -- Up-to-date: /home/aurora/d2lros2/chapt4/chapt4_ws/install/robot_control_interfaces/include/robot_control_interfaces/robot_control_interfaces/action/detail/move_robot__type_support.c
[0.198s] -- Up-to-date: /home/aurora/d2lros2/chapt4/chapt4_ws/install/robot_control_interfaces/include/robot_control_interfaces/robot_control_interfaces/msg
[0.199s] -- Up-to-date: /home/aurora/d2lros2/chapt4/chapt4_ws/install/robot_control_interfaces/include/robot_control_interfaces/robot_control_interfaces/msg/rosidl_typesupport_introspection_c__visibility_control.h
[0.199s] -- Up-to-date: /home/aurora/d2lros2/chapt4/chapt4_ws/install/robot_control_interfaces/lib/librobot_control_interfaces__rosidl_typesupport_introspection_c.so
[0.199s] -- Up-to-date: /home/aurora/d2lros2/chapt4/chapt4_ws/install/robot_control_interfaces/lib/librobot_control_interfaces__rosidl_typesupport_c.so
[0.199s] -- Up-to-date: /home/aurora/d2lros2/chapt4/chapt4_ws/install/robot_control_interfaces/include/robot_control_interfaces/robot_control_interfaces
[0.199s] -- Up-to-date: /home/aurora/d2lros2/chapt4/chapt4_ws/install/robot_control_interfaces/include/robot_control_interfaces/robot_control_interfaces/action
[0.199s] -- Up-to-date: /home/aurora/d2lros2/chapt4/chapt4_ws/install/robot_control_interfaces/include/robot_control_interfaces/robot_control_interfaces/action/detail
[0.199s] -- Up-to-date: /home/aurora/d2lros2/chapt4/chapt4_ws/install/robot_control_interfaces/include/robot_control_interfaces/robot_control_interfaces/action/detail/move_robot__traits.hpp
[0.199s] -- Up-to-date: /home/aurora/d2lros2/chapt4/chapt4_ws/install/robot_control_interfaces/include/robot_control_interfaces/robot_control_interfaces/action/detail/move_robot__struct.hpp
[0.199s] -- Up-to-date: /home/aurora/d2lros2/chapt4/chapt4_ws/install/robot_control_interfaces/include/robot_control_interfaces/robot_control_interfaces/action/detail/move_robot__builder.hpp
[0.199s] -- Up-to-date: /home/aurora/d2lros2/chapt4/chapt4_ws/install/robot_control_interfaces/include/robot_control_interfaces/robot_control_interfaces/action/detail/move_robot__type_support.hpp
[0.199s] -- Up-to-date: /home/aurora/d2lros2/chapt4/chapt4_ws/install/robot_control_interfaces/include/robot_control_interfaces/robot_control_interfaces/action/move_robot.hpp
[0.199s] -- Up-to-date: /home/aurora/d2lros2/chapt4/chapt4_ws/install/robot_control_interfaces/include/robot_control_interfaces/robot_control_interfaces/msg
[0.199s] -- Up-to-date: /home/aurora/d2lros2/chapt4/chapt4_ws/install/robot_control_interfaces/include/robot_control_interfaces/robot_control_interfaces/msg/rosidl_generator_cpp__visibility_control.hpp
[0.199s] -- Up-to-date: /home/aurora/d2lros2/chapt4/chapt4_ws/install/robot_control_interfaces/include/robot_control_interfaces/robot_control_interfaces
[0.199s] -- Up-to-date: /home/aurora/d2lros2/chapt4/chapt4_ws/install/robot_control_interfaces/include/robot_control_interfaces/robot_control_interfaces/action
[0.199s] -- Up-to-date: /home/aurora/d2lros2/chapt4/chapt4_ws/install/robot_control_interfaces/include/robot_control_interfaces/robot_control_interfaces/action/detail
[0.199s] -- Up-to-date: /home/aurora/d2lros2/chapt4/chapt4_ws/install/robot_control_interfaces/include/robot_control_interfaces/robot_control_interfaces/action/detail/dds_fastrtps
[0.199s] -- Up-to-date: /home/aurora/d2lros2/chapt4/chapt4_ws/install/robot_control_interfaces/include/robot_control_interfaces/robot_control_interfaces/action/detail/move_robot__rosidl_typesupport_fastrtps_cpp.hpp
[0.199s] -- Up-to-date: /home/aurora/d2lros2/chapt4/chapt4_ws/install/robot_control_interfaces/include/robot_control_interfaces/robot_control_interfaces/msg
[0.199s] -- Up-to-date: /home/aurora/d2lros2/chapt4/chapt4_ws/install/robot_control_interfaces/include/robot_control_interfaces/robot_control_interfaces/msg/rosidl_typesupport_fastrtps_cpp__visibility_control.h
[0.199s] -- Up-to-date: /home/aurora/d2lros2/chapt4/chapt4_ws/install/robot_control_interfaces/lib/librobot_control_interfaces__rosidl_typesupport_fastrtps_cpp.so
[0.199s] -- Up-to-date: /home/aurora/d2lros2/chapt4/chapt4_ws/install/robot_control_interfaces/include/robot_control_interfaces/robot_control_interfaces
[0.199s] -- Up-to-date: /home/aurora/d2lros2/chapt4/chapt4_ws/install/robot_control_interfaces/include/robot_control_interfaces/robot_control_interfaces/action
[0.199s] -- Up-to-date: /home/aurora/d2lros2/chapt4/chapt4_ws/install/robot_control_interfaces/include/robot_control_interfaces/robot_control_interfaces/action/detail
[0.199s] -- Up-to-date: /home/aurora/d2lros2/chapt4/chapt4_ws/install/robot_control_interfaces/include/robot_control_interfaces/robot_control_interfaces/action/detail/move_robot__type_support.cpp
[0.199s] -- Up-to-date: /home/aurora/d2lros2/chapt4/chapt4_ws/install/robot_control_interfaces/include/robot_control_interfaces/robot_control_interfaces/action/detail/move_robot__rosidl_typesupport_introspection_cpp.hpp
[0.199s] -- Up-to-date: /home/aurora/d2lros2/chapt4/chapt4_ws/install/robot_control_interfaces/lib/librobot_control_interfaces__rosidl_typesupport_introspection_cpp.so
[0.199s] -- Up-to-date: /home/aurora/d2lros2/chapt4/chapt4_ws/install/robot_control_interfaces/lib/librobot_control_interfaces__rosidl_typesupport_cpp.so
[0.199s] -- Up-to-date: /home/aurora/d2lros2/chapt4/chapt4_ws/install/robot_control_interfaces/share/robot_control_interfaces/environment/pythonpath.sh
[0.199s] -- Up-to-date: /home/aurora/d2lros2/chapt4/chapt4_ws/install/robot_control_interfaces/share/robot_control_interfaces/environment/pythonpath.dsv
[0.199s] -- Up-to-date: /home/aurora/d2lros2/chapt4/chapt4_ws/install/robot_control_interfaces/local/lib/python3.10/dist-packages/robot_control_interfaces-0.0.0-py3.10.egg-info
[0.199s] -- Installing: /home/aurora/d2lros2/chapt4/chapt4_ws/install/robot_control_interfaces/local/lib/python3.10/dist-packages/robot_control_interfaces-0.0.0-py3.10.egg-info/PKG-INFO
[0.199s] -- Installing: /home/aurora/d2lros2/chapt4/chapt4_ws/install/robot_control_interfaces/local/lib/python3.10/dist-packages/robot_control_interfaces-0.0.0-py3.10.egg-info/SOURCES.txt
[0.199s] -- Installing: /home/aurora/d2lros2/chapt4/chapt4_ws/install/robot_control_interfaces/local/lib/python3.10/dist-packages/robot_control_interfaces-0.0.0-py3.10.egg-info/top_level.txt
[0.199s] -- Installing: /home/aurora/d2lros2/chapt4/chapt4_ws/install/robot_control_interfaces/local/lib/python3.10/dist-packages/robot_control_interfaces-0.0.0-py3.10.egg-info/dependency_links.txt
[0.199s] -- Up-to-date: /home/aurora/d2lros2/chapt4/chapt4_ws/install/robot_control_interfaces/local/lib/python3.10/dist-packages/robot_control_interfaces
[0.199s] -- Up-to-date: /home/aurora/d2lros2/chapt4/chapt4_ws/install/robot_control_interfaces/local/lib/python3.10/dist-packages/robot_control_interfaces/robot_control_interfaces_s__rosidl_typesupport_fastrtps_c.cpython-310-x86_64-linux-gnu.so
[0.200s] -- Up-to-date: /home/aurora/d2lros2/chapt4/chapt4_ws/install/robot_control_interfaces/local/lib/python3.10/dist-packages/robot_control_interfaces/_robot_control_interfaces_s.ep.rosidl_typesupport_introspection_c.c
[0.200s] -- Up-to-date: /home/aurora/d2lros2/chapt4/chapt4_ws/install/robot_control_interfaces/local/lib/python3.10/dist-packages/robot_control_interfaces/action
[0.200s] -- Up-to-date: /home/aurora/d2lros2/chapt4/chapt4_ws/install/robot_control_interfaces/local/lib/python3.10/dist-packages/robot_control_interfaces/action/__init__.py
[0.200s] -- Up-to-date: /home/aurora/d2lros2/chapt4/chapt4_ws/install/robot_control_interfaces/local/lib/python3.10/dist-packages/robot_control_interfaces/action/_move_robot_s.c
[0.200s] -- Up-to-date: /home/aurora/d2lros2/chapt4/chapt4_ws/install/robot_control_interfaces/local/lib/python3.10/dist-packages/robot_control_interfaces/action/_move_robot.py
[0.200s] -- Up-to-date: /home/aurora/d2lros2/chapt4/chapt4_ws/install/robot_control_interfaces/local/lib/python3.10/dist-packages/robot_control_interfaces/robot_control_interfaces_s__rosidl_typesupport_c.cpython-310-x86_64-linux-gnu.so
[0.200s] -- Up-to-date: /home/aurora/d2lros2/chapt4/chapt4_ws/install/robot_control_interfaces/local/lib/python3.10/dist-packages/robot_control_interfaces/robot_control_interfaces_s__rosidl_typesupport_introspection_c.cpython-310-x86_64-linux-gnu.so
[0.200s] -- Up-to-date: /home/aurora/d2lros2/chapt4/chapt4_ws/install/robot_control_interfaces/local/lib/python3.10/dist-packages/robot_control_interfaces/__init__.py
[0.200s] -- Up-to-date: /home/aurora/d2lros2/chapt4/chapt4_ws/install/robot_control_interfaces/local/lib/python3.10/dist-packages/robot_control_interfaces/librobot_control_interfaces__rosidl_generator_py.so
[0.200s] -- Up-to-date: /home/aurora/d2lros2/chapt4/chapt4_ws/install/robot_control_interfaces/local/lib/python3.10/dist-packages/robot_control_interfaces/_robot_control_interfaces_s.ep.rosidl_typesupport_c.c
[0.200s] -- Up-to-date: /home/aurora/d2lros2/chapt4/chapt4_ws/install/robot_control_interfaces/local/lib/python3.10/dist-packages/robot_control_interfaces/_robot_control_interfaces_s.ep.rosidl_typesupport_fastrtps_c.c
[0.215s] Listing '/home/aurora/d2lros2/chapt4/chapt4_ws/install/robot_control_interfaces/local/lib/python3.10/dist-packages/robot_control_interfaces'...
[0.216s] Listing '/home/aurora/d2lros2/chapt4/chapt4_ws/install/robot_control_interfaces/local/lib/python3.10/dist-packages/robot_control_interfaces/action'...
[0.218s] -- Up-to-date: /home/aurora/d2lros2/chapt4/chapt4_ws/install/robot_control_interfaces/local/lib/python3.10/dist-packages/robot_control_interfaces/robot_control_interfaces_s__rosidl_typesupport_fastrtps_c.cpython-310-x86_64-linux-gnu.so
[0.218s] -- Up-to-date: /home/aurora/d2lros2/chapt4/chapt4_ws/install/robot_control_interfaces/local/lib/python3.10/dist-packages/robot_control_interfaces/robot_control_interfaces_s__rosidl_typesupport_introspection_c.cpython-310-x86_64-linux-gnu.so
[0.218s] -- Up-to-date: /home/aurora/d2lros2/chapt4/chapt4_ws/install/robot_control_interfaces/local/lib/python3.10/dist-packages/robot_control_interfaces/robot_control_interfaces_s__rosidl_typesupport_c.cpython-310-x86_64-linux-gnu.so
[0.218s] -- Up-to-date: /home/aurora/d2lros2/chapt4/chapt4_ws/install/robot_control_interfaces/lib/librobot_control_interfaces__rosidl_generator_py.so
[0.218s] -- Up-to-date: /home/aurora/d2lros2/chapt4/chapt4_ws/install/robot_control_interfaces/share/robot_control_interfaces/rust
[0.219s] -- Up-to-date: /home/aurora/d2lros2/chapt4/chapt4_ws/install/robot_control_interfaces/share/robot_control_interfaces/rust/src
[0.219s] -- Up-to-date: /home/aurora/d2lros2/chapt4/chapt4_ws/install/robot_control_interfaces/share/robot_control_interfaces/rust/src/action.rs
[0.219s] -- Up-to-date: /home/aurora/d2lros2/chapt4/chapt4_ws/install/robot_control_interfaces/share/robot_control_interfaces/rust/src/action
[0.219s] -- Up-to-date: /home/aurora/d2lros2/chapt4/chapt4_ws/install/robot_control_interfaces/share/robot_control_interfaces/rust/src/action/rmw.rs
[0.219s] -- Up-to-date: /home/aurora/d2lros2/chapt4/chapt4_ws/install/robot_control_interfaces/share/robot_control_interfaces/rust/src/lib.rs
[0.219s] -- Up-to-date: /home/aurora/d2lros2/chapt4/chapt4_ws/install/robot_control_interfaces/share/robot_control_interfaces/rust/Cargo.toml
[0.219s] -- Up-to-date: /home/aurora/d2lros2/chapt4/chapt4_ws/install/robot_control_interfaces/share/robot_control_interfaces/rust/build.rs
[0.219s] -- Up-to-date: /home/aurora/d2lros2/chapt4/chapt4_ws/install/robot_control_interfaces/share/robot_control_interfaces/action/MoveRobot.idl
[0.219s] -- Up-to-date: /home/aurora/d2lros2/chapt4/chapt4_ws/install/robot_control_interfaces/share/robot_control_interfaces/action/MoveRobot.action
[0.219s] -- Up-to-date: /home/aurora/d2lros2/chapt4/chapt4_ws/install/robot_control_interfaces/share/ament_index/resource_index/package_run_dependencies/robot_control_interfaces
[0.219s] -- Up-to-date: /home/aurora/d2lros2/chapt4/chapt4_ws/install/robot_control_interfaces/share/ament_index/resource_index/parent_prefix_path/robot_control_interfaces
[0.219s] -- Up-to-date: /home/aurora/d2lros2/chapt4/chapt4_ws/install/robot_control_interfaces/share/robot_control_interfaces/environment/ament_prefix_path.sh
[0.219s] -- Up-to-date: /home/aurora/d2lros2/chapt4/chapt4_ws/install/robot_control_interfaces/share/robot_control_interfaces/environment/ament_prefix_path.dsv
[0.220s] -- Up-to-date: /home/aurora/d2lros2/chapt4/chapt4_ws/install/robot_control_interfaces/share/robot_control_interfaces/environment/path.sh
[0.220s] -- Up-to-date: /home/aurora/d2lros2/chapt4/chapt4_ws/install/robot_control_interfaces/share/robot_control_interfaces/environment/path.dsv
[0.220s] -- Up-to-date: /home/aurora/d2lros2/chapt4/chapt4_ws/install/robot_control_interfaces/share/robot_control_interfaces/local_setup.bash
[0.220s] -- Up-to-date: /home/aurora/d2lros2/chapt4/chapt4_ws/install/robot_control_interfaces/share/robot_control_interfaces/local_setup.sh
[0.220s] -- Up-to-date: /home/aurora/d2lros2/chapt4/chapt4_ws/install/robot_control_interfaces/share/robot_control_interfaces/local_setup.zsh
[0.220s] -- Up-to-date: /home/aurora/d2lros2/chapt4/chapt4_ws/install/robot_control_interfaces/share/robot_control_interfaces/local_setup.dsv
[0.220s] -- Installing: /home/aurora/d2lros2/chapt4/chapt4_ws/install/robot_control_interfaces/share/robot_control_interfaces/package.dsv
[0.220s] -- Up-to-date: /home/aurora/d2lros2/chapt4/chapt4_ws/install/robot_control_interfaces/share/ament_index/resource_index/packages/robot_control_interfaces
[0.220s] -- Up-to-date: /home/aurora/d2lros2/chapt4/chapt4_ws/install/robot_control_interfaces/share/robot_control_interfaces/cmake/export_robot_control_interfaces__rosidl_generator_cExport.cmake
[0.220s] -- Up-to-date: /home/aurora/d2lros2/chapt4/chapt4_ws/install/robot_control_interfaces/share/robot_control_interfaces/cmake/export_robot_control_interfaces__rosidl_generator_cExport-noconfig.cmake
[0.221s] -- Up-to-date: /home/aurora/d2lros2/chapt4/chapt4_ws/install/robot_control_interfaces/share/robot_control_interfaces/cmake/export_robot_control_interfaces__rosidl_typesupport_fastrtps_cExport.cmake
[0.221s] -- Up-to-date: /home/aurora/d2lros2/chapt4/chapt4_ws/install/robot_control_interfaces/share/robot_control_interfaces/cmake/export_robot_control_interfaces__rosidl_typesupport_fastrtps_cExport-noconfig.cmake
[0.221s] -- Up-to-date: /home/aurora/d2lros2/chapt4/chapt4_ws/install/robot_control_interfaces/share/robot_control_interfaces/cmake/robot_control_interfaces__rosidl_typesupport_introspection_cExport.cmake
[0.221s] -- Up-to-date: /home/aurora/d2lros2/chapt4/chapt4_ws/install/robot_control_interfaces/share/robot_control_interfaces/cmake/robot_control_interfaces__rosidl_typesupport_introspection_cExport-noconfig.cmake
[0.222s] -- Up-to-date: /home/aurora/d2lros2/chapt4/chapt4_ws/install/robot_control_interfaces/share/robot_control_interfaces/cmake/robot_control_interfaces__rosidl_typesupport_cExport.cmake
[0.222s] -- Up-to-date: /home/aurora/d2lros2/chapt4/chapt4_ws/install/robot_control_interfaces/share/robot_control_interfaces/cmake/robot_control_interfaces__rosidl_typesupport_cExport-noconfig.cmake
[0.222s] -- Up-to-date: /home/aurora/d2lros2/chapt4/chapt4_ws/install/robot_control_interfaces/share/robot_control_interfaces/cmake/export_robot_control_interfaces__rosidl_generator_cppExport.cmake
[0.222s] -- Up-to-date: /home/aurora/d2lros2/chapt4/chapt4_ws/install/robot_control_interfaces/share/robot_control_interfaces/cmake/export_robot_control_interfaces__rosidl_typesupport_fastrtps_cppExport.cmake
[0.222s] -- Up-to-date: /home/aurora/d2lros2/chapt4/chapt4_ws/install/robot_control_interfaces/share/robot_control_interfaces/cmake/export_robot_control_interfaces__rosidl_typesupport_fastrtps_cppExport-noconfig.cmake
[0.222s] -- Up-to-date: /home/aurora/d2lros2/chapt4/chapt4_ws/install/robot_control_interfaces/share/robot_control_interfaces/cmake/robot_control_interfaces__rosidl_typesupport_introspection_cppExport.cmake
[0.222s] -- Up-to-date: /home/aurora/d2lros2/chapt4/chapt4_ws/install/robot_control_interfaces/share/robot_control_interfaces/cmake/robot_control_interfaces__rosidl_typesupport_introspection_cppExport-noconfig.cmake
[0.222s] -- Up-to-date: /home/aurora/d2lros2/chapt4/chapt4_ws/install/robot_control_interfaces/share/robot_control_interfaces/cmake/robot_control_interfaces__rosidl_typesupport_cppExport.cmake
[0.223s] -- Up-to-date: /home/aurora/d2lros2/chapt4/chapt4_ws/install/robot_control_interfaces/share/robot_control_interfaces/cmake/robot_control_interfaces__rosidl_typesupport_cppExport-noconfig.cmake
[0.223s] -- Up-to-date: /home/aurora/d2lros2/chapt4/chapt4_ws/install/robot_control_interfaces/share/robot_control_interfaces/cmake/export_robot_control_interfaces__rosidl_generator_pyExport.cmake
[0.223s] -- Up-to-date: /home/aurora/d2lros2/chapt4/chapt4_ws/install/robot_control_interfaces/share/robot_control_interfaces/cmake/export_robot_control_interfaces__rosidl_generator_pyExport-noconfig.cmake
[0.223s] -- Up-to-date: /home/aurora/d2lros2/chapt4/chapt4_ws/install/robot_control_interfaces/share/robot_control_interfaces/cmake/rosidl_cmake-extras.cmake
[0.223s] -- Up-to-date: /home/aurora/d2lros2/chapt4/chapt4_ws/install/robot_control_interfaces/share/robot_control_interfaces/cmake/ament_cmake_export_dependencies-extras.cmake
[0.223s] -- Up-to-date: /home/aurora/d2lros2/chapt4/chapt4_ws/install/robot_control_interfaces/share/robot_control_interfaces/cmake/ament_cmake_export_include_directories-extras.cmake
[0.223s] -- Up-to-date: /home/aurora/d2lros2/chapt4/chapt4_ws/install/robot_control_interfaces/share/robot_control_interfaces/cmake/ament_cmake_export_libraries-extras.cmake
[0.223s] -- Up-to-date: /home/aurora/d2lros2/chapt4/chapt4_ws/install/robot_control_interfaces/share/robot_control_interfaces/cmake/ament_cmake_export_targets-extras.cmake
[0.224s] -- Up-to-date: /home/aurora/d2lros2/chapt4/chapt4_ws/install/robot_control_interfaces/share/robot_control_interfaces/cmake/rosidl_cmake_export_typesupport_targets-extras.cmake
[0.224s] -- Up-to-date: /home/aurora/d2lros2/chapt4/chapt4_ws/install/robot_control_interfaces/share/robot_control_interfaces/cmake/rosidl_cmake_export_typesupport_libraries-extras.cmake
[0.224s] -- Up-to-date: /home/aurora/d2lros2/chapt4/chapt4_ws/install/robot_control_interfaces/share/robot_control_interfaces/cmake/rosidl_cmake_aggregate_target-extras.cmake
[0.224s] -- Up-to-date: /home/aurora/d2lros2/chapt4/chapt4_ws/install/robot_control_interfaces/share/robot_control_interfaces/cmake/robot_control_interfacesConfig.cmake
[0.225s] -- Up-to-date: /home/aurora/d2lros2/chapt4/chapt4_ws/install/robot_control_interfaces/share/robot_control_interfaces/cmake/robot_control_interfacesConfig-version.cmake
[0.225s] -- Up-to-date: /home/aurora/d2lros2/chapt4/chapt4_ws/install/robot_control_interfaces/share/robot_control_interfaces/package.xml
[0.225s] Invoked command in '/home/aurora/d2lros2/chapt4/chapt4_ws/build/robot_control_interfaces' returned '0': CMAKE_PREFIX_PATH=/opt/ros/humble /usr/bin/cmake --install /home/aurora/d2lros2/chapt4/chapt4_ws/build/robot_control_interfaces
