[0.409s] Invoking command in '/home/aurora/d2lros2/chapt3/chapt3_ws/build/example_interfaces_rclpy': CMAKE_PREFIX_PATH=/home/aurora/d2lros2/chapt3/chapt3_ws/install/example_ros2_interfaces:/home/aurora/d2lros2/chapt3/chapt3_ws/install/example_topic_rclcpp PYTHONPATH=/home/aurora/d2lros2/chapt3/chapt3_ws/build/example_interfaces_rclpy/prefix_override:/usr/lib/python3/dist-packages/colcon_core/task/python/colcon_distutils_commands:/home/aurora/d2lros2/chapt3/chapt3_ws/install/example_interfaces_rclpy/lib/python3.10/site-packages:${PYTHONPATH} /usr/bin/python3 -W ignore:setup.py install is deprecated -W ignore:easy_install command is deprecated setup.py develop --editable --build-directory /home/aurora/d2lros2/chapt3/chapt3_ws/build/example_interfaces_rclpy/build --no-deps symlink_data --force
[0.539s] running develop
[0.603s] running egg_info
[0.603s] writing example_interfaces_rclpy.egg-info/PKG-INFO
[0.603s] writing dependency_links to example_interfaces_rclpy.egg-info/dependency_links.txt
[0.603s] writing entry points to example_interfaces_rclpy.egg-info/entry_points.txt
[0.604s] writing requirements to example_interfaces_rclpy.egg-info/requires.txt
[0.604s] writing top-level names to example_interfaces_rclpy.egg-info/top_level.txt
[0.604s] reading manifest file 'example_interfaces_rclpy.egg-info/SOURCES.txt'
[0.605s] writing manifest file 'example_interfaces_rclpy.egg-info/SOURCES.txt'
[0.605s] running build_ext
[0.605s] Creating /home/aurora/d2lros2/chapt3/chapt3_ws/install/example_interfaces_rclpy/lib/python3.10/site-packages/example-interfaces-rclpy.egg-link (link to .)
[0.606s] Installing example_interfaces_control_02 script to /home/aurora/d2lros2/chapt3/chapt3_ws/install/example_interfaces_rclpy/lib/example_interfaces_rclpy
[0.606s] Installing example_interfaces_robot_02 script to /home/aurora/d2lros2/chapt3/chapt3_ws/install/example_interfaces_rclpy/lib/example_interfaces_rclpy
[0.606s] 
[0.606s] Installed /home/aurora/d2lros2/chapt3/chapt3_ws/build/example_interfaces_rclpy
[0.606s] running symlink_data
[0.606s] symbolically linking /home/aurora/d2lros2/chapt3/chapt3_ws/build/example_interfaces_rclpy/resource/example_interfaces_rclpy -> /home/aurora/d2lros2/chapt3/chapt3_ws/install/example_interfaces_rclpy/share/ament_index/resource_index/packages
[0.606s] symbolically linking /home/aurora/d2lros2/chapt3/chapt3_ws/build/example_interfaces_rclpy/package.xml -> /home/aurora/d2lros2/chapt3/chapt3_ws/install/example_interfaces_rclpy/share/example_interfaces_rclpy
[0.620s] Invoked command in '/home/aurora/d2lros2/chapt3/chapt3_ws/build/example_interfaces_rclpy' returned '0': CMAKE_PREFIX_PATH=/home/aurora/d2lros2/chapt3/chapt3_ws/install/example_ros2_interfaces:/home/aurora/d2lros2/chapt3/chapt3_ws/install/example_topic_rclcpp PYTHONPATH=/home/aurora/d2lros2/chapt3/chapt3_ws/build/example_interfaces_rclpy/prefix_override:/usr/lib/python3/dist-packages/colcon_core/task/python/colcon_distutils_commands:/home/aurora/d2lros2/chapt3/chapt3_ws/install/example_interfaces_rclpy/lib/python3.10/site-packages:${PYTHONPATH} /usr/bin/python3 -W ignore:setup.py install is deprecated -W ignore:easy_install command is deprecated setup.py develop --editable --build-directory /home/aurora/d2lros2/chapt3/chapt3_ws/build/example_interfaces_rclpy/build --no-deps symlink_data --force
