[01m[K/home/aurora/d2lros2/chapt3/chapt3_ws/src/example_topic_rclcpp/src/topic_publisher_01.cpp:10:2:[m[K [01;31m[Kerror: [m[Kexpected ‘[01m[K;[m[K’ after class definition
   10 | }
      |  [01;31m[K^[m[K
      |  [32m[K;[m[K
[01m[K/home/aurora/d2lros2/chapt3/chapt3_ws/src/example_topic_rclcpp/src/topic_publisher_01.cpp:[m[K In constructor ‘[01m[KTopicPublisher01::TopicPublisher01(std::string)[m[K’:
[01m[K/home/aurora/d2lros2/chapt3/chapt3_ws/src/example_topic_rclcpp/src/topic_publisher_01.cpp:6:40:[m[K [01;31m[Kerror: [m[K‘[01m[Kname[m[K’ was not declared in this scope; did you mean ‘[01m[Krosidl_generator_traits::name[m[K’?
    6 |     TopicPublisher01(std::string):Node([01;31m[Kname[m[K)
      |                                        [01;31m[K^~~~[m[K
      |                                        [32m[Krosidl_generator_traits::name[m[K
In file included from [01m[K/opt/ros/humble/include/builtin_interfaces/builtin_interfaces/msg/detail/duration__traits.hpp:15[m[K,
                 from [01m[K/opt/ros/humble/include/builtin_interfaces/builtin_interfaces/msg/duration.hpp:9[m[K,
                 from [01m[K/opt/ros/humble/include/rclcpp/rclcpp/duration.hpp:20[m[K,
                 from [01m[K/opt/ros/humble/include/rclcpp/rclcpp/qos.hpp:20[m[K,
                 from [01m[K/opt/ros/humble/include/rclcpp/rclcpp/node_interfaces/node_graph_interface.hpp:33[m[K,
                 from [01m[K/opt/ros/humble/include/rclcpp/rclcpp/client.hpp:42[m[K,
                 from [01m[K/opt/ros/humble/include/rclcpp/rclcpp/callback_group.hpp:24[m[K,
                 from [01m[K/opt/ros/humble/include/rclcpp/rclcpp/any_executable.hpp:20[m[K,
                 from [01m[K/opt/ros/humble/include/rclcpp/rclcpp/memory_strategy.hpp:25[m[K,
                 from [01m[K/opt/ros/humble/include/rclcpp/rclcpp/memory_strategies.hpp:18[m[K,
                 from [01m[K/opt/ros/humble/include/rclcpp/rclcpp/executor_options.hpp:20[m[K,
                 from [01m[K/opt/ros/humble/include/rclcpp/rclcpp/executor.hpp:37[m[K,
                 from [01m[K/opt/ros/humble/include/rclcpp/rclcpp/executors/multi_threaded_executor.hpp:25[m[K,
                 from [01m[K/opt/ros/humble/include/rclcpp/rclcpp/executors.hpp:21[m[K,
                 from [01m[K/opt/ros/humble/include/rclcpp/rclcpp/rclcpp.hpp:155[m[K,
                 from [01m[K/home/aurora/d2lros2/chapt3/chapt3_ws/src/example_topic_rclcpp/src/topic_publisher_01.cpp:1[m[K:
[01m[K/opt/ros/humble/include/rosidl_runtime_cpp/rosidl_runtime_cpp/traits.hpp:156:21:[m[K [01;36m[Knote: [m[K‘[01m[Krosidl_generator_traits::name[m[K’ declared here
  156 | inline const char * [01;36m[Kname[m[K();
      |                     [01;36m[K^~~~[m[K
gmake[2]: *** [CMakeFiles/topic_publisher_01.dir/build.make:76：CMakeFiles/topic_publisher_01.dir/src/topic_publisher_01.cpp.o] 错误 1
gmake[1]: *** [CMakeFiles/Makefile2:137：CMakeFiles/topic_publisher_01.dir/all] 错误 2
gmake: *** [Makefile:146：all] 错误 2
