[0.005s] Invoking command in '/home/aurora/d2lros2/chapt3/chapt3_ws/build/example_topic_rclcpp': CMAKE_PREFIX_PATH=/home/aurora/d2lros2/chapt3/chapt3_ws/install/example_topic_rclpy:/opt/ros/humble /usr/bin/cmake /home/aurora/d2lros2/chapt3/chapt3_ws/src/example_topic_rclcpp -DCMAKE_INSTALL_PREFIX=/home/aurora/d2lros2/chapt3/chapt3_ws/install/example_topic_rclcpp
[0.082s] -- The C compiler identification is GNU 11.4.0
[0.143s] -- The CXX compiler identification is GNU 11.4.0
[0.150s] -- Detecting C compiler ABI info
[0.199s] -- Detecting C compiler ABI info - done
[0.205s] -- Check for working C compiler: /usr/bin/cc - skipped
[0.205s] -- Detecting C compile features
[0.206s] -- Detecting C compile features - done
[0.209s] -- Detecting CXX compiler ABI info
[0.280s] -- Detecting CXX compiler ABI info - done
[0.285s] -- Check for working CXX compiler: /usr/bin/c++ - skipped
[0.285s] -- Detecting CXX compile features
[0.285s] -- Detecting CXX compile features - done
[0.295s] -- Found ament_cmake: 1.3.14 (/opt/ros/humble/share/ament_cmake/cmake)
[0.432s] -- Found Python3: /usr/bin/python3 (found version "3.10.12") found components: Interpreter 
[0.506s] -- Found rclcpp: 16.0.21 (/opt/ros/humble/share/rclcpp/cmake)
[0.556s] -- Found rosidl_generator_c: 3.1.9 (/opt/ros/humble/share/rosidl_generator_c/cmake)
[0.559s] -- Found rosidl_adapter: 3.1.9 (/opt/ros/humble/share/rosidl_adapter/cmake)
[0.565s] -- Found rosidl_generator_cpp: 3.1.9 (/opt/ros/humble/share/rosidl_generator_cpp/cmake)
[0.574s] -- Using all available rosidl_typesupport_c: rosidl_typesupport_fastrtps_c;rosidl_typesupport_introspection_c
[0.584s] -- Using all available rosidl_typesupport_cpp: rosidl_typesupport_fastrtps_cpp;rosidl_typesupport_introspection_cpp
[0.612s] -- Found rmw_implementation_cmake: 6.1.4 (/opt/ros/humble/share/rmw_implementation_cmake/cmake)
[0.614s] -- Found rmw_fastrtps_cpp: 6.2.10 (/opt/ros/humble/share/rmw_fastrtps_cpp/cmake)
[0.692s] -- Found OpenSSL: /usr/lib/x86_64-linux-gnu/libcrypto.so (found version "3.0.2")  
[0.724s] -- Found FastRTPS: /opt/ros/humble/include  
[0.760s] -- Using RMW implementation 'rmw_fastrtps_cpp' as default
[0.771s] -- Looking for pthread.h
[0.859s] -- Looking for pthread.h - found
[0.860s] -- Performing Test CMAKE_HAVE_LIBC_PTHREAD
[0.949s] -- Performing Test CMAKE_HAVE_LIBC_PTHREAD - Success
[0.951s] -- Found Threads: TRUE  
[1.002s] -- Found ament_lint_auto: 0.12.15 (/opt/ros/humble/share/ament_lint_auto/cmake)
[1.049s] -- Added test 'cppcheck' to perform static code analysis on C / C++ code
[1.049s] -- Configured cppcheck include dirs: 
[1.049s] -- Configured cppcheck exclude dirs and/or files: 
[1.050s] -- Added test 'lint_cmake' to check CMake code style
[1.050s] -- Added test 'uncrustify' to check C / C++ code style
[1.050s] -- Configured uncrustify additional arguments: 
[1.051s] -- Added test 'xmllint' to check XML markup files
[1.052s] -- Configuring done
[1.056s] -- Generating done
[1.058s] -- Build files have been written to: /home/aurora/d2lros2/chapt3/chapt3_ws/build/example_topic_rclcpp
[1.064s] Invoked command in '/home/aurora/d2lros2/chapt3/chapt3_ws/build/example_topic_rclcpp' returned '0': CMAKE_PREFIX_PATH=/home/aurora/d2lros2/chapt3/chapt3_ws/install/example_topic_rclpy:/opt/ros/humble /usr/bin/cmake /home/aurora/d2lros2/chapt3/chapt3_ws/src/example_topic_rclcpp -DCMAKE_INSTALL_PREFIX=/home/aurora/d2lros2/chapt3/chapt3_ws/install/example_topic_rclcpp
[1.064s] Invoking command in '/home/aurora/d2lros2/chapt3/chapt3_ws/build/example_topic_rclcpp': CMAKE_PREFIX_PATH=/home/aurora/d2lros2/chapt3/chapt3_ws/install/example_topic_rclpy:/opt/ros/humble /usr/bin/cmake --build /home/aurora/d2lros2/chapt3/chapt3_ws/build/example_topic_rclcpp -- -j24 -l24
[1.114s] [ 50%] [32mBuilding CXX object CMakeFiles/topic_publisher_01.dir/src/topic_publisher_01.cpp.o[0m
[2.360s] [01m[K/home/aurora/d2lros2/chapt3/chapt3_ws/src/example_topic_rclcpp/src/topic_publisher_01.cpp:10:2:[m[K [01;31m[Kerror: [m[Kexpected ‘[01m[K;[m[K’ after class definition
[2.360s]    10 | }
[2.360s]       |  [01;31m[K^[m[K
[2.360s]       |  [32m[K;[m[K
[2.360s] [01m[K/home/aurora/d2lros2/chapt3/chapt3_ws/src/example_topic_rclcpp/src/topic_publisher_01.cpp:[m[K In constructor ‘[01m[KTopicPublisher01::TopicPublisher01(std::string)[m[K’:
[2.360s] [01m[K/home/aurora/d2lros2/chapt3/chapt3_ws/src/example_topic_rclcpp/src/topic_publisher_01.cpp:6:40:[m[K [01;31m[Kerror: [m[K‘[01m[Kname[m[K’ was not declared in this scope; did you mean ‘[01m[Krosidl_generator_traits::name[m[K’?
[2.360s]     6 |     TopicPublisher01(std::string):Node([01;31m[Kname[m[K)
[2.360s]       |                                        [01;31m[K^~~~[m[K
[2.360s]       |                                        [32m[Krosidl_generator_traits::name[m[K
[2.360s] In file included from [01m[K/opt/ros/humble/include/builtin_interfaces/builtin_interfaces/msg/detail/duration__traits.hpp:15[m[K,
[2.360s]                  from [01m[K/opt/ros/humble/include/builtin_interfaces/builtin_interfaces/msg/duration.hpp:9[m[K,
[2.360s]                  from [01m[K/opt/ros/humble/include/rclcpp/rclcpp/duration.hpp:20[m[K,
[2.360s]                  from [01m[K/opt/ros/humble/include/rclcpp/rclcpp/qos.hpp:20[m[K,
[2.360s]                  from [01m[K/opt/ros/humble/include/rclcpp/rclcpp/node_interfaces/node_graph_interface.hpp:33[m[K,
[2.361s]                  from [01m[K/opt/ros/humble/include/rclcpp/rclcpp/client.hpp:42[m[K,
[2.361s]                  from [01m[K/opt/ros/humble/include/rclcpp/rclcpp/callback_group.hpp:24[m[K,
[2.361s]                  from [01m[K/opt/ros/humble/include/rclcpp/rclcpp/any_executable.hpp:20[m[K,
[2.361s]                  from [01m[K/opt/ros/humble/include/rclcpp/rclcpp/memory_strategy.hpp:25[m[K,
[2.361s]                  from [01m[K/opt/ros/humble/include/rclcpp/rclcpp/memory_strategies.hpp:18[m[K,
[2.361s]                  from [01m[K/opt/ros/humble/include/rclcpp/rclcpp/executor_options.hpp:20[m[K,
[2.361s]                  from [01m[K/opt/ros/humble/include/rclcpp/rclcpp/executor.hpp:37[m[K,
[2.361s]                  from [01m[K/opt/ros/humble/include/rclcpp/rclcpp/executors/multi_threaded_executor.hpp:25[m[K,
[2.361s]                  from [01m[K/opt/ros/humble/include/rclcpp/rclcpp/executors.hpp:21[m[K,
[2.361s]                  from [01m[K/opt/ros/humble/include/rclcpp/rclcpp/rclcpp.hpp:155[m[K,
[2.361s]                  from [01m[K/home/aurora/d2lros2/chapt3/chapt3_ws/src/example_topic_rclcpp/src/topic_publisher_01.cpp:1[m[K:
[2.361s] [01m[K/opt/ros/humble/include/rosidl_runtime_cpp/rosidl_runtime_cpp/traits.hpp:156:21:[m[K [01;36m[Knote: [m[K‘[01m[Krosidl_generator_traits::name[m[K’ declared here
[2.361s]   156 | inline const char * [01;36m[Kname[m[K();
[2.361s]       |                     [01;36m[K^~~~[m[K
[2.572s] gmake[2]: *** [CMakeFiles/topic_publisher_01.dir/build.make:76：CMakeFiles/topic_publisher_01.dir/src/topic_publisher_01.cpp.o] 错误 1
[2.572s] gmake[1]: *** [CMakeFiles/Makefile2:137：CMakeFiles/topic_publisher_01.dir/all] 错误 2
[2.572s] gmake: *** [Makefile:146：all] 错误 2
[2.575s] Invoked command in '/home/aurora/d2lros2/chapt3/chapt3_ws/build/example_topic_rclcpp' returned '2': CMAKE_PREFIX_PATH=/home/aurora/d2lros2/chapt3/chapt3_ws/install/example_topic_rclpy:/opt/ros/humble /usr/bin/cmake --build /home/aurora/d2lros2/chapt3/chapt3_ws/build/example_topic_rclcpp -- -j24 -l24
