[0.004s] Invoking command in '/home/aurora/d2lros2/chapt3/chapt3_ws/build/example_ros2_interfaces': CMAKE_PREFIX_PATH=/opt/ros/humble /usr/bin/cmake /home/aurora/d2lros2/chapt3/chapt3_ws/src/example_ros2_interfaces -DCMAKE_INSTALL_PREFIX=/home/aurora/d2lros2/chapt3/chapt3_ws/install/example_ros2_interfaces
[0.015s] -- Found ament_cmake: 1.3.14 (/opt/ros/humble/share/ament_cmake/cmake)
[0.085s] -- Found rosidl_default_generators: 1.2.1 (/opt/ros/humble/share/rosidl_default_generators/cmake)
[0.085s] -- Using all available rosidl_typesupport_c: rosidl_typesupport_fastrtps_c;rosidl_typesupport_introspection_c
[0.087s] -- Found rosidl_adapter: 3.1.9 (/opt/ros/humble/share/rosidl_adapter/cmake)
[0.101s] -- Using all available rosidl_typesupport_cpp: rosidl_typesupport_fastrtps_cpp;rosidl_typesupport_introspection_cpp
[0.115s] -- Found geometry_msgs: 4.9.2 (/opt/ros/humble/share/geometry_msgs/cmake)
[0.134s] -- Found ament_lint_auto: 0.12.15 (/opt/ros/humble/share/ament_lint_auto/cmake)
[0.282s] [31mCMake Error at /opt/ros/humble/share/rosidl_adapter/cmake/rosidl_adapt_interfaces.cmake:59 (message):
[0.282s]   execute_process(/usr/bin/python3 -m rosidl_adapter --package-name
[0.282s]   example_ros2_interfaces --arguments-file
[0.282s]   /home/aurora/d2lros2/chapt3/chapt3_ws/build/example_ros2_interfaces/rosidl_adapter__arguments__example_ros2_interfaces.json
[0.282s]   --output-dir
[0.282s]   /home/aurora/d2lros2/chapt3/chapt3_ws/build/example_ros2_interfaces/rosidl_adapter/example_ros2_interfaces
[0.282s]   --output-file
[0.282s]   /home/aurora/d2lros2/chapt3/chapt3_ws/build/example_ros2_interfaces/rosidl_adapter/example_ros2_interfaces.idls)
[0.282s]   returned error code 1:
[0.282s] 
[0.282s]   Error processing 'geometry_msgs/pose pose' of
[0.282s]   'example_ros2_interfaces/RobotPose': ''pose' is an invalid message name.
[0.282s]   It should have the pattern '^[A-Z][A-Za-z0-9]*$''
[0.282s] 
[0.283s]   Traceback (most recent call last):
[0.283s] 
[0.283s]     File "/usr/lib/python3.10/runpy.py", line 196, in _run_module_as_main
[0.283s]       return _run_code(code, main_globals, None,
[0.283s]     File "/usr/lib/python3.10/runpy.py", line 86, in _run_code
[0.283s]       exec(code, run_globals)
[0.283s]     File "/opt/ros/humble/local/lib/python3.10/dist-packages/rosidl_adapter/__main__.py", line 19, in <module>
[0.283s]       sys.exit(main())
[0.283s]     File "/opt/ros/humble/local/lib/python3.10/dist-packages/rosidl_adapter/main.py", line 53, in main
[0.283s]       abs_idl_file = convert_to_idl(
[0.283s]     File "/opt/ros/humble/local/lib/python3.10/dist-packages/rosidl_adapter/__init__.py", line 19, in convert_to_idl
[0.283s]       return convert_msg_to_idl(
[0.283s]     File "/opt/ros/humble/local/lib/python3.10/dist-packages/rosidl_adapter/msg/__init__.py", line 28, in convert_msg_to_idl
[0.283s]       msg = parse_message_string(package_name, input_file.stem, content)
[0.283s]     File "/opt/ros/humble/local/lib/python3.10/dist-packages/rosidl_adapter/parser.py", line 520, in parse_message_string
[0.283s]       Type(type_string, context_package_name=pkg_name),
[0.283s]     File "/opt/ros/humble/local/lib/python3.10/dist-packages/rosidl_adapter/parser.py", line 277, in __init__
[0.283s]       super(Type, self).__init__(
[0.283s]     File "/opt/ros/humble/local/lib/python3.10/dist-packages/rosidl_adapter/parser.py", line 205, in __init__
[0.283s]       raise InvalidResourceName(
[0.283s] 
[0.283s]   rosidl_adapter.parser.InvalidResourceName: 'pose' is an invalid message
[0.283s]   name.  It should have the pattern '^[A-Z][A-Za-z0-9]*$'
[0.283s] 
[0.283s] Call Stack (most recent call first):
[0.283s]   /opt/ros/humble/share/rosidl_cmake/cmake/rosidl_generate_interfaces.cmake:130 (rosidl_adapt_interfaces)
[0.283s]   CMakeLists.txt:25 (rosidl_generate_interfaces)
[0.283s] 
[0.283s] [0m
[0.283s] -- Configuring incomplete, errors occurred!
[0.283s] See also "/home/aurora/d2lros2/chapt3/chapt3_ws/build/example_ros2_interfaces/CMakeFiles/CMakeOutput.log".
[0.286s] Invoked command in '/home/aurora/d2lros2/chapt3/chapt3_ws/build/example_ros2_interfaces' returned '1': CMAKE_PREFIX_PATH=/opt/ros/humble /usr/bin/cmake /home/aurora/d2lros2/chapt3/chapt3_ws/src/example_ros2_interfaces -DCMAKE_INSTALL_PREFIX=/home/aurora/d2lros2/chapt3/chapt3_ws/install/example_ros2_interfaces
