[0.006s] Invoking command in '/home/aurora/d2lros2/chapt3/chapt3_ws/build/example_topic_rclcpp': CMAKE_PREFIX_PATH=${CMAKE_PREFIX_PATH}:/home/aurora/d2lros2/chapt3/chapt3_ws/install/example_topic_rclpy:/opt/ros/humble /usr/bin/cmake --build /home/aurora/d2lros2/chapt3/chapt3_ws/build/example_topic_rclcpp -- -j24 -l24
[0.023s] -- Found ament_cmake: 1.3.14 (/opt/ros/humble/share/ament_cmake/cmake)
[0.095s] -- Found rclcpp: 16.0.21 (/opt/ros/humble/share/rclcpp/cmake)
[0.109s] -- Found rosidl_generator_c: 3.1.9 (/opt/ros/humble/share/rosidl_generator_c/cmake)
[0.111s] -- Found rosidl_adapter: 3.1.9 (/opt/ros/humble/share/rosidl_adapter/cmake)
[0.114s] -- Found rosidl_generator_cpp: 3.1.9 (/opt/ros/humble/share/rosidl_generator_cpp/cmake)
[0.118s] -- Using all available rosidl_typesupport_c: rosidl_typesupport_fastrtps_c;rosidl_typesupport_introspection_c
[0.125s] -- Using all available rosidl_typesupport_cpp: rosidl_typesupport_fastrtps_cpp;rosidl_typesupport_introspection_cpp
[0.141s] -- Found rmw_implementation_cmake: 6.1.4 (/opt/ros/humble/share/rmw_implementation_cmake/cmake)
[0.142s] -- Found rmw_fastrtps_cpp: 6.2.10 (/opt/ros/humble/share/rmw_fastrtps_cpp/cmake)
[0.201s] -- Using RMW implementation 'rmw_fastrtps_cpp' as default
[0.227s] -- Found ament_lint_auto: 0.12.15 (/opt/ros/humble/share/ament_lint_auto/cmake)
[0.261s] -- Added test 'cppcheck' to perform static code analysis on C / C++ code
[0.261s] -- Configured cppcheck include dirs: 
[0.261s] -- Configured cppcheck exclude dirs and/or files: 
[0.261s] -- Added test 'lint_cmake' to check CMake code style
[0.262s] -- Added test 'uncrustify' to check C / C++ code style
[0.262s] -- Configured uncrustify additional arguments: 
[0.262s] -- Added test 'xmllint' to check XML markup files
[0.263s] -- Configuring done
[0.268s] -- Generating done
[0.318s] -- Build files have been written to: /home/aurora/d2lros2/chapt3/chapt3_ws/build/example_topic_rclcpp
[0.349s] [35m[1mConsolidate compiler generated dependencies of target topic_publisher_01[0m
[0.360s] [ 25%] [32mBuilding CXX object CMakeFiles/topic_subscriber_01.dir/src/topic_subscriber_01.cpp.o[0m
[0.364s] [ 75%] Built target topic_publisher_01
[4.083s] [100%] [32m[1mLinking CXX executable topic_subscriber_01[0m
[4.274s] [100%] Built target topic_subscriber_01
[4.280s] Invoked command in '/home/aurora/d2lros2/chapt3/chapt3_ws/build/example_topic_rclcpp' returned '0': CMAKE_PREFIX_PATH=${CMAKE_PREFIX_PATH}:/home/aurora/d2lros2/chapt3/chapt3_ws/install/example_topic_rclpy:/opt/ros/humble /usr/bin/cmake --build /home/aurora/d2lros2/chapt3/chapt3_ws/build/example_topic_rclcpp -- -j24 -l24
[4.287s] Invoking command in '/home/aurora/d2lros2/chapt3/chapt3_ws/build/example_topic_rclcpp': CMAKE_PREFIX_PATH=${CMAKE_PREFIX_PATH}:/home/aurora/d2lros2/chapt3/chapt3_ws/install/example_topic_rclpy:/opt/ros/humble /usr/bin/cmake --install /home/aurora/d2lros2/chapt3/chapt3_ws/build/example_topic_rclcpp
[4.295s] -- Install configuration: ""
[4.295s] -- Up-to-date: /home/aurora/d2lros2/chapt3/chapt3_ws/install/example_topic_rclcpp/share/ament_index/resource_index/package_run_dependencies/example_topic_rclcpp
[4.296s] -- Installing: /home/aurora/d2lros2/chapt3/chapt3_ws/install/example_topic_rclcpp/share/ament_index/resource_index/parent_prefix_path/example_topic_rclcpp
[4.296s] -- Up-to-date: /home/aurora/d2lros2/chapt3/chapt3_ws/install/example_topic_rclcpp/share/example_topic_rclcpp/environment/ament_prefix_path.sh
[4.296s] -- Installing: /home/aurora/d2lros2/chapt3/chapt3_ws/install/example_topic_rclcpp/share/example_topic_rclcpp/environment/ament_prefix_path.dsv
[4.296s] -- Up-to-date: /home/aurora/d2lros2/chapt3/chapt3_ws/install/example_topic_rclcpp/share/example_topic_rclcpp/environment/path.sh
[4.296s] -- Installing: /home/aurora/d2lros2/chapt3/chapt3_ws/install/example_topic_rclcpp/share/example_topic_rclcpp/environment/path.dsv
[4.296s] -- Up-to-date: /home/aurora/d2lros2/chapt3/chapt3_ws/install/example_topic_rclcpp/share/example_topic_rclcpp/local_setup.bash
[4.296s] -- Up-to-date: /home/aurora/d2lros2/chapt3/chapt3_ws/install/example_topic_rclcpp/share/example_topic_rclcpp/local_setup.sh
[4.296s] -- Up-to-date: /home/aurora/d2lros2/chapt3/chapt3_ws/install/example_topic_rclcpp/share/example_topic_rclcpp/local_setup.zsh
[4.296s] -- Installing: /home/aurora/d2lros2/chapt3/chapt3_ws/install/example_topic_rclcpp/share/example_topic_rclcpp/local_setup.dsv
[4.297s] -- Installing: /home/aurora/d2lros2/chapt3/chapt3_ws/install/example_topic_rclcpp/share/example_topic_rclcpp/package.dsv
[4.297s] -- Up-to-date: /home/aurora/d2lros2/chapt3/chapt3_ws/install/example_topic_rclcpp/share/ament_index/resource_index/packages/example_topic_rclcpp
[4.297s] -- Up-to-date: /home/aurora/d2lros2/chapt3/chapt3_ws/install/example_topic_rclcpp/share/example_topic_rclcpp/cmake/example_topic_rclcppConfig.cmake
[4.297s] -- Up-to-date: /home/aurora/d2lros2/chapt3/chapt3_ws/install/example_topic_rclcpp/share/example_topic_rclcpp/cmake/example_topic_rclcppConfig-version.cmake
[4.297s] -- Up-to-date: /home/aurora/d2lros2/chapt3/chapt3_ws/install/example_topic_rclcpp/share/example_topic_rclcpp/package.xml
[4.297s] -- Up-to-date: /home/aurora/d2lros2/chapt3/chapt3_ws/install/example_topic_rclcpp/lib/example_topic_rclcpp/topic_publisher_01
[4.297s] -- Installing: /home/aurora/d2lros2/chapt3/chapt3_ws/install/example_topic_rclcpp/lib/example_topic_rclcpp/topic_subscriber_01
[4.299s] -- Set runtime path of "/home/aurora/d2lros2/chapt3/chapt3_ws/install/example_topic_rclcpp/lib/example_topic_rclcpp/topic_subscriber_01" to ""
[4.302s] Invoked command in '/home/aurora/d2lros2/chapt3/chapt3_ws/build/example_topic_rclcpp' returned '0': CMAKE_PREFIX_PATH=${CMAKE_PREFIX_PATH}:/home/aurora/d2lros2/chapt3/chapt3_ws/install/example_topic_rclpy:/opt/ros/humble /usr/bin/cmake --install /home/aurora/d2lros2/chapt3/chapt3_ws/build/example_topic_rclcpp
