[0.355s] Invoking command in '/home/aurora/d2lros2/chapt4/chapt4_ws/src/example_param_rclpy': PYTHONPATH=/home/aurora/d2lros2/chapt4/chapt4_ws/build/example_param_rclpy/prefix_override:/usr/lib/python3/dist-packages/colcon_core/task/python/colcon_distutils_commands:/home/aurora/d2lros2/chapt4/chapt4_ws/install/example_param_rclpy/lib/python3.10/site-packages:${PYTHONPATH} /usr/bin/python3 -W ignore:setup.py install is deprecated -W ignore:easy_install command is deprecated setup.py egg_info --egg-base ../../build/example_param_rclpy build --build-base /home/aurora/d2lros2/chapt4/chapt4_ws/build/example_param_rclpy/build install --record /home/aurora/d2lros2/chapt4/chapt4_ws/build/example_param_rclpy/install.log --install-scripts $base/lib/example_param_rclpy --single-version-externally-managed install_data
[0.471s] running egg_info
[0.471s] writing ../../build/example_param_rclpy/example_param_rclpy.egg-info/PKG-INFO
[0.471s] writing dependency_links to ../../build/example_param_rclpy/example_param_rclpy.egg-info/dependency_links.txt
[0.472s] writing entry points to ../../build/example_param_rclpy/example_param_rclpy.egg-info/entry_points.txt
[0.472s] writing requirements to ../../build/example_param_rclpy/example_param_rclpy.egg-info/requires.txt
[0.472s] writing top-level names to ../../build/example_param_rclpy/example_param_rclpy.egg-info/top_level.txt
[0.472s] reading manifest file '../../build/example_param_rclpy/example_param_rclpy.egg-info/SOURCES.txt'
[0.473s] writing manifest file '../../build/example_param_rclpy/example_param_rclpy.egg-info/SOURCES.txt'
[0.473s] running build
[0.473s] running build_py
[0.473s] running install
[0.473s] running install_lib
[0.474s] running install_data
[0.474s] running install_egg_info
[0.474s] removing '/home/aurora/d2lros2/chapt4/chapt4_ws/install/example_param_rclpy/lib/python3.10/site-packages/example_param_rclpy-0.0.0-py3.10.egg-info' (and everything under it)
[0.474s] Copying ../../build/example_param_rclpy/example_param_rclpy.egg-info to /home/aurora/d2lros2/chapt4/chapt4_ws/install/example_param_rclpy/lib/python3.10/site-packages/example_param_rclpy-0.0.0-py3.10.egg-info
[0.475s] running install_scripts
[0.486s] Installing param_basic script to /home/aurora/d2lros2/chapt4/chapt4_ws/install/example_param_rclpy/lib/example_param_rclpy
[0.486s] writing list of installed files to '/home/aurora/d2lros2/chapt4/chapt4_ws/build/example_param_rclpy/install.log'
[0.498s] Invoked command in '/home/aurora/d2lros2/chapt4/chapt4_ws/src/example_param_rclpy' returned '0': PYTHONPATH=/home/aurora/d2lros2/chapt4/chapt4_ws/build/example_param_rclpy/prefix_override:/usr/lib/python3/dist-packages/colcon_core/task/python/colcon_distutils_commands:/home/aurora/d2lros2/chapt4/chapt4_ws/install/example_param_rclpy/lib/python3.10/site-packages:${PYTHONPATH} /usr/bin/python3 -W ignore:setup.py install is deprecated -W ignore:easy_install command is deprecated setup.py egg_info --egg-base ../../build/example_param_rclpy build --build-base /home/aurora/d2lros2/chapt4/chapt4_ws/build/example_param_rclpy/build install --record /home/aurora/d2lros2/chapt4/chapt4_ws/build/example_param_rclpy/install.log --install-scripts $base/lib/example_param_rclpy --single-version-externally-managed install_data
