[0.272s] Invoking command in '/home/aurora/d2lros2/chapt4/chapt4_ws/src/robot_startup': PYTHONPATH=/home/aurora/d2lros2/chapt4/chapt4_ws/build/robot_startup/prefix_override:/usr/lib/python3/dist-packages/colcon_core/task/python/colcon_distutils_commands:/home/aurora/d2lros2/chapt4/chapt4_ws/install/robot_startup/lib/python3.10/site-packages:${PYTHONPATH} /usr/bin/python3 -W ignore:setup.py install is deprecated -W ignore:easy_install command is deprecated setup.py egg_info --egg-base ../../build/robot_startup build --build-base /home/aurora/d2lros2/chapt4/chapt4_ws/build/robot_startup/build install --record /home/aurora/d2lros2/chapt4/chapt4_ws/build/robot_startup/install.log --install-scripts $base/lib/robot_startup --single-version-externally-managed install_data
[0.386s] running egg_info
[0.386s] writing ../../build/robot_startup/robot_startup.egg-info/PKG-INFO
[0.386s] writing dependency_links to ../../build/robot_startup/robot_startup.egg-info/dependency_links.txt
[0.386s] writing entry points to ../../build/robot_startup/robot_startup.egg-info/entry_points.txt
[0.386s] writing requirements to ../../build/robot_startup/robot_startup.egg-info/requires.txt
[0.386s] writing top-level names to ../../build/robot_startup/robot_startup.egg-info/top_level.txt
[0.386s] reading manifest file '../../build/robot_startup/robot_startup.egg-info/SOURCES.txt'
[0.387s] writing manifest file '../../build/robot_startup/robot_startup.egg-info/SOURCES.txt'
[0.387s] running build
[0.387s] running build_py
[0.387s] running install
[0.387s] running install_lib
[0.388s] running install_data
[0.388s] copying launch/param_arg.launch.py -> /home/aurora/d2lros2/chapt4/chapt4_ws/install/robot_startup/share/robot_startup/launch
[0.388s] running install_egg_info
[0.389s] removing '/home/aurora/d2lros2/chapt4/chapt4_ws/install/robot_startup/lib/python3.10/site-packages/robot_startup-0.0.0-py3.10.egg-info' (and everything under it)
[0.389s] Copying ../../build/robot_startup/robot_startup.egg-info to /home/aurora/d2lros2/chapt4/chapt4_ws/install/robot_startup/lib/python3.10/site-packages/robot_startup-0.0.0-py3.10.egg-info
[0.389s] running install_scripts
[0.400s] writing list of installed files to '/home/aurora/d2lros2/chapt4/chapt4_ws/build/robot_startup/install.log'
[0.411s] Invoked command in '/home/aurora/d2lros2/chapt4/chapt4_ws/src/robot_startup' returned '0': PYTHONPATH=/home/aurora/d2lros2/chapt4/chapt4_ws/build/robot_startup/prefix_override:/usr/lib/python3/dist-packages/colcon_core/task/python/colcon_distutils_commands:/home/aurora/d2lros2/chapt4/chapt4_ws/install/robot_startup/lib/python3.10/site-packages:${PYTHONPATH} /usr/bin/python3 -W ignore:setup.py install is deprecated -W ignore:easy_install command is deprecated setup.py egg_info --egg-base ../../build/robot_startup build --build-base /home/aurora/d2lros2/chapt4/chapt4_ws/build/robot_startup/build install --record /home/aurora/d2lros2/chapt4/chapt4_ws/build/robot_startup/install.log --install-scripts $base/lib/robot_startup --single-version-externally-managed install_data
