/home/aurora/d2lros2/install/examples_rclpy_minimal_action_server/lib/python3.10/site-packages/examples_rclpy_minimal_action_server/server.py
/home/aurora/d2lros2/install/examples_rclpy_minimal_action_server/lib/python3.10/site-packages/examples_rclpy_minimal_action_server/server_defer.py
/home/aurora/d2lros2/install/examples_rclpy_minimal_action_server/lib/python3.10/site-packages/examples_rclpy_minimal_action_server/__init__.py
/home/aurora/d2lros2/install/examples_rclpy_minimal_action_server/lib/python3.10/site-packages/examples_rclpy_minimal_action_server/server_not_composable.py
/home/aurora/d2lros2/install/examples_rclpy_minimal_action_server/lib/python3.10/site-packages/examples_rclpy_minimal_action_server/server_single_goal.py
/home/aurora/d2lros2/install/examples_rclpy_minimal_action_server/lib/python3.10/site-packages/examples_rclpy_minimal_action_server/server_queue_goals.py
/home/aurora/d2lros2/install/examples_rclpy_minimal_action_server/lib/python3.10/site-packages/examples_rclpy_minimal_action_server/__pycache__/server.cpython-310.pyc
/home/aurora/d2lros2/install/examples_rclpy_minimal_action_server/lib/python3.10/site-packages/examples_rclpy_minimal_action_server/__pycache__/server_defer.cpython-310.pyc
/home/aurora/d2lros2/install/examples_rclpy_minimal_action_server/lib/python3.10/site-packages/examples_rclpy_minimal_action_server/__pycache__/__init__.cpython-310.pyc
/home/aurora/d2lros2/install/examples_rclpy_minimal_action_server/lib/python3.10/site-packages/examples_rclpy_minimal_action_server/__pycache__/server_not_composable.cpython-310.pyc
/home/aurora/d2lros2/install/examples_rclpy_minimal_action_server/lib/python3.10/site-packages/examples_rclpy_minimal_action_server/__pycache__/server_single_goal.cpython-310.pyc
/home/aurora/d2lros2/install/examples_rclpy_minimal_action_server/lib/python3.10/site-packages/examples_rclpy_minimal_action_server/__pycache__/server_queue_goals.cpython-310.pyc
/home/aurora/d2lros2/install/examples_rclpy_minimal_action_server/share/ament_index/resource_index/packages/examples_rclpy_minimal_action_server
/home/aurora/d2lros2/install/examples_rclpy_minimal_action_server/share/examples_rclpy_minimal_action_server/package.xml
/home/aurora/d2lros2/install/examples_rclpy_minimal_action_server/lib/python3.10/site-packages/examples_rclpy_minimal_action_server-0.15.5-py3.10.egg-info/requires.txt
/home/aurora/d2lros2/install/examples_rclpy_minimal_action_server/lib/python3.10/site-packages/examples_rclpy_minimal_action_server-0.15.5-py3.10.egg-info/zip-safe
/home/aurora/d2lros2/install/examples_rclpy_minimal_action_server/lib/python3.10/site-packages/examples_rclpy_minimal_action_server-0.15.5-py3.10.egg-info/entry_points.txt
/home/aurora/d2lros2/install/examples_rclpy_minimal_action_server/lib/python3.10/site-packages/examples_rclpy_minimal_action_server-0.15.5-py3.10.egg-info/PKG-INFO
/home/aurora/d2lros2/install/examples_rclpy_minimal_action_server/lib/python3.10/site-packages/examples_rclpy_minimal_action_server-0.15.5-py3.10.egg-info/SOURCES.txt
/home/aurora/d2lros2/install/examples_rclpy_minimal_action_server/lib/python3.10/site-packages/examples_rclpy_minimal_action_server-0.15.5-py3.10.egg-info/top_level.txt
/home/aurora/d2lros2/install/examples_rclpy_minimal_action_server/lib/python3.10/site-packages/examples_rclpy_minimal_action_server-0.15.5-py3.10.egg-info/dependency_links.txt
/home/aurora/d2lros2/install/examples_rclpy_minimal_action_server/lib/examples_rclpy_minimal_action_server/server
/home/aurora/d2lros2/install/examples_rclpy_minimal_action_server/lib/examples_rclpy_minimal_action_server/server_defer
/home/aurora/d2lros2/install/examples_rclpy_minimal_action_server/lib/examples_rclpy_minimal_action_server/server_not_composable
/home/aurora/d2lros2/install/examples_rclpy_minimal_action_server/lib/examples_rclpy_minimal_action_server/server_queue_goals
/home/aurora/d2lros2/install/examples_rclpy_minimal_action_server/lib/examples_rclpy_minimal_action_server/server_single_goal
