[0.065s] DEBUG:colcon:Command line arguments: ['/usr/bin/colcon', 'build']
[0.065s] DEBUG:colcon:Parsed command line arguments: Namespace(log_base=None, log_level=None, verb_name='build', build_base='build', install_base='install', merge_install=False, symlink_install=False, test_result_base=None, continue_on_error=False, executor='parallel', parallel_workers=24, event_handlers=None, ignore_user_meta=False, metas=['./colcon.meta'], base_paths=['.'], packages_ignore=None, packages_ignore_regex=None, paths=None, packages_up_to=None, packages_up_to_regex=None, packages_above=None, packages_above_and_dependencies=None, packages_above_depth=None, packages_select_by_dep=None, packages_skip_by_dep=None, packages_skip_up_to=None, packages_select_build_failed=False, packages_skip_build_finished=False, packages_select_test_failures=False, packages_skip_test_passed=False, packages_select=None, packages_skip=None, packages_select_regex=None, packages_skip_regex=None, packages_start=None, packages_end=None, allow_overriding=[], cmake_args=None, cmake_target=None, cmake_target_skip_unavailable=False, cmake_clean_cache=False, cmake_clean_first=False, cmake_force_configure=False, ament_cmake_args=None, catkin_cmake_args=None, catkin_skip_building_tests=False, verb_parser=<colcon_defaults.argument_parser.defaults.DefaultArgumentsDecorator object at 0x745e906d3790>, verb_extension=<colcon_core.verb.build.BuildVerb object at 0x745e906d3280>, main=<bound method BuildVerb.main of <colcon_core.verb.build.BuildVerb object at 0x745e906d3280>>)
[0.204s] Level 1:colcon.colcon_core.package_discovery:discover_packages(colcon_meta) check parameters
[0.204s] Level 1:colcon.colcon_core.package_discovery:discover_packages(recursive) check parameters
[0.204s] Level 1:colcon.colcon_core.package_discovery:discover_packages(ignore) check parameters
[0.204s] Level 1:colcon.colcon_core.package_discovery:discover_packages(path) check parameters
[0.204s] Level 1:colcon.colcon_core.package_discovery:discover_packages(colcon_meta) discover
[0.204s] Level 1:colcon.colcon_core.package_discovery:discover_packages(recursive) discover
[0.204s] INFO:colcon.colcon_core.package_discovery:Crawling recursively for packages in '/home/aurora/d2lros2/chapt3/chapt3_ws'
[0.204s] Level 1:colcon.colcon_core.package_identification:_identify(.) by extensions ['ignore', 'ignore_ament_install']
[0.204s] Level 1:colcon.colcon_core.package_identification:_identify(.) by extension 'ignore'
[0.204s] Level 1:colcon.colcon_core.package_identification:_identify(.) by extension 'ignore_ament_install'
[0.204s] Level 1:colcon.colcon_core.package_identification:_identify(.) by extensions ['colcon_pkg']
[0.204s] Level 1:colcon.colcon_core.package_identification:_identify(.) by extension 'colcon_pkg'
[0.204s] Level 1:colcon.colcon_core.package_identification:_identify(.) by extensions ['colcon_meta']
[0.204s] Level 1:colcon.colcon_core.package_identification:_identify(.) by extension 'colcon_meta'
[0.205s] Level 1:colcon.colcon_core.package_identification:_identify(.) by extensions ['ros']
[0.205s] Level 1:colcon.colcon_core.package_identification:_identify(.) by extension 'ros'
[0.210s] Level 1:colcon.colcon_core.package_identification:_identify(.) by extensions ['cmake', 'python']
[0.210s] Level 1:colcon.colcon_core.package_identification:_identify(.) by extension 'cmake'
[0.211s] Level 1:colcon.colcon_core.package_identification:_identify(.) by extension 'python'
[0.211s] Level 1:colcon.colcon_core.package_identification:_identify(.) by extensions ['python_setup_py']
[0.211s] Level 1:colcon.colcon_core.package_identification:_identify(.) by extension 'python_setup_py'
[0.211s] Level 1:colcon.colcon_core.package_identification:_identify(build) by extensions ['ignore', 'ignore_ament_install']
[0.211s] Level 1:colcon.colcon_core.package_identification:_identify(build) by extension 'ignore'
[0.211s] Level 1:colcon.colcon_core.package_identification:_identify(build) ignored
[0.211s] Level 1:colcon.colcon_core.package_identification:_identify(install) by extensions ['ignore', 'ignore_ament_install']
[0.211s] Level 1:colcon.colcon_core.package_identification:_identify(install) by extension 'ignore'
[0.211s] Level 1:colcon.colcon_core.package_identification:_identify(install) ignored
[0.211s] Level 1:colcon.colcon_core.package_identification:_identify(log) by extensions ['ignore', 'ignore_ament_install']
[0.211s] Level 1:colcon.colcon_core.package_identification:_identify(log) by extension 'ignore'
[0.211s] Level 1:colcon.colcon_core.package_identification:_identify(log) ignored
[0.211s] Level 1:colcon.colcon_core.package_identification:_identify(src) by extensions ['ignore', 'ignore_ament_install']
[0.211s] Level 1:colcon.colcon_core.package_identification:_identify(src) by extension 'ignore'
[0.211s] Level 1:colcon.colcon_core.package_identification:_identify(src) by extension 'ignore_ament_install'
[0.211s] Level 1:colcon.colcon_core.package_identification:_identify(src) by extensions ['colcon_pkg']
[0.211s] Level 1:colcon.colcon_core.package_identification:_identify(src) by extension 'colcon_pkg'
[0.211s] Level 1:colcon.colcon_core.package_identification:_identify(src) by extensions ['colcon_meta']
[0.211s] Level 1:colcon.colcon_core.package_identification:_identify(src) by extension 'colcon_meta'
[0.211s] Level 1:colcon.colcon_core.package_identification:_identify(src) by extensions ['ros']
[0.211s] Level 1:colcon.colcon_core.package_identification:_identify(src) by extension 'ros'
[0.211s] Level 1:colcon.colcon_core.package_identification:_identify(src) by extensions ['cmake', 'python']
[0.211s] Level 1:colcon.colcon_core.package_identification:_identify(src) by extension 'cmake'
[0.211s] Level 1:colcon.colcon_core.package_identification:_identify(src) by extension 'python'
[0.211s] Level 1:colcon.colcon_core.package_identification:_identify(src) by extensions ['python_setup_py']
[0.211s] Level 1:colcon.colcon_core.package_identification:_identify(src) by extension 'python_setup_py'
[0.211s] Level 1:colcon.colcon_core.package_identification:_identify(src/example_topic_rclpy) by extensions ['ignore', 'ignore_ament_install']
[0.211s] Level 1:colcon.colcon_core.package_identification:_identify(src/example_topic_rclpy) by extension 'ignore'
[0.211s] Level 1:colcon.colcon_core.package_identification:_identify(src/example_topic_rclpy) by extension 'ignore_ament_install'
[0.211s] Level 1:colcon.colcon_core.package_identification:_identify(src/example_topic_rclpy) by extensions ['colcon_pkg']
[0.211s] Level 1:colcon.colcon_core.package_identification:_identify(src/example_topic_rclpy) by extension 'colcon_pkg'
[0.211s] Level 1:colcon.colcon_core.package_identification:_identify(src/example_topic_rclpy) by extensions ['colcon_meta']
[0.211s] Level 1:colcon.colcon_core.package_identification:_identify(src/example_topic_rclpy) by extension 'colcon_meta'
[0.211s] Level 1:colcon.colcon_core.package_identification:_identify(src/example_topic_rclpy) by extensions ['ros']
[0.211s] Level 1:colcon.colcon_core.package_identification:_identify(src/example_topic_rclpy) by extension 'ros'
[0.213s] DEBUG:colcon.colcon_core.package_identification:Package 'src/example_topic_rclpy' with type 'ros.ament_python' and name 'example_topic_rclpy'
[0.213s] Level 1:colcon.colcon_core.package_discovery:discover_packages(recursive) using defaults
[0.213s] Level 1:colcon.colcon_core.package_discovery:discover_packages(ignore) discover
[0.213s] Level 1:colcon.colcon_core.package_discovery:discover_packages(ignore) using defaults
[0.213s] Level 1:colcon.colcon_core.package_discovery:discover_packages(path) discover
[0.213s] Level 1:colcon.colcon_core.package_discovery:discover_packages(path) using defaults
[0.227s] Level 1:colcon.colcon_core.package_discovery:discover_packages(prefix_path) check parameters
[0.227s] Level 1:colcon.colcon_core.package_discovery:discover_packages(prefix_path) discover
[0.229s] DEBUG:colcon.colcon_installed_package_information.package_discovery:Found 275 installed packages in /opt/ros/humble
[0.230s] Level 1:colcon.colcon_core.package_discovery:discover_packages(prefix_path) using defaults
[0.252s] Level 5:colcon.colcon_core.verb:set package 'example_topic_rclpy' build argument 'cmake_args' from command line to 'None'
[0.252s] Level 5:colcon.colcon_core.verb:set package 'example_topic_rclpy' build argument 'cmake_target' from command line to 'None'
[0.252s] Level 5:colcon.colcon_core.verb:set package 'example_topic_rclpy' build argument 'cmake_target_skip_unavailable' from command line to 'False'
[0.252s] Level 5:colcon.colcon_core.verb:set package 'example_topic_rclpy' build argument 'cmake_clean_cache' from command line to 'False'
[0.252s] Level 5:colcon.colcon_core.verb:set package 'example_topic_rclpy' build argument 'cmake_clean_first' from command line to 'False'
[0.252s] Level 5:colcon.colcon_core.verb:set package 'example_topic_rclpy' build argument 'cmake_force_configure' from command line to 'False'
[0.252s] Level 5:colcon.colcon_core.verb:set package 'example_topic_rclpy' build argument 'ament_cmake_args' from command line to 'None'
[0.252s] Level 5:colcon.colcon_core.verb:set package 'example_topic_rclpy' build argument 'catkin_cmake_args' from command line to 'None'
[0.252s] Level 5:colcon.colcon_core.verb:set package 'example_topic_rclpy' build argument 'catkin_skip_building_tests' from command line to 'False'
[0.252s] DEBUG:colcon.colcon_core.verb:Building package 'example_topic_rclpy' with the following arguments: {'ament_cmake_args': None, 'build_base': '/home/aurora/d2lros2/chapt3/chapt3_ws/build/example_topic_rclpy', 'catkin_cmake_args': None, 'catkin_skip_building_tests': False, 'cmake_args': None, 'cmake_clean_cache': False, 'cmake_clean_first': False, 'cmake_force_configure': False, 'cmake_target': None, 'cmake_target_skip_unavailable': False, 'install_base': '/home/aurora/d2lros2/chapt3/chapt3_ws/install/example_topic_rclpy', 'merge_install': False, 'path': '/home/aurora/d2lros2/chapt3/chapt3_ws/src/example_topic_rclpy', 'symlink_install': False, 'test_result_base': None}
[0.252s] INFO:colcon.colcon_core.executor:Executing jobs using 'parallel' executor
[0.253s] DEBUG:colcon.colcon_parallel_executor.executor.parallel:run_until_complete
[0.253s] INFO:colcon.colcon_ros.task.ament_python.build:Building ROS package in '/home/aurora/d2lros2/chapt3/chapt3_ws/src/example_topic_rclpy' with build type 'ament_python'
[0.253s] Level 1:colcon.colcon_core.shell:create_environment_hook('example_topic_rclpy', 'ament_prefix_path')
[0.255s] INFO:colcon.colcon_core.plugin_system:Skipping extension 'colcon_core.shell.bat': Not used on non-Windows systems
[0.255s] INFO:colcon.colcon_core.shell:Creating environment hook '/home/aurora/d2lros2/chapt3/chapt3_ws/install/example_topic_rclpy/share/example_topic_rclpy/hook/ament_prefix_path.ps1'
[0.255s] INFO:colcon.colcon_core.shell:Creating environment descriptor '/home/aurora/d2lros2/chapt3/chapt3_ws/install/example_topic_rclpy/share/example_topic_rclpy/hook/ament_prefix_path.dsv'
[0.256s] INFO:colcon.colcon_core.shell:Creating environment hook '/home/aurora/d2lros2/chapt3/chapt3_ws/install/example_topic_rclpy/share/example_topic_rclpy/hook/ament_prefix_path.sh'
[0.256s] INFO:colcon.colcon_core.shell:Skip shell extension 'powershell' for command environment: Not usable outside of PowerShell
[0.256s] DEBUG:colcon.colcon_core.shell:Skip shell extension 'dsv' for command environment
[0.377s] INFO:colcon.colcon_core.task.python.build:Building Python package in '/home/aurora/d2lros2/chapt3/chapt3_ws/src/example_topic_rclpy'
[0.377s] INFO:colcon.colcon_core.shell:Skip shell extension 'powershell' for command environment: Not usable outside of PowerShell
[0.377s] DEBUG:colcon.colcon_core.shell:Skip shell extension 'dsv' for command environment
[0.571s] DEBUG:colcon.colcon_core.task.python.build:Available setuptools commands: install_lib, install_data, setopt, bdist_wheel, saveopts, install_scripts, bdist_rpm, develop, test, build_ext, install_headers, alias, bdist_dumb, build_clib, easy_install, symlink_data, build, build_scripts, upload_docs, install, upload, rotate, register, build_py, bdist_egg, install_egg_info, sdist, check, clean, egg_info, dist_info, bdist
[0.574s] DEBUG:colcon.colcon_core.event_handler.log_command:Invoking command in '/home/aurora/d2lros2/chapt3/chapt3_ws/src/example_topic_rclpy': PYTHONPATH=/home/aurora/d2lros2/chapt3/chapt3_ws/build/example_topic_rclpy/prefix_override:/usr/lib/python3/dist-packages/colcon_core/task/python/colcon_distutils_commands:/home/aurora/d2lros2/chapt3/chapt3_ws/install/example_topic_rclpy/lib/python3.10/site-packages:${PYTHONPATH} /usr/bin/python3 -W ignore:setup.py install is deprecated -W ignore:easy_install command is deprecated setup.py egg_info --egg-base ../../build/example_topic_rclpy build --build-base /home/aurora/d2lros2/chapt3/chapt3_ws/build/example_topic_rclpy/build install --record /home/aurora/d2lros2/chapt3/chapt3_ws/build/example_topic_rclpy/install.log --install-scripts $base/lib/example_topic_rclpy --single-version-externally-managed install_data
[0.703s] DEBUG:colcon.colcon_core.event_handler.log_command:Invoked command in '/home/aurora/d2lros2/chapt3/chapt3_ws/src/example_topic_rclpy' returned '0': PYTHONPATH=/home/aurora/d2lros2/chapt3/chapt3_ws/build/example_topic_rclpy/prefix_override:/usr/lib/python3/dist-packages/colcon_core/task/python/colcon_distutils_commands:/home/aurora/d2lros2/chapt3/chapt3_ws/install/example_topic_rclpy/lib/python3.10/site-packages:${PYTHONPATH} /usr/bin/python3 -W ignore:setup.py install is deprecated -W ignore:easy_install command is deprecated setup.py egg_info --egg-base ../../build/example_topic_rclpy build --build-base /home/aurora/d2lros2/chapt3/chapt3_ws/build/example_topic_rclpy/build install --record /home/aurora/d2lros2/chapt3/chapt3_ws/build/example_topic_rclpy/install.log --install-scripts $base/lib/example_topic_rclpy --single-version-externally-managed install_data
[0.743s] Level 1:colcon.colcon_core.environment:checking '/home/aurora/d2lros2/chapt3/chapt3_ws/install/example_topic_rclpy' for CMake module files
[0.744s] Level 1:colcon.colcon_core.environment:checking '/home/aurora/d2lros2/chapt3/chapt3_ws/install/example_topic_rclpy' for CMake config files
[0.745s] Level 1:colcon.colcon_core.environment:checking '/home/aurora/d2lros2/chapt3/chapt3_ws/install/example_topic_rclpy/lib'
[0.745s] Level 1:colcon.colcon_core.environment:checking '/home/aurora/d2lros2/chapt3/chapt3_ws/install/example_topic_rclpy/bin'
[0.745s] Level 1:colcon.colcon_core.environment:checking '/home/aurora/d2lros2/chapt3/chapt3_ws/install/example_topic_rclpy/lib/pkgconfig/example_topic_rclpy.pc'
[0.746s] Level 1:colcon.colcon_core.environment:checking '/home/aurora/d2lros2/chapt3/chapt3_ws/install/example_topic_rclpy/lib/python3.10/site-packages'
[0.746s] Level 1:colcon.colcon_core.shell:create_environment_hook('example_topic_rclpy', 'pythonpath')
[0.746s] INFO:colcon.colcon_core.shell:Creating environment hook '/home/aurora/d2lros2/chapt3/chapt3_ws/install/example_topic_rclpy/share/example_topic_rclpy/hook/pythonpath.ps1'
[0.747s] INFO:colcon.colcon_core.shell:Creating environment descriptor '/home/aurora/d2lros2/chapt3/chapt3_ws/install/example_topic_rclpy/share/example_topic_rclpy/hook/pythonpath.dsv'
[0.747s] INFO:colcon.colcon_core.shell:Creating environment hook '/home/aurora/d2lros2/chapt3/chapt3_ws/install/example_topic_rclpy/share/example_topic_rclpy/hook/pythonpath.sh'
[0.748s] Level 1:colcon.colcon_core.environment:checking '/home/aurora/d2lros2/chapt3/chapt3_ws/install/example_topic_rclpy/bin'
[0.748s] Level 1:colcon.colcon_core.environment:create_environment_scripts_only(example_topic_rclpy)
[0.748s] INFO:colcon.colcon_core.shell:Creating package script '/home/aurora/d2lros2/chapt3/chapt3_ws/install/example_topic_rclpy/share/example_topic_rclpy/package.ps1'
[0.750s] INFO:colcon.colcon_core.shell:Creating package descriptor '/home/aurora/d2lros2/chapt3/chapt3_ws/install/example_topic_rclpy/share/example_topic_rclpy/package.dsv'
[0.752s] INFO:colcon.colcon_core.shell:Creating package script '/home/aurora/d2lros2/chapt3/chapt3_ws/install/example_topic_rclpy/share/example_topic_rclpy/package.sh'
[0.753s] INFO:colcon.colcon_core.shell:Creating package script '/home/aurora/d2lros2/chapt3/chapt3_ws/install/example_topic_rclpy/share/example_topic_rclpy/package.bash'
[0.754s] INFO:colcon.colcon_core.shell:Creating package script '/home/aurora/d2lros2/chapt3/chapt3_ws/install/example_topic_rclpy/share/example_topic_rclpy/package.zsh'
[0.756s] Level 1:colcon.colcon_core.environment:create_file_with_runtime_dependencies(/home/aurora/d2lros2/chapt3/chapt3_ws/install/example_topic_rclpy/share/colcon-core/packages/example_topic_rclpy)
[0.756s] DEBUG:colcon.colcon_parallel_executor.executor.parallel:closing loop
[0.757s] DEBUG:colcon.colcon_parallel_executor.executor.parallel:loop closed
[0.757s] DEBUG:colcon.colcon_parallel_executor.executor.parallel:run_until_complete finished with '0'
[0.757s] DEBUG:colcon.colcon_core.event_reactor:joining thread
[0.764s] INFO:colcon.colcon_core.plugin_system:Skipping extension 'colcon_notification.desktop_notification.terminal_notifier': Not used on non-Darwin systems
[0.764s] INFO:colcon.colcon_core.plugin_system:Skipping extension 'colcon_notification.desktop_notification.win32': Not used on non-Windows systems
[0.764s] INFO:colcon.colcon_notification.desktop_notification:Sending desktop notification using 'notify2'
[0.780s] DEBUG:colcon.colcon_core.event_reactor:joined thread
[0.780s] INFO:colcon.colcon_core.shell:Creating prefix script '/home/aurora/d2lros2/chapt3/chapt3_ws/install/local_setup.ps1'
[0.781s] INFO:colcon.colcon_core.shell:Creating prefix util module '/home/aurora/d2lros2/chapt3/chapt3_ws/install/_local_setup_util_ps1.py'
[0.782s] INFO:colcon.colcon_core.shell:Creating prefix chain script '/home/aurora/d2lros2/chapt3/chapt3_ws/install/setup.ps1'
[0.783s] INFO:colcon.colcon_core.shell:Creating prefix script '/home/aurora/d2lros2/chapt3/chapt3_ws/install/local_setup.sh'
[0.783s] INFO:colcon.colcon_core.shell:Creating prefix util module '/home/aurora/d2lros2/chapt3/chapt3_ws/install/_local_setup_util_sh.py'
[0.784s] INFO:colcon.colcon_core.shell:Creating prefix chain script '/home/aurora/d2lros2/chapt3/chapt3_ws/install/setup.sh'
[0.784s] INFO:colcon.colcon_core.shell:Creating prefix script '/home/aurora/d2lros2/chapt3/chapt3_ws/install/local_setup.bash'
[0.785s] INFO:colcon.colcon_core.shell:Creating prefix chain script '/home/aurora/d2lros2/chapt3/chapt3_ws/install/setup.bash'
[0.785s] INFO:colcon.colcon_core.shell:Creating prefix script '/home/aurora/d2lros2/chapt3/chapt3_ws/install/local_setup.zsh'
[0.786s] INFO:colcon.colcon_core.shell:Creating prefix chain script '/home/aurora/d2lros2/chapt3/chapt3_ws/install/setup.zsh'
