[0.267s] Invoking command in '/home/aurora/d2lros2/chapt2/chapt2_ws/src/example_py': PYTHONPATH=/home/aurora/d2lros2/chapt2/chapt2_ws/build/example_py/prefix_override:/usr/lib/python3/dist-packages/colcon_core/task/python/colcon_distutils_commands:/home/aurora/d2lros2/chapt2/chapt2_ws/install/example_py/lib/python3.10/site-packages:${PYTHONPATH} /usr/bin/python3 -W ignore:setup.py install is deprecated -W ignore:easy_install command is deprecated setup.py egg_info --egg-base ../../build/example_py build --build-base /home/aurora/d2lros2/chapt2/chapt2_ws/build/example_py/build install --record /home/aurora/d2lros2/chapt2/chapt2_ws/build/example_py/install.log --install-scripts $base/lib/example_py --single-version-externally-managed install_data
[0.375s] running egg_info
[0.376s] creating ../../build/example_py/example_py.egg-info
[0.376s] writing ../../build/example_py/example_py.egg-info/PKG-INFO
[0.376s] writing dependency_links to ../../build/example_py/example_py.egg-info/dependency_links.txt
[0.376s] writing entry points to ../../build/example_py/example_py.egg-info/entry_points.txt
[0.376s] writing requirements to ../../build/example_py/example_py.egg-info/requires.txt
[0.376s] writing top-level names to ../../build/example_py/example_py.egg-info/top_level.txt
[0.376s] writing manifest file '../../build/example_py/example_py.egg-info/SOURCES.txt'
[0.377s] reading manifest file '../../build/example_py/example_py.egg-info/SOURCES.txt'
[0.377s] writing manifest file '../../build/example_py/example_py.egg-info/SOURCES.txt'
[0.377s] running build
[0.377s] running build_py
[0.377s] creating /home/aurora/d2lros2/chapt2/chapt2_ws/build/example_py/build
[0.377s] creating /home/aurora/d2lros2/chapt2/chapt2_ws/build/example_py/build/lib
[0.377s] creating /home/aurora/d2lros2/chapt2/chapt2_ws/build/example_py/build/lib/example_py
[0.377s] copying example_py/__init__.py -> /home/aurora/d2lros2/chapt2/chapt2_ws/build/example_py/build/lib/example_py
[0.377s] copying example_py/node_02.py -> /home/aurora/d2lros2/chapt2/chapt2_ws/build/example_py/build/lib/example_py
[0.377s] copying example_py/node_04.py -> /home/aurora/d2lros2/chapt2/chapt2_ws/build/example_py/build/lib/example_py
[0.377s] running install
[0.377s] running install_lib
[0.378s] creating /home/aurora/d2lros2/chapt2/chapt2_ws/install/example_py/lib/python3.10/site-packages/example_py
[0.378s] copying /home/aurora/d2lros2/chapt2/chapt2_ws/build/example_py/build/lib/example_py/__init__.py -> /home/aurora/d2lros2/chapt2/chapt2_ws/install/example_py/lib/python3.10/site-packages/example_py
[0.378s] copying /home/aurora/d2lros2/chapt2/chapt2_ws/build/example_py/build/lib/example_py/node_02.py -> /home/aurora/d2lros2/chapt2/chapt2_ws/install/example_py/lib/python3.10/site-packages/example_py
[0.378s] copying /home/aurora/d2lros2/chapt2/chapt2_ws/build/example_py/build/lib/example_py/node_04.py -> /home/aurora/d2lros2/chapt2/chapt2_ws/install/example_py/lib/python3.10/site-packages/example_py
[0.378s] byte-compiling /home/aurora/d2lros2/chapt2/chapt2_ws/install/example_py/lib/python3.10/site-packages/example_py/__init__.py to __init__.cpython-310.pyc
[0.378s] byte-compiling /home/aurora/d2lros2/chapt2/chapt2_ws/install/example_py/lib/python3.10/site-packages/example_py/node_02.py to node_02.cpython-310.pyc
[0.378s] byte-compiling /home/aurora/d2lros2/chapt2/chapt2_ws/install/example_py/lib/python3.10/site-packages/example_py/node_04.py to node_04.cpython-310.pyc
[0.378s] running install_data
[0.378s] creating /home/aurora/d2lros2/chapt2/chapt2_ws/install/example_py/share/ament_index
[0.378s] creating /home/aurora/d2lros2/chapt2/chapt2_ws/install/example_py/share/ament_index/resource_index
[0.378s] creating /home/aurora/d2lros2/chapt2/chapt2_ws/install/example_py/share/ament_index/resource_index/packages
[0.378s] copying resource/example_py -> /home/aurora/d2lros2/chapt2/chapt2_ws/install/example_py/share/ament_index/resource_index/packages
[0.378s] copying package.xml -> /home/aurora/d2lros2/chapt2/chapt2_ws/install/example_py/share/example_py
[0.378s] running install_egg_info
[0.379s] Copying ../../build/example_py/example_py.egg-info to /home/aurora/d2lros2/chapt2/chapt2_ws/install/example_py/lib/python3.10/site-packages/example_py-0.0.0-py3.10.egg-info
[0.380s] running install_scripts
[0.390s] Installing node_02 script to /home/aurora/d2lros2/chapt2/chapt2_ws/install/example_py/lib/example_py
[0.390s] Installing node_04 script to /home/aurora/d2lros2/chapt2/chapt2_ws/install/example_py/lib/example_py
[0.390s] writing list of installed files to '/home/aurora/d2lros2/chapt2/chapt2_ws/build/example_py/install.log'
[0.402s] Invoked command in '/home/aurora/d2lros2/chapt2/chapt2_ws/src/example_py' returned '0': PYTHONPATH=/home/aurora/d2lros2/chapt2/chapt2_ws/build/example_py/prefix_override:/usr/lib/python3/dist-packages/colcon_core/task/python/colcon_distutils_commands:/home/aurora/d2lros2/chapt2/chapt2_ws/install/example_py/lib/python3.10/site-packages:${PYTHONPATH} /usr/bin/python3 -W ignore:setup.py install is deprecated -W ignore:easy_install command is deprecated setup.py egg_info --egg-base ../../build/example_py build --build-base /home/aurora/d2lros2/chapt2/chapt2_ws/build/example_py/build install --record /home/aurora/d2lros2/chapt2/chapt2_ws/build/example_py/install.log --install-scripts $base/lib/example_py --single-version-externally-managed install_data
