[0.006s] Invoking command in '/home/aurora/d2lros2/chapt3/chapt3_ws/build/example_topic_rclcpp': CMAKE_PREFIX_PATH=/opt/ros/humble /usr/bin/cmake --build /home/aurora/d2lros2/chapt3/chapt3_ws/build/example_topic_rclcpp -- -j24 -l24
[0.039s] [35m[1mConsolidate compiler generated dependencies of target topic_publisher_01[0m
[0.050s] [ 50%] [32mBuilding CXX object CMakeFiles/topic_publisher_01.dir/src/topic_publisher_01.cpp.o[0m
[2.038s] [100%] [32m[1mLinking CXX executable topic_publisher_01[0m
[2.142s] [100%] Built target topic_publisher_01
[2.150s] Invoked command in '/home/aurora/d2lros2/chapt3/chapt3_ws/build/example_topic_rclcpp' returned '0': CMAKE_PREFIX_PATH=/opt/ros/humble /usr/bin/cmake --build /home/aurora/d2lros2/chapt3/chapt3_ws/build/example_topic_rclcpp -- -j24 -l24
[2.156s] Invoking command in '/home/aurora/d2lros2/chapt3/chapt3_ws/build/example_topic_rclcpp': CMAKE_PREFIX_PATH=/opt/ros/humble /usr/bin/cmake --install /home/aurora/d2lros2/chapt3/chapt3_ws/build/example_topic_rclcpp
[2.163s] -- Install configuration: ""
[2.164s] -- Up-to-date: /home/aurora/d2lros2/chapt3/chapt3_ws/install/example_topic_rclcpp/share/ament_index/resource_index/package_run_dependencies/example_topic_rclcpp
[2.164s] -- Installing: /home/aurora/d2lros2/chapt3/chapt3_ws/install/example_topic_rclcpp/share/ament_index/resource_index/parent_prefix_path/example_topic_rclcpp
[2.164s] -- Up-to-date: /home/aurora/d2lros2/chapt3/chapt3_ws/install/example_topic_rclcpp/share/example_topic_rclcpp/environment/ament_prefix_path.sh
[2.164s] -- Installing: /home/aurora/d2lros2/chapt3/chapt3_ws/install/example_topic_rclcpp/share/example_topic_rclcpp/environment/ament_prefix_path.dsv
[2.164s] -- Up-to-date: /home/aurora/d2lros2/chapt3/chapt3_ws/install/example_topic_rclcpp/share/example_topic_rclcpp/environment/path.sh
[2.164s] -- Installing: /home/aurora/d2lros2/chapt3/chapt3_ws/install/example_topic_rclcpp/share/example_topic_rclcpp/environment/path.dsv
[2.165s] -- Up-to-date: /home/aurora/d2lros2/chapt3/chapt3_ws/install/example_topic_rclcpp/share/example_topic_rclcpp/local_setup.bash
[2.165s] -- Up-to-date: /home/aurora/d2lros2/chapt3/chapt3_ws/install/example_topic_rclcpp/share/example_topic_rclcpp/local_setup.sh
[2.165s] -- Up-to-date: /home/aurora/d2lros2/chapt3/chapt3_ws/install/example_topic_rclcpp/share/example_topic_rclcpp/local_setup.zsh
[2.165s] -- Installing: /home/aurora/d2lros2/chapt3/chapt3_ws/install/example_topic_rclcpp/share/example_topic_rclcpp/local_setup.dsv
[2.165s] -- Installing: /home/aurora/d2lros2/chapt3/chapt3_ws/install/example_topic_rclcpp/share/example_topic_rclcpp/package.dsv
[2.165s] -- Up-to-date: /home/aurora/d2lros2/chapt3/chapt3_ws/install/example_topic_rclcpp/share/ament_index/resource_index/packages/example_topic_rclcpp
[2.165s] -- Up-to-date: /home/aurora/d2lros2/chapt3/chapt3_ws/install/example_topic_rclcpp/share/example_topic_rclcpp/cmake/example_topic_rclcppConfig.cmake
[2.165s] -- Up-to-date: /home/aurora/d2lros2/chapt3/chapt3_ws/install/example_topic_rclcpp/share/example_topic_rclcpp/cmake/example_topic_rclcppConfig-version.cmake
[2.165s] -- Up-to-date: /home/aurora/d2lros2/chapt3/chapt3_ws/install/example_topic_rclcpp/share/example_topic_rclcpp/package.xml
[2.166s] -- Installing: /home/aurora/d2lros2/chapt3/chapt3_ws/install/example_topic_rclcpp/lib/example_topic_rclcpp/topic_publisher_01
[2.166s] -- Set runtime path of "/home/aurora/d2lros2/chapt3/chapt3_ws/install/example_topic_rclcpp/lib/example_topic_rclcpp/topic_publisher_01" to ""
[2.168s] Invoked command in '/home/aurora/d2lros2/chapt3/chapt3_ws/build/example_topic_rclcpp' returned '0': CMAKE_PREFIX_PATH=/opt/ros/humble /usr/bin/cmake --install /home/aurora/d2lros2/chapt3/chapt3_ws/build/example_topic_rclcpp
