[0.272s] Invoking command in '/home/aurora/d2lros2/chapt4/chapt4_ws/src/robot_startup': PYTHONPATH=/home/aurora/d2lros2/chapt4/chapt4_ws/build/robot_startup/prefix_override:/usr/lib/python3/dist-packages/colcon_core/task/python/colcon_distutils_commands:/home/aurora/d2lros2/chapt4/chapt4_ws/install/robot_startup/lib/python3.10/site-packages:${PYTHONPATH} /usr/bin/python3 -W ignore:setup.py install is deprecated -W ignore:easy_install command is deprecated setup.py egg_info --egg-base ../../build/robot_startup build --build-base /home/aurora/d2lros2/chapt4/chapt4_ws/build/robot_startup/build install --record /home/aurora/d2lros2/chapt4/chapt4_ws/build/robot_startup/install.log --install-scripts $base/lib/robot_startup --single-version-externally-managed install_data
[0.381s] running egg_info
[0.382s] creating ../../build/robot_startup/robot_startup.egg-info
[0.382s] writing ../../build/robot_startup/robot_startup.egg-info/PKG-INFO
[0.382s] writing dependency_links to ../../build/robot_startup/robot_startup.egg-info/dependency_links.txt
[0.382s] writing entry points to ../../build/robot_startup/robot_startup.egg-info/entry_points.txt
[0.382s] writing requirements to ../../build/robot_startup/robot_startup.egg-info/requires.txt
[0.382s] writing top-level names to ../../build/robot_startup/robot_startup.egg-info/top_level.txt
[0.382s] writing manifest file '../../build/robot_startup/robot_startup.egg-info/SOURCES.txt'
[0.383s] reading manifest file '../../build/robot_startup/robot_startup.egg-info/SOURCES.txt'
[0.383s] writing manifest file '../../build/robot_startup/robot_startup.egg-info/SOURCES.txt'
[0.383s] running build
[0.383s] running build_py
[0.383s] creating /home/aurora/d2lros2/chapt4/chapt4_ws/build/robot_startup/build
[0.383s] creating /home/aurora/d2lros2/chapt4/chapt4_ws/build/robot_startup/build/lib
[0.383s] creating /home/aurora/d2lros2/chapt4/chapt4_ws/build/robot_startup/build/lib/robot_startup
[0.383s] copying robot_startup/__init__.py -> /home/aurora/d2lros2/chapt4/chapt4_ws/build/robot_startup/build/lib/robot_startup
[0.383s] running install
[0.383s] running install_lib
[0.384s] creating /home/aurora/d2lros2/chapt4/chapt4_ws/install/robot_startup/lib/python3.10/site-packages/robot_startup
[0.384s] copying /home/aurora/d2lros2/chapt4/chapt4_ws/build/robot_startup/build/lib/robot_startup/__init__.py -> /home/aurora/d2lros2/chapt4/chapt4_ws/install/robot_startup/lib/python3.10/site-packages/robot_startup
[0.384s] byte-compiling /home/aurora/d2lros2/chapt4/chapt4_ws/install/robot_startup/lib/python3.10/site-packages/robot_startup/__init__.py to __init__.cpython-310.pyc
[0.384s] running install_data
[0.384s] creating /home/aurora/d2lros2/chapt4/chapt4_ws/install/robot_startup/share/ament_index
[0.384s] creating /home/aurora/d2lros2/chapt4/chapt4_ws/install/robot_startup/share/ament_index/resource_index
[0.384s] creating /home/aurora/d2lros2/chapt4/chapt4_ws/install/robot_startup/share/ament_index/resource_index/packages
[0.384s] copying resource/robot_startup -> /home/aurora/d2lros2/chapt4/chapt4_ws/install/robot_startup/share/ament_index/resource_index/packages
[0.384s] copying package.xml -> /home/aurora/d2lros2/chapt4/chapt4_ws/install/robot_startup/share/robot_startup
[0.384s] running install_egg_info
[0.385s] Copying ../../build/robot_startup/robot_startup.egg-info to /home/aurora/d2lros2/chapt4/chapt4_ws/install/robot_startup/lib/python3.10/site-packages/robot_startup-0.0.0-py3.10.egg-info
[0.385s] running install_scripts
[0.396s] writing list of installed files to '/home/aurora/d2lros2/chapt4/chapt4_ws/build/robot_startup/install.log'
[0.408s] Invoked command in '/home/aurora/d2lros2/chapt4/chapt4_ws/src/robot_startup' returned '0': PYTHONPATH=/home/aurora/d2lros2/chapt4/chapt4_ws/build/robot_startup/prefix_override:/usr/lib/python3/dist-packages/colcon_core/task/python/colcon_distutils_commands:/home/aurora/d2lros2/chapt4/chapt4_ws/install/robot_startup/lib/python3.10/site-packages:${PYTHONPATH} /usr/bin/python3 -W ignore:setup.py install is deprecated -W ignore:easy_install command is deprecated setup.py egg_info --egg-base ../../build/robot_startup build --build-base /home/aurora/d2lros2/chapt4/chapt4_ws/build/robot_startup/build install --record /home/aurora/d2lros2/chapt4/chapt4_ws/build/robot_startup/install.log --install-scripts $base/lib/robot_startup --single-version-externally-managed install_data
