[0.320s] Invoking command in '/home/aurora/d2lros2/chapt3/chapt3_ws/src/example_topic_rclpy': PYTHONPATH=/home/aurora/d2lros2/chapt3/chapt3_ws/build/example_topic_rclpy/prefix_override:/usr/lib/python3/dist-packages/colcon_core/task/python/colcon_distutils_commands:/home/aurora/d2lros2/chapt3/chapt3_ws/install/example_topic_rclpy/lib/python3.10/site-packages:${PYTHONPATH} /usr/bin/python3 -W ignore:setup.py install is deprecated -W ignore:easy_install command is deprecated setup.py egg_info --egg-base ../../build/example_topic_rclpy build --build-base /home/aurora/d2lros2/chapt3/chapt3_ws/build/example_topic_rclpy/build install --record /home/aurora/d2lros2/chapt3/chapt3_ws/build/example_topic_rclpy/install.log --install-scripts $base/lib/example_topic_rclpy --single-version-externally-managed install_data
[0.423s] running egg_info
[0.423s] creating ../../build/example_topic_rclpy/example_topic_rclpy.egg-info
[0.423s] writing ../../build/example_topic_rclpy/example_topic_rclpy.egg-info/PKG-INFO
[0.423s] writing dependency_links to ../../build/example_topic_rclpy/example_topic_rclpy.egg-info/dependency_links.txt
[0.424s] writing entry points to ../../build/example_topic_rclpy/example_topic_rclpy.egg-info/entry_points.txt
[0.424s] writing requirements to ../../build/example_topic_rclpy/example_topic_rclpy.egg-info/requires.txt
[0.424s] writing top-level names to ../../build/example_topic_rclpy/example_topic_rclpy.egg-info/top_level.txt
[0.424s] writing manifest file '../../build/example_topic_rclpy/example_topic_rclpy.egg-info/SOURCES.txt'
[0.424s] reading manifest file '../../build/example_topic_rclpy/example_topic_rclpy.egg-info/SOURCES.txt'
[0.425s] writing manifest file '../../build/example_topic_rclpy/example_topic_rclpy.egg-info/SOURCES.txt'
[0.425s] running build
[0.425s] running build_py
[0.425s] creating /home/aurora/d2lros2/chapt3/chapt3_ws/build/example_topic_rclpy/build
[0.425s] creating /home/aurora/d2lros2/chapt3/chapt3_ws/build/example_topic_rclpy/build/lib
[0.425s] creating /home/aurora/d2lros2/chapt3/chapt3_ws/build/example_topic_rclpy/build/lib/example_topic_rclpy
[0.425s] copying example_topic_rclpy/topic_publisher_02.py -> /home/aurora/d2lros2/chapt3/chapt3_ws/build/example_topic_rclpy/build/lib/example_topic_rclpy
[0.425s] copying example_topic_rclpy/__init__.py -> /home/aurora/d2lros2/chapt3/chapt3_ws/build/example_topic_rclpy/build/lib/example_topic_rclpy
[0.425s] copying example_topic_rclpy/topic_subscriber_02.py -> /home/aurora/d2lros2/chapt3/chapt3_ws/build/example_topic_rclpy/build/lib/example_topic_rclpy
[0.425s] running install
[0.425s] running install_lib
[0.425s] creating /home/aurora/d2lros2/chapt3/chapt3_ws/install/example_topic_rclpy/lib/python3.10/site-packages/example_topic_rclpy
[0.425s] copying /home/aurora/d2lros2/chapt3/chapt3_ws/build/example_topic_rclpy/build/lib/example_topic_rclpy/topic_publisher_02.py -> /home/aurora/d2lros2/chapt3/chapt3_ws/install/example_topic_rclpy/lib/python3.10/site-packages/example_topic_rclpy
[0.426s] copying /home/aurora/d2lros2/chapt3/chapt3_ws/build/example_topic_rclpy/build/lib/example_topic_rclpy/__init__.py -> /home/aurora/d2lros2/chapt3/chapt3_ws/install/example_topic_rclpy/lib/python3.10/site-packages/example_topic_rclpy
[0.426s] copying /home/aurora/d2lros2/chapt3/chapt3_ws/build/example_topic_rclpy/build/lib/example_topic_rclpy/topic_subscriber_02.py -> /home/aurora/d2lros2/chapt3/chapt3_ws/install/example_topic_rclpy/lib/python3.10/site-packages/example_topic_rclpy
[0.426s] byte-compiling /home/aurora/d2lros2/chapt3/chapt3_ws/install/example_topic_rclpy/lib/python3.10/site-packages/example_topic_rclpy/topic_publisher_02.py to topic_publisher_02.cpython-310.pyc
[0.426s] byte-compiling /home/aurora/d2lros2/chapt3/chapt3_ws/install/example_topic_rclpy/lib/python3.10/site-packages/example_topic_rclpy/__init__.py to __init__.cpython-310.pyc
[0.426s] byte-compiling /home/aurora/d2lros2/chapt3/chapt3_ws/install/example_topic_rclpy/lib/python3.10/site-packages/example_topic_rclpy/topic_subscriber_02.py to topic_subscriber_02.cpython-310.pyc
[0.426s] running install_data
[0.426s] creating /home/aurora/d2lros2/chapt3/chapt3_ws/install/example_topic_rclpy/share/ament_index
[0.426s] creating /home/aurora/d2lros2/chapt3/chapt3_ws/install/example_topic_rclpy/share/ament_index/resource_index
[0.427s] creating /home/aurora/d2lros2/chapt3/chapt3_ws/install/example_topic_rclpy/share/ament_index/resource_index/packages
[0.427s] copying resource/example_topic_rclpy -> /home/aurora/d2lros2/chapt3/chapt3_ws/install/example_topic_rclpy/share/ament_index/resource_index/packages
[0.427s] copying package.xml -> /home/aurora/d2lros2/chapt3/chapt3_ws/install/example_topic_rclpy/share/example_topic_rclpy
[0.427s] running install_egg_info
[0.428s] Copying ../../build/example_topic_rclpy/example_topic_rclpy.egg-info to /home/aurora/d2lros2/chapt3/chapt3_ws/install/example_topic_rclpy/lib/python3.10/site-packages/example_topic_rclpy-0.0.0-py3.10.egg-info
[0.428s] running install_scripts
[0.438s] Installing topic_publisher_02 script to /home/aurora/d2lros2/chapt3/chapt3_ws/install/example_topic_rclpy/lib/example_topic_rclpy
[0.438s] Installing topic_subscriber_02 script to /home/aurora/d2lros2/chapt3/chapt3_ws/install/example_topic_rclpy/lib/example_topic_rclpy
[0.438s] writing list of installed files to '/home/aurora/d2lros2/chapt3/chapt3_ws/build/example_topic_rclpy/install.log'
[0.450s] Invoked command in '/home/aurora/d2lros2/chapt3/chapt3_ws/src/example_topic_rclpy' returned '0': PYTHONPATH=/home/aurora/d2lros2/chapt3/chapt3_ws/build/example_topic_rclpy/prefix_override:/usr/lib/python3/dist-packages/colcon_core/task/python/colcon_distutils_commands:/home/aurora/d2lros2/chapt3/chapt3_ws/install/example_topic_rclpy/lib/python3.10/site-packages:${PYTHONPATH} /usr/bin/python3 -W ignore:setup.py install is deprecated -W ignore:easy_install command is deprecated setup.py egg_info --egg-base ../../build/example_topic_rclpy build --build-base /home/aurora/d2lros2/chapt3/chapt3_ws/build/example_topic_rclpy/build install --record /home/aurora/d2lros2/chapt3/chapt3_ws/build/example_topic_rclpy/install.log --install-scripts $base/lib/example_topic_rclpy --single-version-externally-managed install_data
