[0.318s] Invoking command in '/home/aurora/d2lros2/chapt3/chapt3_ws/src/example_interfaces_rclpy': AMENT_PREFIX_PATH=/home/aurora/d2lros2/chapt3/chapt3_ws/install/example_ros2_interfaces:${AMENT_PREFIX_PATH} CMAKE_PREFIX_PATH=/home/aurora/d2lros2/chapt3/chapt3_ws/install/example_ros2_interfaces LD_LIBRARY_PATH=/home/aurora/d2lros2/chapt3/chapt3_ws/install/example_ros2_interfaces/lib:${LD_LIBRARY_PATH} PYTHONPATH=/home/aurora/d2lros2/chapt3/chapt3_ws/build/example_interfaces_rclpy/prefix_override:/usr/lib/python3/dist-packages/colcon_core/task/python/colcon_distutils_commands:/home/aurora/d2lros2/chapt3/chapt3_ws/install/example_interfaces_rclpy/lib/python3.10/site-packages:/home/aurora/d2lros2/chapt3/chapt3_ws/install/example_ros2_interfaces/local/lib/python3.10/dist-packages:${PYTHONPATH} /usr/bin/python3 -W ignore:setup.py install is deprecated -W ignore:easy_install command is deprecated setup.py egg_info --egg-base ../../build/example_interfaces_rclpy build --build-base /home/aurora/d2lros2/chapt3/chapt3_ws/build/example_interfaces_rclpy/build install --record /home/aurora/d2lros2/chapt3/chapt3_ws/build/example_interfaces_rclpy/install.log --install-scripts $base/lib/example_interfaces_rclpy --single-version-externally-managed install_data
[0.422s] running egg_info
[0.422s] creating ../../build/example_interfaces_rclpy/example_interfaces_rclpy.egg-info
[0.422s] writing ../../build/example_interfaces_rclpy/example_interfaces_rclpy.egg-info/PKG-INFO
[0.422s] writing dependency_links to ../../build/example_interfaces_rclpy/example_interfaces_rclpy.egg-info/dependency_links.txt
[0.422s] writing entry points to ../../build/example_interfaces_rclpy/example_interfaces_rclpy.egg-info/entry_points.txt
[0.423s] writing requirements to ../../build/example_interfaces_rclpy/example_interfaces_rclpy.egg-info/requires.txt
[0.423s] writing top-level names to ../../build/example_interfaces_rclpy/example_interfaces_rclpy.egg-info/top_level.txt
[0.423s] writing manifest file '../../build/example_interfaces_rclpy/example_interfaces_rclpy.egg-info/SOURCES.txt'
[0.423s] reading manifest file '../../build/example_interfaces_rclpy/example_interfaces_rclpy.egg-info/SOURCES.txt'
[0.424s] writing manifest file '../../build/example_interfaces_rclpy/example_interfaces_rclpy.egg-info/SOURCES.txt'
[0.424s] running build
[0.424s] running build_py
[0.424s] creating /home/aurora/d2lros2/chapt3/chapt3_ws/build/example_interfaces_rclpy/build
[0.424s] creating /home/aurora/d2lros2/chapt3/chapt3_ws/build/example_interfaces_rclpy/build/lib
[0.424s] creating /home/aurora/d2lros2/chapt3/chapt3_ws/build/example_interfaces_rclpy/build/lib/example_interfaces_rclpy
[0.424s] copying example_interfaces_rclpy/example_interfaces_robot_02.py -> /home/aurora/d2lros2/chapt3/chapt3_ws/build/example_interfaces_rclpy/build/lib/example_interfaces_rclpy
[0.424s] copying example_interfaces_rclpy/__init__.py -> /home/aurora/d2lros2/chapt3/chapt3_ws/build/example_interfaces_rclpy/build/lib/example_interfaces_rclpy
[0.424s] copying example_interfaces_rclpy/example_interfaces_control_02.py -> /home/aurora/d2lros2/chapt3/chapt3_ws/build/example_interfaces_rclpy/build/lib/example_interfaces_rclpy
[0.424s] running install
[0.424s] running install_lib
[0.424s] creating /home/aurora/d2lros2/chapt3/chapt3_ws/install/example_interfaces_rclpy/lib/python3.10/site-packages/example_interfaces_rclpy
[0.424s] copying /home/aurora/d2lros2/chapt3/chapt3_ws/build/example_interfaces_rclpy/build/lib/example_interfaces_rclpy/example_interfaces_robot_02.py -> /home/aurora/d2lros2/chapt3/chapt3_ws/install/example_interfaces_rclpy/lib/python3.10/site-packages/example_interfaces_rclpy
[0.425s] copying /home/aurora/d2lros2/chapt3/chapt3_ws/build/example_interfaces_rclpy/build/lib/example_interfaces_rclpy/__init__.py -> /home/aurora/d2lros2/chapt3/chapt3_ws/install/example_interfaces_rclpy/lib/python3.10/site-packages/example_interfaces_rclpy
[0.425s] copying /home/aurora/d2lros2/chapt3/chapt3_ws/build/example_interfaces_rclpy/build/lib/example_interfaces_rclpy/example_interfaces_control_02.py -> /home/aurora/d2lros2/chapt3/chapt3_ws/install/example_interfaces_rclpy/lib/python3.10/site-packages/example_interfaces_rclpy
[0.425s] byte-compiling /home/aurora/d2lros2/chapt3/chapt3_ws/install/example_interfaces_rclpy/lib/python3.10/site-packages/example_interfaces_rclpy/example_interfaces_robot_02.py to example_interfaces_robot_02.cpython-310.pyc
[0.425s]   File "/home/aurora/d2lros2/chapt3/chapt3_ws/install/example_interfaces_rclpy/lib/python3.10/site-packages/example_interfaces_rclpy/example_interfaces_robot_02.py", line 15
[0.425s]     def robot_status_callback(self,msg)
[0.425s]                                        ^
[0.425s] SyntaxError: expected ':'
[0.425s] 
[0.425s] byte-compiling /home/aurora/d2lros2/chapt3/chapt3_ws/install/example_interfaces_rclpy/lib/python3.10/site-packages/example_interfaces_rclpy/__init__.py to __init__.cpython-310.pyc
[0.425s] byte-compiling /home/aurora/d2lros2/chapt3/chapt3_ws/install/example_interfaces_rclpy/lib/python3.10/site-packages/example_interfaces_rclpy/example_interfaces_control_02.py to example_interfaces_control_02.cpython-310.pyc
[0.425s] running install_data
[0.425s] creating /home/aurora/d2lros2/chapt3/chapt3_ws/install/example_interfaces_rclpy/share/ament_index
[0.425s] creating /home/aurora/d2lros2/chapt3/chapt3_ws/install/example_interfaces_rclpy/share/ament_index/resource_index
[0.425s] creating /home/aurora/d2lros2/chapt3/chapt3_ws/install/example_interfaces_rclpy/share/ament_index/resource_index/packages
[0.425s] copying resource/example_interfaces_rclpy -> /home/aurora/d2lros2/chapt3/chapt3_ws/install/example_interfaces_rclpy/share/ament_index/resource_index/packages
[0.425s] copying package.xml -> /home/aurora/d2lros2/chapt3/chapt3_ws/install/example_interfaces_rclpy/share/example_interfaces_rclpy
[0.425s] running install_egg_info
[0.426s] Copying ../../build/example_interfaces_rclpy/example_interfaces_rclpy.egg-info to /home/aurora/d2lros2/chapt3/chapt3_ws/install/example_interfaces_rclpy/lib/python3.10/site-packages/example_interfaces_rclpy-0.0.0-py3.10.egg-info
[0.427s] running install_scripts
[0.437s] Installing example_interfaces_control_02 script to /home/aurora/d2lros2/chapt3/chapt3_ws/install/example_interfaces_rclpy/lib/example_interfaces_rclpy
[0.437s] Installing example_interfaces_robot_02 script to /home/aurora/d2lros2/chapt3/chapt3_ws/install/example_interfaces_rclpy/lib/example_interfaces_rclpy
[0.437s] writing list of installed files to '/home/aurora/d2lros2/chapt3/chapt3_ws/build/example_interfaces_rclpy/install.log'
[0.449s] Invoked command in '/home/aurora/d2lros2/chapt3/chapt3_ws/src/example_interfaces_rclpy' returned '0': AMENT_PREFIX_PATH=/home/aurora/d2lros2/chapt3/chapt3_ws/install/example_ros2_interfaces:${AMENT_PREFIX_PATH} CMAKE_PREFIX_PATH=/home/aurora/d2lros2/chapt3/chapt3_ws/install/example_ros2_interfaces LD_LIBRARY_PATH=/home/aurora/d2lros2/chapt3/chapt3_ws/install/example_ros2_interfaces/lib:${LD_LIBRARY_PATH} PYTHONPATH=/home/aurora/d2lros2/chapt3/chapt3_ws/build/example_interfaces_rclpy/prefix_override:/usr/lib/python3/dist-packages/colcon_core/task/python/colcon_distutils_commands:/home/aurora/d2lros2/chapt3/chapt3_ws/install/example_interfaces_rclpy/lib/python3.10/site-packages:/home/aurora/d2lros2/chapt3/chapt3_ws/install/example_ros2_interfaces/local/lib/python3.10/dist-packages:${PYTHONPATH} /usr/bin/python3 -W ignore:setup.py install is deprecated -W ignore:easy_install command is deprecated setup.py egg_info --egg-base ../../build/example_interfaces_rclpy build --build-base /home/aurora/d2lros2/chapt3/chapt3_ws/build/example_interfaces_rclpy/build install --record /home/aurora/d2lros2/chapt3/chapt3_ws/build/example_interfaces_rclpy/install.log --install-scripts $base/lib/example_interfaces_rclpy --single-version-externally-managed install_data
