[0.289s] Invoking command in '/home/aurora/d2lros2/chapt3/chapt3_ws/src/example_topic_rclpy': PYTHONPATH=/home/aurora/d2lros2/chapt3/chapt3_ws/build/example_topic_rclpy/prefix_override:/usr/lib/python3/dist-packages/colcon_core/task/python/colcon_distutils_commands:/home/aurora/d2lros2/chapt3/chapt3_ws/install/example_topic_rclpy/lib/python3.10/site-packages:${PYTHONPATH} /usr/bin/python3 -W ignore:setup.py install is deprecated -W ignore:easy_install command is deprecated setup.py egg_info --egg-base ../../build/example_topic_rclpy build --build-base /home/aurora/d2lros2/chapt3/chapt3_ws/build/example_topic_rclpy/build install --record /home/aurora/d2lros2/chapt3/chapt3_ws/build/example_topic_rclpy/install.log --install-scripts $base/lib/example_topic_rclpy --single-version-externally-managed install_data
[0.398s] running egg_info
[0.398s] writing ../../build/example_topic_rclpy/example_topic_rclpy.egg-info/PKG-INFO
[0.399s] writing dependency_links to ../../build/example_topic_rclpy/example_topic_rclpy.egg-info/dependency_links.txt
[0.399s] writing entry points to ../../build/example_topic_rclpy/example_topic_rclpy.egg-info/entry_points.txt
[0.399s] writing requirements to ../../build/example_topic_rclpy/example_topic_rclpy.egg-info/requires.txt
[0.399s] writing top-level names to ../../build/example_topic_rclpy/example_topic_rclpy.egg-info/top_level.txt
[0.399s] reading manifest file '../../build/example_topic_rclpy/example_topic_rclpy.egg-info/SOURCES.txt'
[0.400s] writing manifest file '../../build/example_topic_rclpy/example_topic_rclpy.egg-info/SOURCES.txt'
[0.400s] running build
[0.400s] running build_py
[0.400s] running install
[0.400s] running install_lib
[0.401s] running install_data
[0.401s] running install_egg_info
[0.402s] removing '/home/aurora/d2lros2/chapt3/chapt3_ws/install/example_topic_rclpy/lib/python3.10/site-packages/example_topic_rclpy-0.0.0-py3.10.egg-info' (and everything under it)
[0.402s] Copying ../../build/example_topic_rclpy/example_topic_rclpy.egg-info to /home/aurora/d2lros2/chapt3/chapt3_ws/install/example_topic_rclpy/lib/python3.10/site-packages/example_topic_rclpy-0.0.0-py3.10.egg-info
[0.402s] running install_scripts
[0.413s] Installing topic_publisher_02 script to /home/aurora/d2lros2/chapt3/chapt3_ws/install/example_topic_rclpy/lib/example_topic_rclpy
[0.413s] Installing topic_subscriber_02 script to /home/aurora/d2lros2/chapt3/chapt3_ws/install/example_topic_rclpy/lib/example_topic_rclpy
[0.413s] writing list of installed files to '/home/aurora/d2lros2/chapt3/chapt3_ws/build/example_topic_rclpy/install.log'
[0.425s] Invoked command in '/home/aurora/d2lros2/chapt3/chapt3_ws/src/example_topic_rclpy' returned '0': PYTHONPATH=/home/aurora/d2lros2/chapt3/chapt3_ws/build/example_topic_rclpy/prefix_override:/usr/lib/python3/dist-packages/colcon_core/task/python/colcon_distutils_commands:/home/aurora/d2lros2/chapt3/chapt3_ws/install/example_topic_rclpy/lib/python3.10/site-packages:${PYTHONPATH} /usr/bin/python3 -W ignore:setup.py install is deprecated -W ignore:easy_install command is deprecated setup.py egg_info --egg-base ../../build/example_topic_rclpy build --build-base /home/aurora/d2lros2/chapt3/chapt3_ws/build/example_topic_rclpy/build install --record /home/aurora/d2lros2/chapt3/chapt3_ws/build/example_topic_rclpy/install.log --install-scripts $base/lib/example_topic_rclpy --single-version-externally-managed install_data
