[0.274s] Invoking command in '/home/aurora/d2lros2/chapt4/chapt4_ws/src/example_action_rclpy': PYTHONPATH=/home/aurora/d2lros2/chapt4/chapt4_ws/build/example_action_rclpy/prefix_override:/usr/lib/python3/dist-packages/colcon_core/task/python/colcon_distutils_commands:/home/aurora/d2lros2/chapt4/chapt4_ws/install/example_action_rclpy/lib/python3.10/site-packages:${PYTHONPATH} /usr/bin/python3 -W ignore:setup.py install is deprecated -W ignore:easy_install command is deprecated setup.py egg_info --egg-base ../../build/example_action_rclpy build --build-base /home/aurora/d2lros2/chapt4/chapt4_ws/build/example_action_rclpy/build install --record /home/aurora/d2lros2/chapt4/chapt4_ws/build/example_action_rclpy/install.log --install-scripts $base/lib/example_action-rclpy --single-version-externally-managed install_data
[0.381s] running egg_info
[0.381s] writing ../../build/example_action_rclpy/example_action_rclpy.egg-info/PKG-INFO
[0.381s] writing dependency_links to ../../build/example_action_rclpy/example_action_rclpy.egg-info/dependency_links.txt
[0.382s] writing entry points to ../../build/example_action_rclpy/example_action_rclpy.egg-info/entry_points.txt
[0.382s] writing requirements to ../../build/example_action_rclpy/example_action_rclpy.egg-info/requires.txt
[0.382s] writing top-level names to ../../build/example_action_rclpy/example_action_rclpy.egg-info/top_level.txt
[0.382s] reading manifest file '../../build/example_action_rclpy/example_action_rclpy.egg-info/SOURCES.txt'
[0.383s] writing manifest file '../../build/example_action_rclpy/example_action_rclpy.egg-info/SOURCES.txt'
[0.383s] running build
[0.383s] running build_py
[0.383s] running install
[0.383s] running install_lib
[0.384s] running install_data
[0.384s] copying resource/example_action_rclpy -> /home/aurora/d2lros2/chapt4/chapt4_ws/install/example_action_rclpy/share/ament_index/resource_index/packages
[0.384s] copying package.xml -> /home/aurora/d2lros2/chapt4/chapt4_ws/install/example_action_rclpy/share/example_action_rclpy
[0.384s] running install_egg_info
[0.385s] Copying ../../build/example_action_rclpy/example_action_rclpy.egg-info to /home/aurora/d2lros2/chapt4/chapt4_ws/install/example_action_rclpy/lib/python3.10/site-packages/example_action_rclpy-0.0.0-py3.10.egg-info
[0.385s] running install_scripts
[0.396s] Installing action_control_02 script to /home/aurora/d2lros2/chapt4/chapt4_ws/install/example_action_rclpy/lib/example_action-rclpy
[0.396s] Installing action_robot_02 script to /home/aurora/d2lros2/chapt4/chapt4_ws/install/example_action_rclpy/lib/example_action-rclpy
[0.396s] writing list of installed files to '/home/aurora/d2lros2/chapt4/chapt4_ws/build/example_action_rclpy/install.log'
[0.407s] Invoked command in '/home/aurora/d2lros2/chapt4/chapt4_ws/src/example_action_rclpy' returned '0': PYTHONPATH=/home/aurora/d2lros2/chapt4/chapt4_ws/build/example_action_rclpy/prefix_override:/usr/lib/python3/dist-packages/colcon_core/task/python/colcon_distutils_commands:/home/aurora/d2lros2/chapt4/chapt4_ws/install/example_action_rclpy/lib/python3.10/site-packages:${PYTHONPATH} /usr/bin/python3 -W ignore:setup.py install is deprecated -W ignore:easy_install command is deprecated setup.py egg_info --egg-base ../../build/example_action_rclpy build --build-base /home/aurora/d2lros2/chapt4/chapt4_ws/build/example_action_rclpy/build install --record /home/aurora/d2lros2/chapt4/chapt4_ws/build/example_action_rclpy/install.log --install-scripts $base/lib/example_action-rclpy --single-version-externally-managed install_data
