[0.294s] Invoking command in '/home/aurora/d2lros2/chapt3/chapt3_ws/src/example_interfaces_rclpy': AMENT_PREFIX_PATH=/home/aurora/d2lros2/chapt3/chapt3_ws/install/example_ros2_interfaces:${AMENT_PREFIX_PATH} CMAKE_PREFIX_PATH=/home/aurora/d2lros2/chapt3/chapt3_ws/install/example_ros2_interfaces LD_LIBRARY_PATH=/home/aurora/d2lros2/chapt3/chapt3_ws/install/example_ros2_interfaces/lib:${LD_LIBRARY_PATH} PYTHONPATH=/home/aurora/d2lros2/chapt3/chapt3_ws/build/example_interfaces_rclpy/prefix_override:/usr/lib/python3/dist-packages/colcon_core/task/python/colcon_distutils_commands:/home/aurora/d2lros2/chapt3/chapt3_ws/install/example_interfaces_rclpy/lib/python3.10/site-packages:/home/aurora/d2lros2/chapt3/chapt3_ws/install/example_ros2_interfaces/local/lib/python3.10/dist-packages:${PYTHONPATH} /usr/bin/python3 -W ignore:setup.py install is deprecated -W ignore:easy_install command is deprecated setup.py egg_info --egg-base ../../build/example_interfaces_rclpy build --build-base /home/aurora/d2lros2/chapt3/chapt3_ws/build/example_interfaces_rclpy/build install --record /home/aurora/d2lros2/chapt3/chapt3_ws/build/example_interfaces_rclpy/install.log --install-scripts $base/lib/example_interfaces_rclpy --single-version-externally-managed install_data
[0.402s] running egg_info
[0.403s] writing ../../build/example_interfaces_rclpy/example_interfaces_rclpy.egg-info/PKG-INFO
[0.403s] writing dependency_links to ../../build/example_interfaces_rclpy/example_interfaces_rclpy.egg-info/dependency_links.txt
[0.403s] writing entry points to ../../build/example_interfaces_rclpy/example_interfaces_rclpy.egg-info/entry_points.txt
[0.403s] writing requirements to ../../build/example_interfaces_rclpy/example_interfaces_rclpy.egg-info/requires.txt
[0.403s] writing top-level names to ../../build/example_interfaces_rclpy/example_interfaces_rclpy.egg-info/top_level.txt
[0.404s] reading manifest file '../../build/example_interfaces_rclpy/example_interfaces_rclpy.egg-info/SOURCES.txt'
[0.404s] writing manifest file '../../build/example_interfaces_rclpy/example_interfaces_rclpy.egg-info/SOURCES.txt'
[0.404s] running build
[0.404s] running build_py
[0.404s] copying example_interfaces_rclpy/example_interfaces_robot_02.py -> /home/aurora/d2lros2/chapt3/chapt3_ws/build/example_interfaces_rclpy/build/lib/example_interfaces_rclpy
[0.404s] copying example_interfaces_rclpy/example_interfaces_control_02.py -> /home/aurora/d2lros2/chapt3/chapt3_ws/build/example_interfaces_rclpy/build/lib/example_interfaces_rclpy
[0.405s] running install
[0.405s] running install_lib
[0.405s] copying /home/aurora/d2lros2/chapt3/chapt3_ws/build/example_interfaces_rclpy/build/lib/example_interfaces_rclpy/example_interfaces_robot_02.py -> /home/aurora/d2lros2/chapt3/chapt3_ws/install/example_interfaces_rclpy/lib/python3.10/site-packages/example_interfaces_rclpy
[0.405s] copying /home/aurora/d2lros2/chapt3/chapt3_ws/build/example_interfaces_rclpy/build/lib/example_interfaces_rclpy/example_interfaces_control_02.py -> /home/aurora/d2lros2/chapt3/chapt3_ws/install/example_interfaces_rclpy/lib/python3.10/site-packages/example_interfaces_rclpy
[0.405s] byte-compiling /home/aurora/d2lros2/chapt3/chapt3_ws/install/example_interfaces_rclpy/lib/python3.10/site-packages/example_interfaces_rclpy/example_interfaces_robot_02.py to example_interfaces_robot_02.cpython-310.pyc
[0.406s] byte-compiling /home/aurora/d2lros2/chapt3/chapt3_ws/install/example_interfaces_rclpy/lib/python3.10/site-packages/example_interfaces_rclpy/example_interfaces_control_02.py to example_interfaces_control_02.cpython-310.pyc
[0.406s] running install_data
[0.406s] running install_egg_info
[0.407s] removing '/home/aurora/d2lros2/chapt3/chapt3_ws/install/example_interfaces_rclpy/lib/python3.10/site-packages/example_interfaces_rclpy-0.0.0-py3.10.egg-info' (and everything under it)
[0.407s] Copying ../../build/example_interfaces_rclpy/example_interfaces_rclpy.egg-info to /home/aurora/d2lros2/chapt3/chapt3_ws/install/example_interfaces_rclpy/lib/python3.10/site-packages/example_interfaces_rclpy-0.0.0-py3.10.egg-info
[0.407s] running install_scripts
[0.418s] Installing example_interfaces_control_02 script to /home/aurora/d2lros2/chapt3/chapt3_ws/install/example_interfaces_rclpy/lib/example_interfaces_rclpy
[0.418s] Installing example_interfaces_robot_02 script to /home/aurora/d2lros2/chapt3/chapt3_ws/install/example_interfaces_rclpy/lib/example_interfaces_rclpy
[0.418s] writing list of installed files to '/home/aurora/d2lros2/chapt3/chapt3_ws/build/example_interfaces_rclpy/install.log'
[0.430s] Invoked command in '/home/aurora/d2lros2/chapt3/chapt3_ws/src/example_interfaces_rclpy' returned '0': AMENT_PREFIX_PATH=/home/aurora/d2lros2/chapt3/chapt3_ws/install/example_ros2_interfaces:${AMENT_PREFIX_PATH} CMAKE_PREFIX_PATH=/home/aurora/d2lros2/chapt3/chapt3_ws/install/example_ros2_interfaces LD_LIBRARY_PATH=/home/aurora/d2lros2/chapt3/chapt3_ws/install/example_ros2_interfaces/lib:${LD_LIBRARY_PATH} PYTHONPATH=/home/aurora/d2lros2/chapt3/chapt3_ws/build/example_interfaces_rclpy/prefix_override:/usr/lib/python3/dist-packages/colcon_core/task/python/colcon_distutils_commands:/home/aurora/d2lros2/chapt3/chapt3_ws/install/example_interfaces_rclpy/lib/python3.10/site-packages:/home/aurora/d2lros2/chapt3/chapt3_ws/install/example_ros2_interfaces/local/lib/python3.10/dist-packages:${PYTHONPATH} /usr/bin/python3 -W ignore:setup.py install is deprecated -W ignore:easy_install command is deprecated setup.py egg_info --egg-base ../../build/example_interfaces_rclpy build --build-base /home/aurora/d2lros2/chapt3/chapt3_ws/build/example_interfaces_rclpy/build install --record /home/aurora/d2lros2/chapt3/chapt3_ws/build/example_interfaces_rclpy/install.log --install-scripts $base/lib/example_interfaces_rclpy --single-version-externally-managed install_data
