[0.290s] Invoking command in '/home/aurora/d2lros2/chapt3/chapt3_ws/build/example_interfaces_rclpy': CMAKE_PREFIX_PATH=/home/aurora/d2lros2/chapt3/chapt3_ws/install/example_ros2_interfaces:/home/aurora/d2lros2/chapt3/chapt3_ws/install/example_topic_rclcpp PYTHONPATH=/home/aurora/d2lros2/chapt3/chapt3_ws/build/example_interfaces_rclpy/prefix_override:/usr/lib/python3/dist-packages/colcon_core/task/python/colcon_distutils_commands:/home/aurora/d2lros2/chapt3/chapt3_ws/install/example_interfaces_rclpy/lib/python3.10/site-packages:${PYTHONPATH} /usr/bin/python3 -W ignore:setup.py install is deprecated -W ignore:easy_install command is deprecated setup.py develop --uninstall --editable --build-directory /home/aurora/d2lros2/chapt3/chapt3_ws/build/example_interfaces_rclpy/build
[0.415s] running develop
[0.481s] Removing /home/aurora/d2lros2/chapt3/chapt3_ws/install/example_interfaces_rclpy/lib/python3.10/site-packages/example-interfaces-rclpy.egg-link (link to .)
[0.493s] Invoked command in '/home/aurora/d2lros2/chapt3/chapt3_ws/build/example_interfaces_rclpy' returned '0': CMAKE_PREFIX_PATH=/home/aurora/d2lros2/chapt3/chapt3_ws/install/example_ros2_interfaces:/home/aurora/d2lros2/chapt3/chapt3_ws/install/example_topic_rclcpp PYTHONPATH=/home/aurora/d2lros2/chapt3/chapt3_ws/build/example_interfaces_rclpy/prefix_override:/usr/lib/python3/dist-packages/colcon_core/task/python/colcon_distutils_commands:/home/aurora/d2lros2/chapt3/chapt3_ws/install/example_interfaces_rclpy/lib/python3.10/site-packages:${PYTHONPATH} /usr/bin/python3 -W ignore:setup.py install is deprecated -W ignore:easy_install command is deprecated setup.py develop --uninstall --editable --build-directory /home/aurora/d2lros2/chapt3/chapt3_ws/build/example_interfaces_rclpy/build
[0.494s] Invoking command in '/home/aurora/d2lros2/chapt3/chapt3_ws/src/example_interfaces_rclpy': CMAKE_PREFIX_PATH=/home/aurora/d2lros2/chapt3/chapt3_ws/install/example_ros2_interfaces:/home/aurora/d2lros2/chapt3/chapt3_ws/install/example_topic_rclcpp PYTHONPATH=/home/aurora/d2lros2/chapt3/chapt3_ws/build/example_interfaces_rclpy/prefix_override:/usr/lib/python3/dist-packages/colcon_core/task/python/colcon_distutils_commands:/home/aurora/d2lros2/chapt3/chapt3_ws/install/example_interfaces_rclpy/lib/python3.10/site-packages:${PYTHONPATH} /usr/bin/python3 -W ignore:setup.py install is deprecated -W ignore:easy_install command is deprecated setup.py egg_info --egg-base ../../build/example_interfaces_rclpy build --build-base /home/aurora/d2lros2/chapt3/chapt3_ws/build/example_interfaces_rclpy/build install --record /home/aurora/d2lros2/chapt3/chapt3_ws/build/example_interfaces_rclpy/install.log --install-scripts $base/lib/example_interfaces_rclpy --single-version-externally-managed install_data --force
[0.603s] running egg_info
[0.603s] writing ../../build/example_interfaces_rclpy/example_interfaces_rclpy.egg-info/PKG-INFO
[0.603s] writing dependency_links to ../../build/example_interfaces_rclpy/example_interfaces_rclpy.egg-info/dependency_links.txt
[0.604s] writing entry points to ../../build/example_interfaces_rclpy/example_interfaces_rclpy.egg-info/entry_points.txt
[0.604s] writing requirements to ../../build/example_interfaces_rclpy/example_interfaces_rclpy.egg-info/requires.txt
[0.604s] writing top-level names to ../../build/example_interfaces_rclpy/example_interfaces_rclpy.egg-info/top_level.txt
[0.604s] reading manifest file '../../build/example_interfaces_rclpy/example_interfaces_rclpy.egg-info/SOURCES.txt'
[0.605s] writing manifest file '../../build/example_interfaces_rclpy/example_interfaces_rclpy.egg-info/SOURCES.txt'
[0.605s] running build
[0.605s] running build_py
[0.605s] copying example_interfaces_rclpy/example_interfaces_robot_02.py -> /home/aurora/d2lros2/chapt3/chapt3_ws/build/example_interfaces_rclpy/build/lib/example_interfaces_rclpy
[0.605s] copying example_interfaces_rclpy/example_interfaces_control_02.py -> /home/aurora/d2lros2/chapt3/chapt3_ws/build/example_interfaces_rclpy/build/lib/example_interfaces_rclpy
[0.605s] running install
[0.605s] running install_lib
[0.606s] creating /home/aurora/d2lros2/chapt3/chapt3_ws/install/example_interfaces_rclpy/lib/python3.10/site-packages/example_interfaces_rclpy
[0.606s] copying /home/aurora/d2lros2/chapt3/chapt3_ws/build/example_interfaces_rclpy/build/lib/example_interfaces_rclpy/example_interfaces_robot_02.py -> /home/aurora/d2lros2/chapt3/chapt3_ws/install/example_interfaces_rclpy/lib/python3.10/site-packages/example_interfaces_rclpy
[0.606s] copying /home/aurora/d2lros2/chapt3/chapt3_ws/build/example_interfaces_rclpy/build/lib/example_interfaces_rclpy/__init__.py -> /home/aurora/d2lros2/chapt3/chapt3_ws/install/example_interfaces_rclpy/lib/python3.10/site-packages/example_interfaces_rclpy
[0.606s] copying /home/aurora/d2lros2/chapt3/chapt3_ws/build/example_interfaces_rclpy/build/lib/example_interfaces_rclpy/example_interfaces_control_02.py -> /home/aurora/d2lros2/chapt3/chapt3_ws/install/example_interfaces_rclpy/lib/python3.10/site-packages/example_interfaces_rclpy
[0.606s] byte-compiling /home/aurora/d2lros2/chapt3/chapt3_ws/install/example_interfaces_rclpy/lib/python3.10/site-packages/example_interfaces_rclpy/example_interfaces_robot_02.py to example_interfaces_robot_02.cpython-310.pyc
[0.606s] byte-compiling /home/aurora/d2lros2/chapt3/chapt3_ws/install/example_interfaces_rclpy/lib/python3.10/site-packages/example_interfaces_rclpy/__init__.py to __init__.cpython-310.pyc
[0.606s] byte-compiling /home/aurora/d2lros2/chapt3/chapt3_ws/install/example_interfaces_rclpy/lib/python3.10/site-packages/example_interfaces_rclpy/example_interfaces_control_02.py to example_interfaces_control_02.cpython-310.pyc
[0.606s] running install_data
[0.606s] copying resource/example_interfaces_rclpy -> /home/aurora/d2lros2/chapt3/chapt3_ws/install/example_interfaces_rclpy/share/ament_index/resource_index/packages
[0.606s] copying package.xml -> /home/aurora/d2lros2/chapt3/chapt3_ws/install/example_interfaces_rclpy/share/example_interfaces_rclpy
[0.607s] running install_egg_info
[0.607s] Copying ../../build/example_interfaces_rclpy/example_interfaces_rclpy.egg-info to /home/aurora/d2lros2/chapt3/chapt3_ws/install/example_interfaces_rclpy/lib/python3.10/site-packages/example_interfaces_rclpy-0.0.0-py3.10.egg-info
[0.608s] running install_scripts
[0.618s] Installing example_interfaces_control_02 script to /home/aurora/d2lros2/chapt3/chapt3_ws/install/example_interfaces_rclpy/lib/example_interfaces_rclpy
[0.619s] Installing example_interfaces_robot_02 script to /home/aurora/d2lros2/chapt3/chapt3_ws/install/example_interfaces_rclpy/lib/example_interfaces_rclpy
[0.619s] writing list of installed files to '/home/aurora/d2lros2/chapt3/chapt3_ws/build/example_interfaces_rclpy/install.log'
[0.630s] Invoked command in '/home/aurora/d2lros2/chapt3/chapt3_ws/src/example_interfaces_rclpy' returned '0': CMAKE_PREFIX_PATH=/home/aurora/d2lros2/chapt3/chapt3_ws/install/example_ros2_interfaces:/home/aurora/d2lros2/chapt3/chapt3_ws/install/example_topic_rclcpp PYTHONPATH=/home/aurora/d2lros2/chapt3/chapt3_ws/build/example_interfaces_rclpy/prefix_override:/usr/lib/python3/dist-packages/colcon_core/task/python/colcon_distutils_commands:/home/aurora/d2lros2/chapt3/chapt3_ws/install/example_interfaces_rclpy/lib/python3.10/site-packages:${PYTHONPATH} /usr/bin/python3 -W ignore:setup.py install is deprecated -W ignore:easy_install command is deprecated setup.py egg_info --egg-base ../../build/example_interfaces_rclpy build --build-base /home/aurora/d2lros2/chapt3/chapt3_ws/build/example_interfaces_rclpy/build install --record /home/aurora/d2lros2/chapt3/chapt3_ws/build/example_interfaces_rclpy/install.log --install-scripts $base/lib/example_interfaces_rclpy --single-version-externally-managed install_data --force
