running egg_info
writing ../../build/example_action_rclpy/example_action_rclpy.egg-info/PKG-INFO
writing dependency_links to ../../build/example_action_rclpy/example_action_rclpy.egg-info/dependency_links.txt
writing entry points to ../../build/example_action_rclpy/example_action_rclpy.egg-info/entry_points.txt
writing requirements to ../../build/example_action_rclpy/example_action_rclpy.egg-info/requires.txt
writing top-level names to ../../build/example_action_rclpy/example_action_rclpy.egg-info/top_level.txt
reading manifest file '../../build/example_action_rclpy/example_action_rclpy.egg-info/SOURCES.txt'
writing manifest file '../../build/example_action_rclpy/example_action_rclpy.egg-info/SOURCES.txt'
running build
running build_py
copying example_action_rclpy/action_control_02.py -> /home/aurora/d2lros2/chapt4/chapt4_ws/build/example_action_rclpy/build/lib/example_action_rclpy
copying example_action_rclpy/robot.py -> /home/aurora/d2lros2/chapt4/chapt4_ws/build/example_action_rclpy/build/lib/example_action_rclpy
copying example_action_rclpy/action_robot_02.py -> /home/aurora/d2lros2/chapt4/chapt4_ws/build/example_action_rclpy/build/lib/example_action_rclpy
running install
running install_lib
copying /home/aurora/d2lros2/chapt4/chapt4_ws/build/example_action_rclpy/build/lib/example_action_rclpy/action_control_02.py -> /home/aurora/d2lros2/chapt4/chapt4_ws/install/example_action_rclpy/lib/python3.10/site-packages/example_action_rclpy
copying /home/aurora/d2lros2/chapt4/chapt4_ws/build/example_action_rclpy/build/lib/example_action_rclpy/robot.py -> /home/aurora/d2lros2/chapt4/chapt4_ws/install/example_action_rclpy/lib/python3.10/site-packages/example_action_rclpy
copying /home/aurora/d2lros2/chapt4/chapt4_ws/build/example_action_rclpy/build/lib/example_action_rclpy/action_robot_02.py -> /home/aurora/d2lros2/chapt4/chapt4_ws/install/example_action_rclpy/lib/python3.10/site-packages/example_action_rclpy
byte-compiling /home/aurora/d2lros2/chapt4/chapt4_ws/install/example_action_rclpy/lib/python3.10/site-packages/example_action_rclpy/action_control_02.py to action_control_02.cpython-310.pyc
byte-compiling /home/aurora/d2lros2/chapt4/chapt4_ws/install/example_action_rclpy/lib/python3.10/site-packages/example_action_rclpy/robot.py to robot.cpython-310.pyc
byte-compiling /home/aurora/d2lros2/chapt4/chapt4_ws/install/example_action_rclpy/lib/python3.10/site-packages/example_action_rclpy/action_robot_02.py to action_robot_02.cpython-310.pyc
  File "/home/aurora/d2lros2/chapt4/chapt4_ws/install/example_action_rclpy/lib/python3.10/site-packages/example_action_rclpy/action_robot_02.py", line 19
    def cancel_callback(self,goal_handle)
                                         ^
SyntaxError: expected ':'

running install_data
running install_egg_info
removing '/home/aurora/d2lros2/chapt4/chapt4_ws/install/example_action_rclpy/lib/python3.10/site-packages/example_action_rclpy-0.0.0-py3.10.egg-info' (and everything under it)
Copying ../../build/example_action_rclpy/example_action_rclpy.egg-info to /home/aurora/d2lros2/chapt4/chapt4_ws/install/example_action_rclpy/lib/python3.10/site-packages/example_action_rclpy-0.0.0-py3.10.egg-info
running install_scripts
Installing action_control_02 script to /home/aurora/d2lros2/chapt4/chapt4_ws/install/example_action_rclpy/lib/example_action_rclpy
Installing action_robot_02 script to /home/aurora/d2lros2/chapt4/chapt4_ws/install/example_action_rclpy/lib/example_action_rclpy
writing list of installed files to '/home/aurora/d2lros2/chapt4/chapt4_ws/build/example_action_rclpy/install.log'
