[0.294s] Invoking command in '/home/aurora/d2lros2/chapt4/chapt4_ws/src/example_action_rclpy': PYTHONPATH=/home/aurora/d2lros2/chapt4/chapt4_ws/build/example_action_rclpy/prefix_override:/usr/lib/python3/dist-packages/colcon_core/task/python/colcon_distutils_commands:/home/aurora/d2lros2/chapt4/chapt4_ws/install/example_action_rclpy/lib/python3.10/site-packages:${PYTHONPATH} /usr/bin/python3 -W ignore:setup.py install is deprecated -W ignore:easy_install command is deprecated setup.py egg_info --egg-base ../../build/example_action_rclpy build --build-base /home/aurora/d2lros2/chapt4/chapt4_ws/build/example_action_rclpy/build install --record /home/aurora/d2lros2/chapt4/chapt4_ws/build/example_action_rclpy/install.log --install-scripts $base/lib/example_action_rclpy --single-version-externally-managed install_data
[0.400s] running egg_info
[0.400s] writing ../../build/example_action_rclpy/example_action_rclpy.egg-info/PKG-INFO
[0.400s] writing dependency_links to ../../build/example_action_rclpy/example_action_rclpy.egg-info/dependency_links.txt
[0.401s] writing entry points to ../../build/example_action_rclpy/example_action_rclpy.egg-info/entry_points.txt
[0.401s] writing requirements to ../../build/example_action_rclpy/example_action_rclpy.egg-info/requires.txt
[0.401s] writing top-level names to ../../build/example_action_rclpy/example_action_rclpy.egg-info/top_level.txt
[0.401s] reading manifest file '../../build/example_action_rclpy/example_action_rclpy.egg-info/SOURCES.txt'
[0.402s] writing manifest file '../../build/example_action_rclpy/example_action_rclpy.egg-info/SOURCES.txt'
[0.402s] running build
[0.402s] running build_py
[0.402s] copying example_action_rclpy/action_control_02.py -> /home/aurora/d2lros2/chapt4/chapt4_ws/build/example_action_rclpy/build/lib/example_action_rclpy
[0.402s] copying example_action_rclpy/robot.py -> /home/aurora/d2lros2/chapt4/chapt4_ws/build/example_action_rclpy/build/lib/example_action_rclpy
[0.402s] copying example_action_rclpy/action_robot_02.py -> /home/aurora/d2lros2/chapt4/chapt4_ws/build/example_action_rclpy/build/lib/example_action_rclpy
[0.402s] running install
[0.402s] running install_lib
[0.403s] copying /home/aurora/d2lros2/chapt4/chapt4_ws/build/example_action_rclpy/build/lib/example_action_rclpy/action_control_02.py -> /home/aurora/d2lros2/chapt4/chapt4_ws/install/example_action_rclpy/lib/python3.10/site-packages/example_action_rclpy
[0.403s] copying /home/aurora/d2lros2/chapt4/chapt4_ws/build/example_action_rclpy/build/lib/example_action_rclpy/robot.py -> /home/aurora/d2lros2/chapt4/chapt4_ws/install/example_action_rclpy/lib/python3.10/site-packages/example_action_rclpy
[0.403s] copying /home/aurora/d2lros2/chapt4/chapt4_ws/build/example_action_rclpy/build/lib/example_action_rclpy/action_robot_02.py -> /home/aurora/d2lros2/chapt4/chapt4_ws/install/example_action_rclpy/lib/python3.10/site-packages/example_action_rclpy
[0.403s] byte-compiling /home/aurora/d2lros2/chapt4/chapt4_ws/install/example_action_rclpy/lib/python3.10/site-packages/example_action_rclpy/action_control_02.py to action_control_02.cpython-310.pyc
[0.403s] byte-compiling /home/aurora/d2lros2/chapt4/chapt4_ws/install/example_action_rclpy/lib/python3.10/site-packages/example_action_rclpy/robot.py to robot.cpython-310.pyc
[0.403s] byte-compiling /home/aurora/d2lros2/chapt4/chapt4_ws/install/example_action_rclpy/lib/python3.10/site-packages/example_action_rclpy/action_robot_02.py to action_robot_02.cpython-310.pyc
[0.404s]   File "/home/aurora/d2lros2/chapt4/chapt4_ws/install/example_action_rclpy/lib/python3.10/site-packages/example_action_rclpy/action_robot_02.py", line 19
[0.404s]     def cancel_callback(self,goal_handle)
[0.404s]                                          ^
[0.404s] SyntaxError: expected ':'
[0.404s] 
[0.404s] running install_data
[0.404s] running install_egg_info
[0.405s] removing '/home/aurora/d2lros2/chapt4/chapt4_ws/install/example_action_rclpy/lib/python3.10/site-packages/example_action_rclpy-0.0.0-py3.10.egg-info' (and everything under it)
[0.405s] Copying ../../build/example_action_rclpy/example_action_rclpy.egg-info to /home/aurora/d2lros2/chapt4/chapt4_ws/install/example_action_rclpy/lib/python3.10/site-packages/example_action_rclpy-0.0.0-py3.10.egg-info
[0.405s] running install_scripts
[0.416s] Installing action_control_02 script to /home/aurora/d2lros2/chapt4/chapt4_ws/install/example_action_rclpy/lib/example_action_rclpy
[0.416s] Installing action_robot_02 script to /home/aurora/d2lros2/chapt4/chapt4_ws/install/example_action_rclpy/lib/example_action_rclpy
[0.416s] writing list of installed files to '/home/aurora/d2lros2/chapt4/chapt4_ws/build/example_action_rclpy/install.log'
[0.427s] Invoked command in '/home/aurora/d2lros2/chapt4/chapt4_ws/src/example_action_rclpy' returned '0': PYTHONPATH=/home/aurora/d2lros2/chapt4/chapt4_ws/build/example_action_rclpy/prefix_override:/usr/lib/python3/dist-packages/colcon_core/task/python/colcon_distutils_commands:/home/aurora/d2lros2/chapt4/chapt4_ws/install/example_action_rclpy/lib/python3.10/site-packages:${PYTHONPATH} /usr/bin/python3 -W ignore:setup.py install is deprecated -W ignore:easy_install command is deprecated setup.py egg_info --egg-base ../../build/example_action_rclpy build --build-base /home/aurora/d2lros2/chapt4/chapt4_ws/build/example_action_rclpy/build install --record /home/aurora/d2lros2/chapt4/chapt4_ws/build/example_action_rclpy/install.log --install-scripts $base/lib/example_action_rclpy --single-version-externally-managed install_data
