[01m[K/home/aurora/d2lros2/chapt3/chapt3_ws/src/example_topic_rclcpp/src/topic_publisher_01.cpp:18:5:[m[K [01;31m[Kerror: [m[K‘[01m[KrclcppC[m[K’ does not name a type
   18 |     [01;31m[KrclcppC[m[K::TimerBase::SharedPtr timer_;
      |     [01;31m[K^~~~~~~[m[K
[01m[K/home/aurora/d2lros2/chapt3/chapt3_ws/src/example_topic_rclcpp/src/topic_publisher_01.cpp:[m[K In constructor ‘[01m[KTopicPublisher01::TopicPublisher01(std::string)[m[K’:
[01m[K/home/aurora/d2lros2/chapt3/chapt3_ws/src/example_topic_rclcpp/src/topic_publisher_01.cpp:12:9:[m[K [01;31m[Kerror: [m[K‘[01m[Ktimer_[m[K’ was not declared in this scope; did you mean ‘[01m[Ktimer_t[m[K’?
   12 |         [01;31m[Ktimer_[m[K = this->create_wall_timer(std::chrono::milliseconds(500),std::bind(&TopicPublisher01::timer_callback,this));
      |         [01;31m[K^~~~~~[m[K
      |         [32m[Ktimer_t[m[K
[01m[K/home/aurora/d2lros2/chapt3/chapt3_ws/src/example_topic_rclcpp/src/topic_publisher_01.cpp:12:102:[m[K [01;31m[Kerror: [m[K‘[01m[Ktimer_callback[m[K’ is not a member of ‘[01m[KTopicPublisher01[m[K’
   12 | ono::milliseconds(500),std::bind(&TopicPublisher01::[01;31m[Ktimer_callback[m[K,this));
      |                                                     [01;31m[K^~~~~~~~~~~~~~[m[K

[01m[K/home/aurora/d2lros2/chapt3/chapt3_ws/src/example_topic_rclcpp/src/topic_publisher_01.cpp:[m[K At global scope:
[01m[K/home/aurora/d2lros2/chapt3/chapt3_ws/src/example_topic_rclcpp/src/topic_publisher_01.cpp:23:6:[m[K [01;31m[Kerror: [m[Kno declaration matches ‘[01m[Kvoid TopicPublisher01::timer_callback()[m[K’
   23 | void [01;31m[KTopicPublisher01[m[K::timer_callback()
      |      [01;31m[K^~~~~~~~~~~~~~~~[m[K
[01m[K/home/aurora/d2lros2/chapt3/chapt3_ws/src/example_topic_rclcpp/src/topic_publisher_01.cpp:23:6:[m[K [01;36m[Knote: [m[Kno functions named ‘[01m[Kvoid TopicPublisher01::timer_callback()[m[K’
[01m[K/home/aurora/d2lros2/chapt3/chapt3_ws/src/example_topic_rclcpp/src/topic_publisher_01.cpp:5:7:[m[K [01;36m[Knote: [m[K‘[01m[Kclass TopicPublisher01[m[K’ defined here
    5 | class [01;36m[KTopicPublisher01[m[K:public rclcpp::Node
      |       [01;36m[K^~~~~~~~~~~~~~~~[m[K
gmake[2]: *** [CMakeFiles/topic_publisher_01.dir/build.make:76：CMakeFiles/topic_publisher_01.dir/src/topic_publisher_01.cpp.o] 错误 1
gmake[1]: *** [CMakeFiles/Makefile2:137：CMakeFiles/topic_publisher_01.dir/all] 错误 2
gmake: *** [Makefile:146：all] 错误 2
