[0.007s] Invoking command in '/home/aurora/d2lros2/chapt3/chapt3_ws/build/example_topic_rclcpp': CMAKE_PREFIX_PATH=/opt/ros/humble /usr/bin/cmake --build /home/aurora/d2lros2/chapt3/chapt3_ws/build/example_topic_rclcpp -- -j24 -l24
[0.025s] -- Found ament_cmake: 1.3.14 (/opt/ros/humble/share/ament_cmake/cmake)
[0.103s] -- Found rclcpp: 16.0.21 (/opt/ros/humble/share/rclcpp/cmake)
[0.120s] -- Found rosidl_generator_c: 3.1.9 (/opt/ros/humble/share/rosidl_generator_c/cmake)
[0.121s] -- Found rosidl_adapter: 3.1.9 (/opt/ros/humble/share/rosidl_adapter/cmake)
[0.124s] -- Found rosidl_generator_cpp: 3.1.9 (/opt/ros/humble/share/rosidl_generator_cpp/cmake)
[0.130s] -- Using all available rosidl_typesupport_c: rosidl_typesupport_fastrtps_c;rosidl_typesupport_introspection_c
[0.136s] -- Using all available rosidl_typesupport_cpp: rosidl_typesupport_fastrtps_cpp;rosidl_typesupport_introspection_cpp
[0.153s] -- Found rmw_implementation_cmake: 6.1.4 (/opt/ros/humble/share/rmw_implementation_cmake/cmake)
[0.153s] -- Found rmw_fastrtps_cpp: 6.2.10 (/opt/ros/humble/share/rmw_fastrtps_cpp/cmake)
[0.214s] -- Using RMW implementation 'rmw_fastrtps_cpp' as default
[0.240s] -- Found ament_lint_auto: 0.12.15 (/opt/ros/humble/share/ament_lint_auto/cmake)
[0.274s] -- Added test 'cppcheck' to perform static code analysis on C / C++ code
[0.274s] -- Configured cppcheck include dirs: 
[0.274s] -- Configured cppcheck exclude dirs and/or files: 
[0.274s] -- Added test 'lint_cmake' to check CMake code style
[0.274s] -- Added test 'uncrustify' to check C / C++ code style
[0.274s] -- Configured uncrustify additional arguments: 
[0.274s] -- Added test 'xmllint' to check XML markup files
[0.275s] -- Configuring done
[0.279s] -- Generating done
[0.300s] -- Build files have been written to: /home/aurora/d2lros2/chapt3/chapt3_ws/build/example_topic_rclcpp
[0.323s] [35m[1mConsolidate compiler generated dependencies of target topic_publisher_01[0m
[0.346s] [ 50%] [32mBuilding CXX object CMakeFiles/topic_publisher_01.dir/src/topic_publisher_01.cpp.o[0m
[1.479s] [01m[K/home/aurora/d2lros2/chapt3/chapt3_ws/src/example_topic_rclcpp/src/topic_publisher_01.cpp:18:5:[m[K [01;31m[Kerror: [m[K‘[01m[KrclcppC[m[K’ does not name a type
[1.479s]    18 |     [01;31m[KrclcppC[m[K::TimerBase::SharedPtr timer_;
[1.479s]       |     [01;31m[K^~~~~~~[m[K
[1.483s] [01m[K/home/aurora/d2lros2/chapt3/chapt3_ws/src/example_topic_rclcpp/src/topic_publisher_01.cpp:[m[K In constructor ‘[01m[KTopicPublisher01::TopicPublisher01(std::string)[m[K’:
[1.483s] [01m[K/home/aurora/d2lros2/chapt3/chapt3_ws/src/example_topic_rclcpp/src/topic_publisher_01.cpp:12:9:[m[K [01;31m[Kerror: [m[K‘[01m[Ktimer_[m[K’ was not declared in this scope; did you mean ‘[01m[Ktimer_t[m[K’?
[1.483s]    12 |         [01;31m[Ktimer_[m[K = this->create_wall_timer(std::chrono::milliseconds(500),std::bind(&TopicPublisher01::timer_callback,this));
[1.483s]       |         [01;31m[K^~~~~~[m[K
[1.483s]       |         [32m[Ktimer_t[m[K
[1.483s] [01m[K/home/aurora/d2lros2/chapt3/chapt3_ws/src/example_topic_rclcpp/src/topic_publisher_01.cpp:12:102:[m[K [01;31m[Kerror: [m[K‘[01m[Ktimer_callback[m[K’ is not a member of ‘[01m[KTopicPublisher01[m[K’
[1.483s]    12 | ono::milliseconds(500),std::bind(&TopicPublisher01::[01;31m[Ktimer_callback[m[K,this));
[1.483s]       |                                                     [01;31m[K^~~~~~~~~~~~~~[m[K
[1.483s] 
[1.483s] [01m[K/home/aurora/d2lros2/chapt3/chapt3_ws/src/example_topic_rclcpp/src/topic_publisher_01.cpp:[m[K At global scope:
[1.483s] [01m[K/home/aurora/d2lros2/chapt3/chapt3_ws/src/example_topic_rclcpp/src/topic_publisher_01.cpp:23:6:[m[K [01;31m[Kerror: [m[Kno declaration matches ‘[01m[Kvoid TopicPublisher01::timer_callback()[m[K’
[1.483s]    23 | void [01;31m[KTopicPublisher01[m[K::timer_callback()
[1.484s]       |      [01;31m[K^~~~~~~~~~~~~~~~[m[K
[1.484s] [01m[K/home/aurora/d2lros2/chapt3/chapt3_ws/src/example_topic_rclcpp/src/topic_publisher_01.cpp:23:6:[m[K [01;36m[Knote: [m[Kno functions named ‘[01m[Kvoid TopicPublisher01::timer_callback()[m[K’
[1.484s] [01m[K/home/aurora/d2lros2/chapt3/chapt3_ws/src/example_topic_rclcpp/src/topic_publisher_01.cpp:5:7:[m[K [01;36m[Knote: [m[K‘[01m[Kclass TopicPublisher01[m[K’ defined here
[1.484s]     5 | class [01;36m[KTopicPublisher01[m[K:public rclcpp::Node
[1.484s]       |       [01;36m[K^~~~~~~~~~~~~~~~[m[K
[1.894s] gmake[2]: *** [CMakeFiles/topic_publisher_01.dir/build.make:76：CMakeFiles/topic_publisher_01.dir/src/topic_publisher_01.cpp.o] 错误 1
[1.894s] gmake[1]: *** [CMakeFiles/Makefile2:137：CMakeFiles/topic_publisher_01.dir/all] 错误 2
[1.894s] gmake: *** [Makefile:146：all] 错误 2
[1.897s] Invoked command in '/home/aurora/d2lros2/chapt3/chapt3_ws/build/example_topic_rclcpp' returned '2': CMAKE_PREFIX_PATH=/opt/ros/humble /usr/bin/cmake --build /home/aurora/d2lros2/chapt3/chapt3_ws/build/example_topic_rclcpp -- -j24 -l24
