running egg_info
writing ../../build/example_action_rclpy/example_action_rclpy.egg-info/PKG-INFO
writing dependency_links to ../../build/example_action_rclpy/example_action_rclpy.egg-info/dependency_links.txt
writing entry points to ../../build/example_action_rclpy/example_action_rclpy.egg-info/entry_points.txt
writing requirements to ../../build/example_action_rclpy/example_action_rclpy.egg-info/requires.txt
writing top-level names to ../../build/example_action_rclpy/example_action_rclpy.egg-info/top_level.txt
reading manifest file '../../build/example_action_rclpy/example_action_rclpy.egg-info/SOURCES.txt'
writing manifest file '../../build/example_action_rclpy/example_action_rclpy.egg-info/SOURCES.txt'
running build
running build_py
running install
running install_lib
running install_data
running install_egg_info
removing '/home/aurora/d2lros2/chapt4/chapt4_ws/install/example_action_rclpy/lib/python3.10/site-packages/example_action_rclpy-0.0.0-py3.10.egg-info' (and everything under it)
Copying ../../build/example_action_rclpy/example_action_rclpy.egg-info to /home/aurora/d2lros2/chapt4/chapt4_ws/install/example_action_rclpy/lib/python3.10/site-packages/example_action_rclpy-0.0.0-py3.10.egg-info
running install_scripts
Installing action_control_02 script to /home/aurora/d2lros2/chapt4/chapt4_ws/install/example_action_rclpy/lib/example_action_rclpy
Installing action_robot_02 script to /home/aurora/d2lros2/chapt4/chapt4_ws/install/example_action_rclpy/lib/example_action_rclpy
writing list of installed files to '/home/aurora/d2lros2/chapt4/chapt4_ws/build/example_action_rclpy/install.log'
