[0.051s] DEBUG:colcon:Command line arguments: ['/usr/bin/colcon', 'build', '--packages-select', 'example_action_rclpy']
[0.051s] DEBUG:colcon:Parsed command line arguments: Namespace(log_base=None, log_level=None, verb_name='build', build_base='build', install_base='install', merge_install=False, symlink_install=False, test_result_base=None, continue_on_error=False, executor='parallel', parallel_workers=24, event_handlers=None, ignore_user_meta=False, metas=['./colcon.meta'], base_paths=['.'], packages_ignore=None, packages_ignore_regex=None, paths=None, packages_up_to=None, packages_up_to_regex=None, packages_above=None, packages_above_and_dependencies=None, packages_above_depth=None, packages_select_by_dep=None, packages_skip_by_dep=None, packages_skip_up_to=None, packages_select_build_failed=False, packages_skip_build_finished=False, packages_select_test_failures=False, packages_skip_test_passed=False, packages_select=['example_action_rclpy'], packages_skip=None, packages_select_regex=None, packages_skip_regex=None, packages_start=None, packages_end=None, allow_overriding=[], cmake_args=None, cmake_target=None, cmake_target_skip_unavailable=False, cmake_clean_cache=False, cmake_clean_first=False, cmake_force_configure=False, ament_cmake_args=None, catkin_cmake_args=None, catkin_skip_building_tests=False, verb_parser=<colcon_defaults.argument_parser.defaults.DefaultArgumentsDecorator object at 0x74d106760160>, verb_extension=<colcon_core.verb.build.BuildVerb object at 0x74d106723c10>, main=<bound method BuildVerb.main of <colcon_core.verb.build.BuildVerb object at 0x74d106723c10>>)
[0.135s] Level 1:colcon.colcon_core.package_discovery:discover_packages(colcon_meta) check parameters
[0.135s] Level 1:colcon.colcon_core.package_discovery:discover_packages(recursive) check parameters
[0.135s] Level 1:colcon.colcon_core.package_discovery:discover_packages(ignore) check parameters
[0.135s] Level 1:colcon.colcon_core.package_discovery:discover_packages(path) check parameters
[0.135s] Level 1:colcon.colcon_core.package_discovery:discover_packages(colcon_meta) discover
[0.135s] Level 1:colcon.colcon_core.package_discovery:discover_packages(recursive) discover
[0.135s] INFO:colcon.colcon_core.package_discovery:Crawling recursively for packages in '/home/aurora/d2lros2/chapt4/chapt4_ws'
[0.135s] Level 1:colcon.colcon_core.package_identification:_identify(.) by extensions ['ignore', 'ignore_ament_install']
[0.135s] Level 1:colcon.colcon_core.package_identification:_identify(.) by extension 'ignore'
[0.135s] Level 1:colcon.colcon_core.package_identification:_identify(.) by extension 'ignore_ament_install'
[0.135s] Level 1:colcon.colcon_core.package_identification:_identify(.) by extensions ['colcon_pkg']
[0.135s] Level 1:colcon.colcon_core.package_identification:_identify(.) by extension 'colcon_pkg'
[0.135s] Level 1:colcon.colcon_core.package_identification:_identify(.) by extensions ['colcon_meta']
[0.135s] Level 1:colcon.colcon_core.package_identification:_identify(.) by extension 'colcon_meta'
[0.135s] Level 1:colcon.colcon_core.package_identification:_identify(.) by extensions ['ros']
[0.135s] Level 1:colcon.colcon_core.package_identification:_identify(.) by extension 'ros'
[0.141s] Level 1:colcon.colcon_core.package_identification:_identify(.) by extensions ['cmake', 'python']
[0.141s] Level 1:colcon.colcon_core.package_identification:_identify(.) by extension 'cmake'
[0.141s] Level 1:colcon.colcon_core.package_identification:_identify(.) by extension 'python'
[0.141s] Level 1:colcon.colcon_core.package_identification:_identify(.) by extensions ['python_setup_py']
[0.141s] Level 1:colcon.colcon_core.package_identification:_identify(.) by extension 'python_setup_py'
[0.141s] Level 1:colcon.colcon_core.package_identification:_identify(build) by extensions ['ignore', 'ignore_ament_install']
[0.141s] Level 1:colcon.colcon_core.package_identification:_identify(build) by extension 'ignore'
[0.141s] Level 1:colcon.colcon_core.package_identification:_identify(build) ignored
[0.141s] Level 1:colcon.colcon_core.package_identification:_identify(install) by extensions ['ignore', 'ignore_ament_install']
[0.141s] Level 1:colcon.colcon_core.package_identification:_identify(install) by extension 'ignore'
[0.141s] Level 1:colcon.colcon_core.package_identification:_identify(install) ignored
[0.141s] Level 1:colcon.colcon_core.package_identification:_identify(log) by extensions ['ignore', 'ignore_ament_install']
[0.142s] Level 1:colcon.colcon_core.package_identification:_identify(log) by extension 'ignore'
[0.142s] Level 1:colcon.colcon_core.package_identification:_identify(log) ignored
[0.142s] Level 1:colcon.colcon_core.package_identification:_identify(src) by extensions ['ignore', 'ignore_ament_install']
[0.142s] Level 1:colcon.colcon_core.package_identification:_identify(src) by extension 'ignore'
[0.142s] Level 1:colcon.colcon_core.package_identification:_identify(src) by extension 'ignore_ament_install'
[0.142s] Level 1:colcon.colcon_core.package_identification:_identify(src) by extensions ['colcon_pkg']
[0.142s] Level 1:colcon.colcon_core.package_identification:_identify(src) by extension 'colcon_pkg'
[0.142s] Level 1:colcon.colcon_core.package_identification:_identify(src) by extensions ['colcon_meta']
[0.142s] Level 1:colcon.colcon_core.package_identification:_identify(src) by extension 'colcon_meta'
[0.142s] Level 1:colcon.colcon_core.package_identification:_identify(src) by extensions ['ros']
[0.142s] Level 1:colcon.colcon_core.package_identification:_identify(src) by extension 'ros'
[0.142s] Level 1:colcon.colcon_core.package_identification:_identify(src) by extensions ['cmake', 'python']
[0.142s] Level 1:colcon.colcon_core.package_identification:_identify(src) by extension 'cmake'
[0.142s] Level 1:colcon.colcon_core.package_identification:_identify(src) by extension 'python'
[0.142s] Level 1:colcon.colcon_core.package_identification:_identify(src) by extensions ['python_setup_py']
[0.142s] Level 1:colcon.colcon_core.package_identification:_identify(src) by extension 'python_setup_py'
[0.142s] Level 1:colcon.colcon_core.package_identification:_identify(src/example_action_rclpy) by extensions ['ignore', 'ignore_ament_install']
[0.142s] Level 1:colcon.colcon_core.package_identification:_identify(src/example_action_rclpy) by extension 'ignore'
[0.142s] Level 1:colcon.colcon_core.package_identification:_identify(src/example_action_rclpy) by extension 'ignore_ament_install'
[0.142s] Level 1:colcon.colcon_core.package_identification:_identify(src/example_action_rclpy) by extensions ['colcon_pkg']
[0.142s] Level 1:colcon.colcon_core.package_identification:_identify(src/example_action_rclpy) by extension 'colcon_pkg'
[0.142s] Level 1:colcon.colcon_core.package_identification:_identify(src/example_action_rclpy) by extensions ['colcon_meta']
[0.142s] Level 1:colcon.colcon_core.package_identification:_identify(src/example_action_rclpy) by extension 'colcon_meta'
[0.142s] Level 1:colcon.colcon_core.package_identification:_identify(src/example_action_rclpy) by extensions ['ros']
[0.142s] Level 1:colcon.colcon_core.package_identification:_identify(src/example_action_rclpy) by extension 'ros'
[0.143s] DEBUG:colcon.colcon_core.package_identification:Package 'src/example_action_rclpy' with type 'ros.ament_python' and name 'example_action_rclpy'
[0.143s] Level 1:colcon.colcon_core.package_identification:_identify(src/example_param_rclpy) by extensions ['ignore', 'ignore_ament_install']
[0.143s] Level 1:colcon.colcon_core.package_identification:_identify(src/example_param_rclpy) by extension 'ignore'
[0.143s] Level 1:colcon.colcon_core.package_identification:_identify(src/example_param_rclpy) by extension 'ignore_ament_install'
[0.144s] Level 1:colcon.colcon_core.package_identification:_identify(src/example_param_rclpy) by extensions ['colcon_pkg']
[0.144s] Level 1:colcon.colcon_core.package_identification:_identify(src/example_param_rclpy) by extension 'colcon_pkg'
[0.144s] Level 1:colcon.colcon_core.package_identification:_identify(src/example_param_rclpy) by extensions ['colcon_meta']
[0.144s] Level 1:colcon.colcon_core.package_identification:_identify(src/example_param_rclpy) by extension 'colcon_meta'
[0.144s] Level 1:colcon.colcon_core.package_identification:_identify(src/example_param_rclpy) by extensions ['ros']
[0.144s] Level 1:colcon.colcon_core.package_identification:_identify(src/example_param_rclpy) by extension 'ros'
[0.144s] DEBUG:colcon.colcon_core.package_identification:Package 'src/example_param_rclpy' with type 'ros.ament_python' and name 'example_param_rclpy'
[0.144s] Level 1:colcon.colcon_core.package_identification:_identify(src/robot_control_interfaces) by extensions ['ignore', 'ignore_ament_install']
[0.144s] Level 1:colcon.colcon_core.package_identification:_identify(src/robot_control_interfaces) by extension 'ignore'
[0.144s] Level 1:colcon.colcon_core.package_identification:_identify(src/robot_control_interfaces) by extension 'ignore_ament_install'
[0.144s] Level 1:colcon.colcon_core.package_identification:_identify(src/robot_control_interfaces) by extensions ['colcon_pkg']
[0.144s] Level 1:colcon.colcon_core.package_identification:_identify(src/robot_control_interfaces) by extension 'colcon_pkg'
[0.144s] Level 1:colcon.colcon_core.package_identification:_identify(src/robot_control_interfaces) by extensions ['colcon_meta']
[0.144s] Level 1:colcon.colcon_core.package_identification:_identify(src/robot_control_interfaces) by extension 'colcon_meta'
[0.144s] Level 1:colcon.colcon_core.package_identification:_identify(src/robot_control_interfaces) by extensions ['ros']
[0.144s] Level 1:colcon.colcon_core.package_identification:_identify(src/robot_control_interfaces) by extension 'ros'
[0.144s] DEBUG:colcon.colcon_core.package_identification:Package 'src/robot_control_interfaces' with type 'ros.ament_cmake' and name 'robot_control_interfaces'
[0.144s] Level 1:colcon.colcon_core.package_discovery:discover_packages(recursive) using defaults
[0.144s] Level 1:colcon.colcon_core.package_discovery:discover_packages(ignore) discover
[0.144s] Level 1:colcon.colcon_core.package_discovery:discover_packages(ignore) using defaults
[0.144s] Level 1:colcon.colcon_core.package_discovery:discover_packages(path) discover
[0.144s] Level 1:colcon.colcon_core.package_discovery:discover_packages(path) using defaults
[0.154s] INFO:colcon.colcon_core.package_selection:Skipping not selected package 'example_param_rclpy' in 'src/example_param_rclpy'
[0.155s] INFO:colcon.colcon_core.package_selection:Skipping not selected package 'robot_control_interfaces' in 'src/robot_control_interfaces'
[0.155s] Level 1:colcon.colcon_core.package_discovery:discover_packages(prefix_path) check parameters
[0.155s] Level 1:colcon.colcon_core.package_discovery:discover_packages(prefix_path) discover
[0.155s] WARNING:colcon.colcon_ros.prefix_path.ament:The path '/home/aurora/d2lros2/chapt4/chapt4_ws/install/example_action_rclpy' in the environment variable AMENT_PREFIX_PATH doesn't exist
[0.155s] WARNING:colcon.colcon_ros.prefix_path.ament:The path '/home/aurora/d2lros2/chapt4/chapt4_ws/install/robot_control_interfaces' in the environment variable AMENT_PREFIX_PATH doesn't exist
[0.155s] WARNING:colcon.colcon_ros.prefix_path.ament:The path '/home/aurora/d2lros2/chapt4/chapt4_ws/install/example_param_rclpy' in the environment variable AMENT_PREFIX_PATH doesn't exist
[0.155s] WARNING:colcon.colcon_ros.prefix_path.catkin:The path '/home/aurora/d2lros2/chapt4/chapt4_ws/install/robot_control_interfaces' in the environment variable CMAKE_PREFIX_PATH doesn't exist
[0.155s] DEBUG:colcon.colcon_installed_package_information.package_discovery:Found 0 installed packages in /home/aurora/d2lros2/chapt4/chapt4_ws/install
[0.156s] DEBUG:colcon.colcon_installed_package_information.package_discovery:Found 275 installed packages in /opt/ros/humble
[0.157s] Level 1:colcon.colcon_core.package_discovery:discover_packages(prefix_path) using defaults
[0.180s] Level 5:colcon.colcon_core.verb:set package 'example_action_rclpy' build argument 'cmake_args' from command line to 'None'
[0.180s] Level 5:colcon.colcon_core.verb:set package 'example_action_rclpy' build argument 'cmake_target' from command line to 'None'
[0.180s] Level 5:colcon.colcon_core.verb:set package 'example_action_rclpy' build argument 'cmake_target_skip_unavailable' from command line to 'False'
[0.180s] Level 5:colcon.colcon_core.verb:set package 'example_action_rclpy' build argument 'cmake_clean_cache' from command line to 'False'
[0.180s] Level 5:colcon.colcon_core.verb:set package 'example_action_rclpy' build argument 'cmake_clean_first' from command line to 'False'
[0.180s] Level 5:colcon.colcon_core.verb:set package 'example_action_rclpy' build argument 'cmake_force_configure' from command line to 'False'
[0.180s] Level 5:colcon.colcon_core.verb:set package 'example_action_rclpy' build argument 'ament_cmake_args' from command line to 'None'
[0.180s] Level 5:colcon.colcon_core.verb:set package 'example_action_rclpy' build argument 'catkin_cmake_args' from command line to 'None'
[0.180s] Level 5:colcon.colcon_core.verb:set package 'example_action_rclpy' build argument 'catkin_skip_building_tests' from command line to 'False'
[0.180s] DEBUG:colcon.colcon_core.verb:Building package 'example_action_rclpy' with the following arguments: {'ament_cmake_args': None, 'build_base': '/home/aurora/d2lros2/chapt4/chapt4_ws/build/example_action_rclpy', 'catkin_cmake_args': None, 'catkin_skip_building_tests': False, 'cmake_args': None, 'cmake_clean_cache': False, 'cmake_clean_first': False, 'cmake_force_configure': False, 'cmake_target': None, 'cmake_target_skip_unavailable': False, 'install_base': '/home/aurora/d2lros2/chapt4/chapt4_ws/install/example_action_rclpy', 'merge_install': False, 'path': '/home/aurora/d2lros2/chapt4/chapt4_ws/src/example_action_rclpy', 'symlink_install': False, 'test_result_base': None}
[0.180s] INFO:colcon.colcon_core.executor:Executing jobs using 'parallel' executor
[0.181s] DEBUG:colcon.colcon_parallel_executor.executor.parallel:run_until_complete
[0.184s] INFO:colcon.colcon_ros.task.ament_python.build:Building ROS package in '/home/aurora/d2lros2/chapt4/chapt4_ws/src/example_action_rclpy' with build type 'ament_python'
[0.184s] Level 1:colcon.colcon_core.shell:create_environment_hook('example_action_rclpy', 'ament_prefix_path')
[0.185s] INFO:colcon.colcon_core.plugin_system:Skipping extension 'colcon_core.shell.bat': Not used on non-Windows systems
[0.185s] INFO:colcon.colcon_core.shell:Creating environment hook '/home/aurora/d2lros2/chapt4/chapt4_ws/install/example_action_rclpy/share/example_action_rclpy/hook/ament_prefix_path.ps1'
[0.186s] INFO:colcon.colcon_core.shell:Creating environment descriptor '/home/aurora/d2lros2/chapt4/chapt4_ws/install/example_action_rclpy/share/example_action_rclpy/hook/ament_prefix_path.dsv'
[0.186s] INFO:colcon.colcon_core.shell:Creating environment hook '/home/aurora/d2lros2/chapt4/chapt4_ws/install/example_action_rclpy/share/example_action_rclpy/hook/ament_prefix_path.sh'
[0.186s] INFO:colcon.colcon_core.shell:Skip shell extension 'powershell' for command environment: Not usable outside of PowerShell
[0.186s] DEBUG:colcon.colcon_core.shell:Skip shell extension 'dsv' for command environment
[0.187s] ERROR:colcon.colcon_ros.task.ament_python.build:Failed to find the following files:
- /home/aurora/d2lros2/chapt4/chapt4_ws/install/robot_control_interfaces/share/robot_control_interfaces/package.sh
Check that the following packages have been built:
- robot_control_interfaces
[0.197s] DEBUG:colcon.colcon_parallel_executor.executor.parallel:closing loop
[0.197s] DEBUG:colcon.colcon_parallel_executor.executor.parallel:loop closed
[0.197s] DEBUG:colcon.colcon_parallel_executor.executor.parallel:run_until_complete finished with '1'
[0.197s] DEBUG:colcon.colcon_core.event_reactor:joining thread
[0.201s] INFO:colcon.colcon_core.plugin_system:Skipping extension 'colcon_notification.desktop_notification.terminal_notifier': Not used on non-Darwin systems
[0.202s] INFO:colcon.colcon_core.plugin_system:Skipping extension 'colcon_notification.desktop_notification.win32': Not used on non-Windows systems
[0.202s] INFO:colcon.colcon_notification.desktop_notification:Sending desktop notification using 'notify2'
[0.209s] DEBUG:colcon.colcon_core.event_reactor:joined thread
[0.209s] INFO:colcon.colcon_core.shell:Creating prefix script '/home/aurora/d2lros2/chapt4/chapt4_ws/install/local_setup.ps1'
[0.210s] INFO:colcon.colcon_core.shell:Creating prefix util module '/home/aurora/d2lros2/chapt4/chapt4_ws/install/_local_setup_util_ps1.py'
[0.210s] INFO:colcon.colcon_core.shell:Creating prefix chain script '/home/aurora/d2lros2/chapt4/chapt4_ws/install/setup.ps1'
[0.211s] INFO:colcon.colcon_core.shell:Creating prefix script '/home/aurora/d2lros2/chapt4/chapt4_ws/install/local_setup.sh'
[0.211s] INFO:colcon.colcon_core.shell:Creating prefix util module '/home/aurora/d2lros2/chapt4/chapt4_ws/install/_local_setup_util_sh.py'
[0.211s] INFO:colcon.colcon_core.shell:Creating prefix chain script '/home/aurora/d2lros2/chapt4/chapt4_ws/install/setup.sh'
[0.212s] INFO:colcon.colcon_core.shell:Creating prefix script '/home/aurora/d2lros2/chapt4/chapt4_ws/install/local_setup.bash'
[0.212s] INFO:colcon.colcon_core.shell:Creating prefix chain script '/home/aurora/d2lros2/chapt4/chapt4_ws/install/setup.bash'
[0.212s] INFO:colcon.colcon_core.shell:Creating prefix script '/home/aurora/d2lros2/chapt4/chapt4_ws/install/local_setup.zsh'
[0.212s] INFO:colcon.colcon_core.shell:Creating prefix chain script '/home/aurora/d2lros2/chapt4/chapt4_ws/install/setup.zsh'
