[0.048s] DEBUG:colcon:Command line arguments: ['/usr/bin/colcon', 'build']
[0.048s] DEBUG:colcon:Parsed command line arguments: Namespace(log_base=None, log_level=None, verb_name='build', build_base='build', install_base='install', merge_install=False, symlink_install=False, test_result_base=None, continue_on_error=False, executor='parallel', parallel_workers=24, event_handlers=None, ignore_user_meta=False, metas=['./colcon.meta'], base_paths=['.'], packages_ignore=None, packages_ignore_regex=None, paths=None, packages_up_to=None, packages_up_to_regex=None, packages_above=None, packages_above_and_dependencies=None, packages_above_depth=None, packages_select_by_dep=None, packages_skip_by_dep=None, packages_skip_up_to=None, packages_select_build_failed=False, packages_skip_build_finished=False, packages_select_test_failures=False, packages_skip_test_passed=False, packages_select=None, packages_skip=None, packages_select_regex=None, packages_skip_regex=None, packages_start=None, packages_end=None, allow_overriding=[], cmake_args=None, cmake_target=None, cmake_target_skip_unavailable=False, cmake_clean_cache=False, cmake_clean_first=False, cmake_force_configure=False, ament_cmake_args=None, catkin_cmake_args=None, catkin_skip_building_tests=False, verb_parser=<colcon_defaults.argument_parser.defaults.DefaultArgumentsDecorator object at 0x70eabf827790>, verb_extension=<colcon_core.verb.build.BuildVerb object at 0x70eabf827280>, main=<bound method BuildVerb.main of <colcon_core.verb.build.BuildVerb object at 0x70eabf827280>>)
[0.119s] Level 1:colcon.colcon_core.package_discovery:discover_packages(colcon_meta) check parameters
[0.119s] Level 1:colcon.colcon_core.package_discovery:discover_packages(recursive) check parameters
[0.119s] Level 1:colcon.colcon_core.package_discovery:discover_packages(ignore) check parameters
[0.119s] Level 1:colcon.colcon_core.package_discovery:discover_packages(path) check parameters
[0.119s] Level 1:colcon.colcon_core.package_discovery:discover_packages(colcon_meta) discover
[0.119s] Level 1:colcon.colcon_core.package_discovery:discover_packages(recursive) discover
[0.119s] INFO:colcon.colcon_core.package_discovery:Crawling recursively for packages in '/home/aurora/d2lros2/chapt4/chapt4_ws'
[0.119s] Level 1:colcon.colcon_core.package_identification:_identify(.) by extensions ['ignore', 'ignore_ament_install']
[0.119s] Level 1:colcon.colcon_core.package_identification:_identify(.) by extension 'ignore'
[0.119s] Level 1:colcon.colcon_core.package_identification:_identify(.) by extension 'ignore_ament_install'
[0.119s] Level 1:colcon.colcon_core.package_identification:_identify(.) by extensions ['colcon_pkg']
[0.119s] Level 1:colcon.colcon_core.package_identification:_identify(.) by extension 'colcon_pkg'
[0.119s] Level 1:colcon.colcon_core.package_identification:_identify(.) by extensions ['colcon_meta']
[0.119s] Level 1:colcon.colcon_core.package_identification:_identify(.) by extension 'colcon_meta'
[0.119s] Level 1:colcon.colcon_core.package_identification:_identify(.) by extensions ['ros']
[0.119s] Level 1:colcon.colcon_core.package_identification:_identify(.) by extension 'ros'
[0.125s] Level 1:colcon.colcon_core.package_identification:_identify(.) by extensions ['cmake', 'python']
[0.125s] Level 1:colcon.colcon_core.package_identification:_identify(.) by extension 'cmake'
[0.125s] Level 1:colcon.colcon_core.package_identification:_identify(.) by extension 'python'
[0.125s] Level 1:colcon.colcon_core.package_identification:_identify(.) by extensions ['python_setup_py']
[0.125s] Level 1:colcon.colcon_core.package_identification:_identify(.) by extension 'python_setup_py'
[0.125s] Level 1:colcon.colcon_core.package_identification:_identify(build) by extensions ['ignore', 'ignore_ament_install']
[0.125s] Level 1:colcon.colcon_core.package_identification:_identify(build) by extension 'ignore'
[0.126s] Level 1:colcon.colcon_core.package_identification:_identify(build) ignored
[0.126s] Level 1:colcon.colcon_core.package_identification:_identify(install) by extensions ['ignore', 'ignore_ament_install']
[0.126s] Level 1:colcon.colcon_core.package_identification:_identify(install) by extension 'ignore'
[0.126s] Level 1:colcon.colcon_core.package_identification:_identify(install) ignored
[0.126s] Level 1:colcon.colcon_core.package_identification:_identify(log) by extensions ['ignore', 'ignore_ament_install']
[0.126s] Level 1:colcon.colcon_core.package_identification:_identify(log) by extension 'ignore'
[0.126s] Level 1:colcon.colcon_core.package_identification:_identify(log) ignored
[0.126s] Level 1:colcon.colcon_core.package_identification:_identify(src) by extensions ['ignore', 'ignore_ament_install']
[0.126s] Level 1:colcon.colcon_core.package_identification:_identify(src) by extension 'ignore'
[0.126s] Level 1:colcon.colcon_core.package_identification:_identify(src) by extension 'ignore_ament_install'
[0.126s] Level 1:colcon.colcon_core.package_identification:_identify(src) by extensions ['colcon_pkg']
[0.126s] Level 1:colcon.colcon_core.package_identification:_identify(src) by extension 'colcon_pkg'
[0.126s] Level 1:colcon.colcon_core.package_identification:_identify(src) by extensions ['colcon_meta']
[0.126s] Level 1:colcon.colcon_core.package_identification:_identify(src) by extension 'colcon_meta'
[0.126s] Level 1:colcon.colcon_core.package_identification:_identify(src) by extensions ['ros']
[0.126s] Level 1:colcon.colcon_core.package_identification:_identify(src) by extension 'ros'
[0.126s] Level 1:colcon.colcon_core.package_identification:_identify(src) by extensions ['cmake', 'python']
[0.126s] Level 1:colcon.colcon_core.package_identification:_identify(src) by extension 'cmake'
[0.126s] Level 1:colcon.colcon_core.package_identification:_identify(src) by extension 'python'
[0.126s] Level 1:colcon.colcon_core.package_identification:_identify(src) by extensions ['python_setup_py']
[0.126s] Level 1:colcon.colcon_core.package_identification:_identify(src) by extension 'python_setup_py'
[0.126s] Level 1:colcon.colcon_core.package_identification:_identify(src/example_action_rclpy) by extensions ['ignore', 'ignore_ament_install']
[0.126s] Level 1:colcon.colcon_core.package_identification:_identify(src/example_action_rclpy) by extension 'ignore'
[0.126s] Level 1:colcon.colcon_core.package_identification:_identify(src/example_action_rclpy) by extension 'ignore_ament_install'
[0.126s] Level 1:colcon.colcon_core.package_identification:_identify(src/example_action_rclpy) by extensions ['colcon_pkg']
[0.126s] Level 1:colcon.colcon_core.package_identification:_identify(src/example_action_rclpy) by extension 'colcon_pkg'
[0.126s] Level 1:colcon.colcon_core.package_identification:_identify(src/example_action_rclpy) by extensions ['colcon_meta']
[0.126s] Level 1:colcon.colcon_core.package_identification:_identify(src/example_action_rclpy) by extension 'colcon_meta'
[0.126s] Level 1:colcon.colcon_core.package_identification:_identify(src/example_action_rclpy) by extensions ['ros']
[0.126s] Level 1:colcon.colcon_core.package_identification:_identify(src/example_action_rclpy) by extension 'ros'
[0.128s] DEBUG:colcon.colcon_core.package_identification:Package 'src/example_action_rclpy' with type 'ros.ament_python' and name 'example_action_rclpy'
[0.128s] Level 1:colcon.colcon_core.package_identification:_identify(src/example_param_rclpy) by extensions ['ignore', 'ignore_ament_install']
[0.128s] Level 1:colcon.colcon_core.package_identification:_identify(src/example_param_rclpy) by extension 'ignore'
[0.128s] Level 1:colcon.colcon_core.package_identification:_identify(src/example_param_rclpy) by extension 'ignore_ament_install'
[0.128s] Level 1:colcon.colcon_core.package_identification:_identify(src/example_param_rclpy) by extensions ['colcon_pkg']
[0.128s] Level 1:colcon.colcon_core.package_identification:_identify(src/example_param_rclpy) by extension 'colcon_pkg'
[0.128s] Level 1:colcon.colcon_core.package_identification:_identify(src/example_param_rclpy) by extensions ['colcon_meta']
[0.128s] Level 1:colcon.colcon_core.package_identification:_identify(src/example_param_rclpy) by extension 'colcon_meta'
[0.128s] Level 1:colcon.colcon_core.package_identification:_identify(src/example_param_rclpy) by extensions ['ros']
[0.128s] Level 1:colcon.colcon_core.package_identification:_identify(src/example_param_rclpy) by extension 'ros'
[0.128s] DEBUG:colcon.colcon_core.package_identification:Package 'src/example_param_rclpy' with type 'ros.ament_python' and name 'example_param_rclpy'
[0.128s] Level 1:colcon.colcon_core.package_identification:_identify(src/robot_control_interfaces) by extensions ['ignore', 'ignore_ament_install']
[0.128s] Level 1:colcon.colcon_core.package_identification:_identify(src/robot_control_interfaces) by extension 'ignore'
[0.128s] Level 1:colcon.colcon_core.package_identification:_identify(src/robot_control_interfaces) by extension 'ignore_ament_install'
[0.128s] Level 1:colcon.colcon_core.package_identification:_identify(src/robot_control_interfaces) by extensions ['colcon_pkg']
[0.128s] Level 1:colcon.colcon_core.package_identification:_identify(src/robot_control_interfaces) by extension 'colcon_pkg'
[0.128s] Level 1:colcon.colcon_core.package_identification:_identify(src/robot_control_interfaces) by extensions ['colcon_meta']
[0.128s] Level 1:colcon.colcon_core.package_identification:_identify(src/robot_control_interfaces) by extension 'colcon_meta'
[0.128s] Level 1:colcon.colcon_core.package_identification:_identify(src/robot_control_interfaces) by extensions ['ros']
[0.128s] Level 1:colcon.colcon_core.package_identification:_identify(src/robot_control_interfaces) by extension 'ros'
[0.129s] DEBUG:colcon.colcon_core.package_identification:Package 'src/robot_control_interfaces' with type 'ros.ament_cmake' and name 'robot_control_interfaces'
[0.129s] Level 1:colcon.colcon_core.package_discovery:discover_packages(recursive) using defaults
[0.129s] Level 1:colcon.colcon_core.package_discovery:discover_packages(ignore) discover
[0.129s] Level 1:colcon.colcon_core.package_discovery:discover_packages(ignore) using defaults
[0.129s] Level 1:colcon.colcon_core.package_discovery:discover_packages(path) discover
[0.129s] Level 1:colcon.colcon_core.package_discovery:discover_packages(path) using defaults
[0.140s] Level 1:colcon.colcon_core.package_discovery:discover_packages(prefix_path) check parameters
[0.140s] Level 1:colcon.colcon_core.package_discovery:discover_packages(prefix_path) discover
[0.141s] DEBUG:colcon.colcon_installed_package_information.package_discovery:Found 275 installed packages in /opt/ros/humble
[0.142s] Level 1:colcon.colcon_core.package_discovery:discover_packages(prefix_path) using defaults
[0.164s] Level 5:colcon.colcon_core.verb:set package 'example_param_rclpy' build argument 'cmake_args' from command line to 'None'
[0.164s] Level 5:colcon.colcon_core.verb:set package 'example_param_rclpy' build argument 'cmake_target' from command line to 'None'
[0.164s] Level 5:colcon.colcon_core.verb:set package 'example_param_rclpy' build argument 'cmake_target_skip_unavailable' from command line to 'False'
[0.164s] Level 5:colcon.colcon_core.verb:set package 'example_param_rclpy' build argument 'cmake_clean_cache' from command line to 'False'
[0.164s] Level 5:colcon.colcon_core.verb:set package 'example_param_rclpy' build argument 'cmake_clean_first' from command line to 'False'
[0.164s] Level 5:colcon.colcon_core.verb:set package 'example_param_rclpy' build argument 'cmake_force_configure' from command line to 'False'
[0.164s] Level 5:colcon.colcon_core.verb:set package 'example_param_rclpy' build argument 'ament_cmake_args' from command line to 'None'
[0.164s] Level 5:colcon.colcon_core.verb:set package 'example_param_rclpy' build argument 'catkin_cmake_args' from command line to 'None'
[0.164s] Level 5:colcon.colcon_core.verb:set package 'example_param_rclpy' build argument 'catkin_skip_building_tests' from command line to 'False'
[0.164s] DEBUG:colcon.colcon_core.verb:Building package 'example_param_rclpy' with the following arguments: {'ament_cmake_args': None, 'build_base': '/home/aurora/d2lros2/chapt4/chapt4_ws/build/example_param_rclpy', 'catkin_cmake_args': None, 'catkin_skip_building_tests': False, 'cmake_args': None, 'cmake_clean_cache': False, 'cmake_clean_first': False, 'cmake_force_configure': False, 'cmake_target': None, 'cmake_target_skip_unavailable': False, 'install_base': '/home/aurora/d2lros2/chapt4/chapt4_ws/install/example_param_rclpy', 'merge_install': False, 'path': '/home/aurora/d2lros2/chapt4/chapt4_ws/src/example_param_rclpy', 'symlink_install': False, 'test_result_base': None}
[0.165s] Level 5:colcon.colcon_core.verb:set package 'robot_control_interfaces' build argument 'cmake_args' from command line to 'None'
[0.165s] Level 5:colcon.colcon_core.verb:set package 'robot_control_interfaces' build argument 'cmake_target' from command line to 'None'
[0.165s] Level 5:colcon.colcon_core.verb:set package 'robot_control_interfaces' build argument 'cmake_target_skip_unavailable' from command line to 'False'
[0.165s] Level 5:colcon.colcon_core.verb:set package 'robot_control_interfaces' build argument 'cmake_clean_cache' from command line to 'False'
[0.165s] Level 5:colcon.colcon_core.verb:set package 'robot_control_interfaces' build argument 'cmake_clean_first' from command line to 'False'
[0.165s] Level 5:colcon.colcon_core.verb:set package 'robot_control_interfaces' build argument 'cmake_force_configure' from command line to 'False'
[0.165s] Level 5:colcon.colcon_core.verb:set package 'robot_control_interfaces' build argument 'ament_cmake_args' from command line to 'None'
[0.165s] Level 5:colcon.colcon_core.verb:set package 'robot_control_interfaces' build argument 'catkin_cmake_args' from command line to 'None'
[0.165s] Level 5:colcon.colcon_core.verb:set package 'robot_control_interfaces' build argument 'catkin_skip_building_tests' from command line to 'False'
[0.165s] DEBUG:colcon.colcon_core.verb:Building package 'robot_control_interfaces' with the following arguments: {'ament_cmake_args': None, 'build_base': '/home/aurora/d2lros2/chapt4/chapt4_ws/build/robot_control_interfaces', 'catkin_cmake_args': None, 'catkin_skip_building_tests': False, 'cmake_args': None, 'cmake_clean_cache': False, 'cmake_clean_first': False, 'cmake_force_configure': False, 'cmake_target': None, 'cmake_target_skip_unavailable': False, 'install_base': '/home/aurora/d2lros2/chapt4/chapt4_ws/install/robot_control_interfaces', 'merge_install': False, 'path': '/home/aurora/d2lros2/chapt4/chapt4_ws/src/robot_control_interfaces', 'symlink_install': False, 'test_result_base': None}
[0.165s] Level 5:colcon.colcon_core.verb:set package 'example_action_rclpy' build argument 'cmake_args' from command line to 'None'
[0.165s] Level 5:colcon.colcon_core.verb:set package 'example_action_rclpy' build argument 'cmake_target' from command line to 'None'
[0.165s] Level 5:colcon.colcon_core.verb:set package 'example_action_rclpy' build argument 'cmake_target_skip_unavailable' from command line to 'False'
[0.165s] Level 5:colcon.colcon_core.verb:set package 'example_action_rclpy' build argument 'cmake_clean_cache' from command line to 'False'
[0.165s] Level 5:colcon.colcon_core.verb:set package 'example_action_rclpy' build argument 'cmake_clean_first' from command line to 'False'
[0.165s] Level 5:colcon.colcon_core.verb:set package 'example_action_rclpy' build argument 'cmake_force_configure' from command line to 'False'
[0.165s] Level 5:colcon.colcon_core.verb:set package 'example_action_rclpy' build argument 'ament_cmake_args' from command line to 'None'
[0.165s] Level 5:colcon.colcon_core.verb:set package 'example_action_rclpy' build argument 'catkin_cmake_args' from command line to 'None'
[0.165s] Level 5:colcon.colcon_core.verb:set package 'example_action_rclpy' build argument 'catkin_skip_building_tests' from command line to 'False'
[0.165s] DEBUG:colcon.colcon_core.verb:Building package 'example_action_rclpy' with the following arguments: {'ament_cmake_args': None, 'build_base': '/home/aurora/d2lros2/chapt4/chapt4_ws/build/example_action_rclpy', 'catkin_cmake_args': None, 'catkin_skip_building_tests': False, 'cmake_args': None, 'cmake_clean_cache': False, 'cmake_clean_first': False, 'cmake_force_configure': False, 'cmake_target': None, 'cmake_target_skip_unavailable': False, 'install_base': '/home/aurora/d2lros2/chapt4/chapt4_ws/install/example_action_rclpy', 'merge_install': False, 'path': '/home/aurora/d2lros2/chapt4/chapt4_ws/src/example_action_rclpy', 'symlink_install': False, 'test_result_base': None}
[0.165s] INFO:colcon.colcon_core.executor:Executing jobs using 'parallel' executor
[0.166s] DEBUG:colcon.colcon_parallel_executor.executor.parallel:run_until_complete
[0.166s] INFO:colcon.colcon_ros.task.ament_cmake.build:Building ROS package in '/home/aurora/d2lros2/chapt4/chapt4_ws/src/robot_control_interfaces' with build type 'ament_cmake'
[0.166s] INFO:colcon.colcon_cmake.task.cmake.build:Building CMake package in '/home/aurora/d2lros2/chapt4/chapt4_ws/src/robot_control_interfaces'
[0.167s] INFO:colcon.colcon_core.plugin_system:Skipping extension 'colcon_core.shell.bat': Not used on non-Windows systems
[0.167s] INFO:colcon.colcon_core.shell:Skip shell extension 'powershell' for command environment: Not usable outside of PowerShell
[0.167s] DEBUG:colcon.colcon_core.shell:Skip shell extension 'dsv' for command environment
[0.169s] INFO:colcon.colcon_ros.task.ament_python.build:Building ROS package in '/home/aurora/d2lros2/chapt4/chapt4_ws/src/example_param_rclpy' with build type 'ament_python'
[0.169s] Level 1:colcon.colcon_core.shell:create_environment_hook('example_param_rclpy', 'ament_prefix_path')
[0.169s] INFO:colcon.colcon_core.shell:Creating environment hook '/home/aurora/d2lros2/chapt4/chapt4_ws/install/example_param_rclpy/share/example_param_rclpy/hook/ament_prefix_path.ps1'
[0.170s] INFO:colcon.colcon_core.shell:Creating environment descriptor '/home/aurora/d2lros2/chapt4/chapt4_ws/install/example_param_rclpy/share/example_param_rclpy/hook/ament_prefix_path.dsv'
[0.170s] INFO:colcon.colcon_core.shell:Creating environment hook '/home/aurora/d2lros2/chapt4/chapt4_ws/install/example_param_rclpy/share/example_param_rclpy/hook/ament_prefix_path.sh'
[0.170s] INFO:colcon.colcon_core.shell:Skip shell extension 'powershell' for command environment: Not usable outside of PowerShell
[0.170s] DEBUG:colcon.colcon_core.shell:Skip shell extension 'dsv' for command environment
[0.175s] DEBUG:colcon.colcon_core.event_handler.log_command:Invoking command in '/home/aurora/d2lros2/chapt4/chapt4_ws/build/robot_control_interfaces': CMAKE_PREFIX_PATH=/opt/ros/humble /usr/bin/cmake --build /home/aurora/d2lros2/chapt4/chapt4_ws/build/robot_control_interfaces -- -j24 -l24
[0.300s] INFO:colcon.colcon_core.task.python.build:Building Python package in '/home/aurora/d2lros2/chapt4/chapt4_ws/src/example_param_rclpy'
[0.300s] INFO:colcon.colcon_core.shell:Skip shell extension 'powershell' for command environment: Not usable outside of PowerShell
[0.300s] DEBUG:colcon.colcon_core.shell:Skip shell extension 'dsv' for command environment
[0.352s] DEBUG:colcon.colcon_core.event_handler.log_command:Invoked command in '/home/aurora/d2lros2/chapt4/chapt4_ws/build/robot_control_interfaces' returned '0': CMAKE_PREFIX_PATH=/opt/ros/humble /usr/bin/cmake --build /home/aurora/d2lros2/chapt4/chapt4_ws/build/robot_control_interfaces -- -j24 -l24
[0.359s] DEBUG:colcon.colcon_core.event_handler.log_command:Invoking command in '/home/aurora/d2lros2/chapt4/chapt4_ws/build/robot_control_interfaces': CMAKE_PREFIX_PATH=/opt/ros/humble /usr/bin/cmake --install /home/aurora/d2lros2/chapt4/chapt4_ws/build/robot_control_interfaces
[0.387s] Level 1:colcon.colcon_core.environment:create_environment_scripts_only(robot_control_interfaces)
[0.391s] Level 1:colcon.colcon_core.environment:checking '/home/aurora/d2lros2/chapt4/chapt4_ws/install/robot_control_interfaces' for CMake module files
[0.391s] DEBUG:colcon.colcon_core.event_handler.log_command:Invoked command in '/home/aurora/d2lros2/chapt4/chapt4_ws/build/robot_control_interfaces' returned '0': CMAKE_PREFIX_PATH=/opt/ros/humble /usr/bin/cmake --install /home/aurora/d2lros2/chapt4/chapt4_ws/build/robot_control_interfaces
[0.392s] Level 1:colcon.colcon_core.environment:checking '/home/aurora/d2lros2/chapt4/chapt4_ws/install/robot_control_interfaces' for CMake config files
[0.392s] Level 1:colcon.colcon_core.shell:create_environment_hook('robot_control_interfaces', 'cmake_prefix_path')
[0.392s] INFO:colcon.colcon_core.shell:Creating environment hook '/home/aurora/d2lros2/chapt4/chapt4_ws/install/robot_control_interfaces/share/robot_control_interfaces/hook/cmake_prefix_path.ps1'
[0.392s] INFO:colcon.colcon_core.shell:Creating environment descriptor '/home/aurora/d2lros2/chapt4/chapt4_ws/install/robot_control_interfaces/share/robot_control_interfaces/hook/cmake_prefix_path.dsv'
[0.392s] INFO:colcon.colcon_core.shell:Creating environment hook '/home/aurora/d2lros2/chapt4/chapt4_ws/install/robot_control_interfaces/share/robot_control_interfaces/hook/cmake_prefix_path.sh'
[0.393s] Level 1:colcon.colcon_core.environment:checking '/home/aurora/d2lros2/chapt4/chapt4_ws/install/robot_control_interfaces/lib'
[0.393s] Level 1:colcon.colcon_core.shell:create_environment_hook('robot_control_interfaces', 'ld_library_path_lib')
[0.393s] INFO:colcon.colcon_core.shell:Creating environment hook '/home/aurora/d2lros2/chapt4/chapt4_ws/install/robot_control_interfaces/share/robot_control_interfaces/hook/ld_library_path_lib.ps1'
[0.393s] INFO:colcon.colcon_core.shell:Creating environment descriptor '/home/aurora/d2lros2/chapt4/chapt4_ws/install/robot_control_interfaces/share/robot_control_interfaces/hook/ld_library_path_lib.dsv'
[0.393s] INFO:colcon.colcon_core.shell:Creating environment hook '/home/aurora/d2lros2/chapt4/chapt4_ws/install/robot_control_interfaces/share/robot_control_interfaces/hook/ld_library_path_lib.sh'
[0.393s] Level 1:colcon.colcon_core.environment:checking '/home/aurora/d2lros2/chapt4/chapt4_ws/install/robot_control_interfaces/bin'
[0.393s] Level 1:colcon.colcon_core.environment:checking '/home/aurora/d2lros2/chapt4/chapt4_ws/install/robot_control_interfaces/lib/pkgconfig/robot_control_interfaces.pc'
[0.394s] Level 1:colcon.colcon_core.environment:checking '/home/aurora/d2lros2/chapt4/chapt4_ws/install/robot_control_interfaces/lib/python3.10/site-packages'
[0.394s] Level 1:colcon.colcon_core.environment:checking '/home/aurora/d2lros2/chapt4/chapt4_ws/install/robot_control_interfaces/bin'
[0.394s] INFO:colcon.colcon_core.shell:Creating package script '/home/aurora/d2lros2/chapt4/chapt4_ws/install/robot_control_interfaces/share/robot_control_interfaces/package.ps1'
[0.394s] INFO:colcon.colcon_core.shell:Creating package descriptor '/home/aurora/d2lros2/chapt4/chapt4_ws/install/robot_control_interfaces/share/robot_control_interfaces/package.dsv'
[0.395s] INFO:colcon.colcon_core.shell:Creating package script '/home/aurora/d2lros2/chapt4/chapt4_ws/install/robot_control_interfaces/share/robot_control_interfaces/package.sh'
[0.395s] INFO:colcon.colcon_core.shell:Creating package script '/home/aurora/d2lros2/chapt4/chapt4_ws/install/robot_control_interfaces/share/robot_control_interfaces/package.bash'
[0.395s] INFO:colcon.colcon_core.shell:Creating package script '/home/aurora/d2lros2/chapt4/chapt4_ws/install/robot_control_interfaces/share/robot_control_interfaces/package.zsh'
[0.396s] Level 1:colcon.colcon_core.environment:create_file_with_runtime_dependencies(/home/aurora/d2lros2/chapt4/chapt4_ws/install/robot_control_interfaces/share/colcon-core/packages/robot_control_interfaces)
[0.396s] Level 1:colcon.colcon_core.environment:create_environment_scripts_only(robot_control_interfaces)
[0.396s] Level 1:colcon.colcon_core.environment:checking '/home/aurora/d2lros2/chapt4/chapt4_ws/install/robot_control_interfaces' for CMake module files
[0.396s] Level 1:colcon.colcon_core.environment:checking '/home/aurora/d2lros2/chapt4/chapt4_ws/install/robot_control_interfaces' for CMake config files
[0.396s] Level 1:colcon.colcon_core.shell:create_environment_hook('robot_control_interfaces', 'cmake_prefix_path')
[0.396s] INFO:colcon.colcon_core.shell:Creating environment hook '/home/aurora/d2lros2/chapt4/chapt4_ws/install/robot_control_interfaces/share/robot_control_interfaces/hook/cmake_prefix_path.ps1'
[0.397s] INFO:colcon.colcon_core.shell:Creating environment descriptor '/home/aurora/d2lros2/chapt4/chapt4_ws/install/robot_control_interfaces/share/robot_control_interfaces/hook/cmake_prefix_path.dsv'
[0.397s] INFO:colcon.colcon_core.shell:Creating environment hook '/home/aurora/d2lros2/chapt4/chapt4_ws/install/robot_control_interfaces/share/robot_control_interfaces/hook/cmake_prefix_path.sh'
[0.397s] Level 1:colcon.colcon_core.environment:checking '/home/aurora/d2lros2/chapt4/chapt4_ws/install/robot_control_interfaces/lib'
[0.397s] Level 1:colcon.colcon_core.shell:create_environment_hook('robot_control_interfaces', 'ld_library_path_lib')
[0.397s] INFO:colcon.colcon_core.shell:Creating environment hook '/home/aurora/d2lros2/chapt4/chapt4_ws/install/robot_control_interfaces/share/robot_control_interfaces/hook/ld_library_path_lib.ps1'
[0.397s] INFO:colcon.colcon_core.shell:Creating environment descriptor '/home/aurora/d2lros2/chapt4/chapt4_ws/install/robot_control_interfaces/share/robot_control_interfaces/hook/ld_library_path_lib.dsv'
[0.397s] INFO:colcon.colcon_core.shell:Creating environment hook '/home/aurora/d2lros2/chapt4/chapt4_ws/install/robot_control_interfaces/share/robot_control_interfaces/hook/ld_library_path_lib.sh'
[0.398s] Level 1:colcon.colcon_core.environment:checking '/home/aurora/d2lros2/chapt4/chapt4_ws/install/robot_control_interfaces/bin'
[0.398s] Level 1:colcon.colcon_core.environment:checking '/home/aurora/d2lros2/chapt4/chapt4_ws/install/robot_control_interfaces/lib/pkgconfig/robot_control_interfaces.pc'
[0.398s] Level 1:colcon.colcon_core.environment:checking '/home/aurora/d2lros2/chapt4/chapt4_ws/install/robot_control_interfaces/lib/python3.10/site-packages'
[0.398s] Level 1:colcon.colcon_core.environment:checking '/home/aurora/d2lros2/chapt4/chapt4_ws/install/robot_control_interfaces/bin'
[0.398s] INFO:colcon.colcon_core.shell:Creating package script '/home/aurora/d2lros2/chapt4/chapt4_ws/install/robot_control_interfaces/share/robot_control_interfaces/package.ps1'
[0.398s] INFO:colcon.colcon_core.shell:Creating package descriptor '/home/aurora/d2lros2/chapt4/chapt4_ws/install/robot_control_interfaces/share/robot_control_interfaces/package.dsv'
[0.398s] INFO:colcon.colcon_core.shell:Creating package script '/home/aurora/d2lros2/chapt4/chapt4_ws/install/robot_control_interfaces/share/robot_control_interfaces/package.sh'
[0.399s] INFO:colcon.colcon_core.shell:Creating package script '/home/aurora/d2lros2/chapt4/chapt4_ws/install/robot_control_interfaces/share/robot_control_interfaces/package.bash'
[0.399s] INFO:colcon.colcon_core.shell:Creating package script '/home/aurora/d2lros2/chapt4/chapt4_ws/install/robot_control_interfaces/share/robot_control_interfaces/package.zsh'
[0.399s] Level 1:colcon.colcon_core.environment:create_file_with_runtime_dependencies(/home/aurora/d2lros2/chapt4/chapt4_ws/install/robot_control_interfaces/share/colcon-core/packages/robot_control_interfaces)
[0.399s] INFO:colcon.colcon_ros.task.ament_python.build:Building ROS package in '/home/aurora/d2lros2/chapt4/chapt4_ws/src/example_action_rclpy' with build type 'ament_python'
[0.399s] Level 1:colcon.colcon_core.shell:create_environment_hook('example_action_rclpy', 'ament_prefix_path')
[0.399s] INFO:colcon.colcon_core.shell:Creating environment hook '/home/aurora/d2lros2/chapt4/chapt4_ws/install/example_action_rclpy/share/example_action_rclpy/hook/ament_prefix_path.ps1'
[0.400s] INFO:colcon.colcon_core.shell:Creating environment descriptor '/home/aurora/d2lros2/chapt4/chapt4_ws/install/example_action_rclpy/share/example_action_rclpy/hook/ament_prefix_path.dsv'
[0.400s] INFO:colcon.colcon_core.shell:Creating environment hook '/home/aurora/d2lros2/chapt4/chapt4_ws/install/example_action_rclpy/share/example_action_rclpy/hook/ament_prefix_path.sh'
[0.400s] INFO:colcon.colcon_core.shell:Skip shell extension 'powershell' for command environment: Not usable outside of PowerShell
[0.400s] DEBUG:colcon.colcon_core.shell:Skip shell extension 'dsv' for command environment
[0.521s] INFO:colcon.colcon_core.task.python.build:Building Python package in '/home/aurora/d2lros2/chapt4/chapt4_ws/src/example_action_rclpy'
[0.522s] INFO:colcon.colcon_core.shell:Skip shell extension 'powershell' for command environment: Not usable outside of PowerShell
[0.522s] DEBUG:colcon.colcon_core.shell:Skip shell extension 'dsv' for command environment
[0.524s] DEBUG:colcon.colcon_core.task.python.build:Available setuptools commands: build_clib, build_scripts, saveopts, bdist_egg, register, egg_info, install_egg_info, build_ext, test, install_scripts, clean, build_py, install, check, install_lib, sdist, build, dist_info, install_headers, bdist_rpm, symlink_data, bdist, bdist_dumb, install_data, alias, easy_install, setopt, rotate, upload, upload_docs, develop, bdist_wheel
[0.525s] DEBUG:colcon.colcon_core.event_handler.log_command:Invoking command in '/home/aurora/d2lros2/chapt4/chapt4_ws/src/example_param_rclpy': PYTHONPATH=/home/aurora/d2lros2/chapt4/chapt4_ws/build/example_param_rclpy/prefix_override:/usr/lib/python3/dist-packages/colcon_core/task/python/colcon_distutils_commands:/home/aurora/d2lros2/chapt4/chapt4_ws/install/example_param_rclpy/lib/python3.10/site-packages:${PYTHONPATH} /usr/bin/python3 -W ignore:setup.py install is deprecated -W ignore:easy_install command is deprecated setup.py egg_info --egg-base ../../build/example_param_rclpy build --build-base /home/aurora/d2lros2/chapt4/chapt4_ws/build/example_param_rclpy/build install --record /home/aurora/d2lros2/chapt4/chapt4_ws/build/example_param_rclpy/install.log --install-scripts $base/lib/example_param_rclpy --single-version-externally-managed install_data
[0.667s] Level 1:colcon.colcon_core.environment:checking '/home/aurora/d2lros2/chapt4/chapt4_ws/install/example_param_rclpy' for CMake module files
[0.667s] DEBUG:colcon.colcon_core.event_handler.log_command:Invoked command in '/home/aurora/d2lros2/chapt4/chapt4_ws/src/example_param_rclpy' returned '0': PYTHONPATH=/home/aurora/d2lros2/chapt4/chapt4_ws/build/example_param_rclpy/prefix_override:/usr/lib/python3/dist-packages/colcon_core/task/python/colcon_distutils_commands:/home/aurora/d2lros2/chapt4/chapt4_ws/install/example_param_rclpy/lib/python3.10/site-packages:${PYTHONPATH} /usr/bin/python3 -W ignore:setup.py install is deprecated -W ignore:easy_install command is deprecated setup.py egg_info --egg-base ../../build/example_param_rclpy build --build-base /home/aurora/d2lros2/chapt4/chapt4_ws/build/example_param_rclpy/build install --record /home/aurora/d2lros2/chapt4/chapt4_ws/build/example_param_rclpy/install.log --install-scripts $base/lib/example_param_rclpy --single-version-externally-managed install_data
[0.668s] Level 1:colcon.colcon_core.environment:checking '/home/aurora/d2lros2/chapt4/chapt4_ws/install/example_param_rclpy' for CMake config files
[0.668s] Level 1:colcon.colcon_core.environment:checking '/home/aurora/d2lros2/chapt4/chapt4_ws/install/example_param_rclpy/lib'
[0.668s] Level 1:colcon.colcon_core.environment:checking '/home/aurora/d2lros2/chapt4/chapt4_ws/install/example_param_rclpy/bin'
[0.668s] Level 1:colcon.colcon_core.environment:checking '/home/aurora/d2lros2/chapt4/chapt4_ws/install/example_param_rclpy/lib/pkgconfig/example_param_rclpy.pc'
[0.668s] Level 1:colcon.colcon_core.environment:checking '/home/aurora/d2lros2/chapt4/chapt4_ws/install/example_param_rclpy/lib/python3.10/site-packages'
[0.668s] Level 1:colcon.colcon_core.shell:create_environment_hook('example_param_rclpy', 'pythonpath')
[0.668s] INFO:colcon.colcon_core.shell:Creating environment hook '/home/aurora/d2lros2/chapt4/chapt4_ws/install/example_param_rclpy/share/example_param_rclpy/hook/pythonpath.ps1'
[0.668s] INFO:colcon.colcon_core.shell:Creating environment descriptor '/home/aurora/d2lros2/chapt4/chapt4_ws/install/example_param_rclpy/share/example_param_rclpy/hook/pythonpath.dsv'
[0.669s] INFO:colcon.colcon_core.shell:Creating environment hook '/home/aurora/d2lros2/chapt4/chapt4_ws/install/example_param_rclpy/share/example_param_rclpy/hook/pythonpath.sh'
[0.669s] Level 1:colcon.colcon_core.environment:checking '/home/aurora/d2lros2/chapt4/chapt4_ws/install/example_param_rclpy/bin'
[0.669s] Level 1:colcon.colcon_core.environment:create_environment_scripts_only(example_param_rclpy)
[0.669s] INFO:colcon.colcon_core.shell:Creating package script '/home/aurora/d2lros2/chapt4/chapt4_ws/install/example_param_rclpy/share/example_param_rclpy/package.ps1'
[0.669s] INFO:colcon.colcon_core.shell:Creating package descriptor '/home/aurora/d2lros2/chapt4/chapt4_ws/install/example_param_rclpy/share/example_param_rclpy/package.dsv'
[0.670s] INFO:colcon.colcon_core.shell:Creating package script '/home/aurora/d2lros2/chapt4/chapt4_ws/install/example_param_rclpy/share/example_param_rclpy/package.sh'
[0.670s] INFO:colcon.colcon_core.shell:Creating package script '/home/aurora/d2lros2/chapt4/chapt4_ws/install/example_param_rclpy/share/example_param_rclpy/package.bash'
[0.670s] INFO:colcon.colcon_core.shell:Creating package script '/home/aurora/d2lros2/chapt4/chapt4_ws/install/example_param_rclpy/share/example_param_rclpy/package.zsh'
[0.670s] Level 1:colcon.colcon_core.environment:create_file_with_runtime_dependencies(/home/aurora/d2lros2/chapt4/chapt4_ws/install/example_param_rclpy/share/colcon-core/packages/example_param_rclpy)
[0.686s] DEBUG:colcon.colcon_core.task.python.build:Available setuptools commands: build_clib, build_scripts, saveopts, bdist_egg, register, egg_info, install_egg_info, build_ext, test, install_scripts, clean, build_py, install, check, install_lib, sdist, build, dist_info, install_headers, bdist_rpm, symlink_data, bdist, bdist_dumb, install_data, alias, easy_install, setopt, rotate, upload, upload_docs, develop, bdist_wheel
[0.688s] DEBUG:colcon.colcon_core.event_handler.log_command:Invoking command in '/home/aurora/d2lros2/chapt4/chapt4_ws/src/example_action_rclpy': AMENT_PREFIX_PATH=/home/aurora/d2lros2/chapt4/chapt4_ws/install/robot_control_interfaces:${AMENT_PREFIX_PATH} CMAKE_PREFIX_PATH=/home/aurora/d2lros2/chapt4/chapt4_ws/install/robot_control_interfaces LD_LIBRARY_PATH=/home/aurora/d2lros2/chapt4/chapt4_ws/install/robot_control_interfaces/lib:${LD_LIBRARY_PATH} PYTHONPATH=/home/aurora/d2lros2/chapt4/chapt4_ws/build/example_action_rclpy/prefix_override:/usr/lib/python3/dist-packages/colcon_core/task/python/colcon_distutils_commands:/home/aurora/d2lros2/chapt4/chapt4_ws/install/example_action_rclpy/lib/python3.10/site-packages:/home/aurora/d2lros2/chapt4/chapt4_ws/install/robot_control_interfaces/local/lib/python3.10/dist-packages:${PYTHONPATH} /usr/bin/python3 -W ignore:setup.py install is deprecated -W ignore:easy_install command is deprecated setup.py egg_info --egg-base ../../build/example_action_rclpy build --build-base /home/aurora/d2lros2/chapt4/chapt4_ws/build/example_action_rclpy/build install --record /home/aurora/d2lros2/chapt4/chapt4_ws/build/example_action_rclpy/install.log --install-scripts $base/lib/example_action_rclpy --single-version-externally-managed install_data
[0.818s] Level 1:colcon.colcon_core.environment:checking '/home/aurora/d2lros2/chapt4/chapt4_ws/install/example_action_rclpy' for CMake module files
[0.819s] DEBUG:colcon.colcon_core.event_handler.log_command:Invoked command in '/home/aurora/d2lros2/chapt4/chapt4_ws/src/example_action_rclpy' returned '0': AMENT_PREFIX_PATH=/home/aurora/d2lros2/chapt4/chapt4_ws/install/robot_control_interfaces:${AMENT_PREFIX_PATH} CMAKE_PREFIX_PATH=/home/aurora/d2lros2/chapt4/chapt4_ws/install/robot_control_interfaces LD_LIBRARY_PATH=/home/aurora/d2lros2/chapt4/chapt4_ws/install/robot_control_interfaces/lib:${LD_LIBRARY_PATH} PYTHONPATH=/home/aurora/d2lros2/chapt4/chapt4_ws/build/example_action_rclpy/prefix_override:/usr/lib/python3/dist-packages/colcon_core/task/python/colcon_distutils_commands:/home/aurora/d2lros2/chapt4/chapt4_ws/install/example_action_rclpy/lib/python3.10/site-packages:/home/aurora/d2lros2/chapt4/chapt4_ws/install/robot_control_interfaces/local/lib/python3.10/dist-packages:${PYTHONPATH} /usr/bin/python3 -W ignore:setup.py install is deprecated -W ignore:easy_install command is deprecated setup.py egg_info --egg-base ../../build/example_action_rclpy build --build-base /home/aurora/d2lros2/chapt4/chapt4_ws/build/example_action_rclpy/build install --record /home/aurora/d2lros2/chapt4/chapt4_ws/build/example_action_rclpy/install.log --install-scripts $base/lib/example_action_rclpy --single-version-externally-managed install_data
[0.819s] Level 1:colcon.colcon_core.environment:checking '/home/aurora/d2lros2/chapt4/chapt4_ws/install/example_action_rclpy' for CMake config files
[0.820s] Level 1:colcon.colcon_core.environment:checking '/home/aurora/d2lros2/chapt4/chapt4_ws/install/example_action_rclpy/lib'
[0.820s] Level 1:colcon.colcon_core.environment:checking '/home/aurora/d2lros2/chapt4/chapt4_ws/install/example_action_rclpy/bin'
[0.820s] Level 1:colcon.colcon_core.environment:checking '/home/aurora/d2lros2/chapt4/chapt4_ws/install/example_action_rclpy/lib/pkgconfig/example_action_rclpy.pc'
[0.820s] Level 1:colcon.colcon_core.environment:checking '/home/aurora/d2lros2/chapt4/chapt4_ws/install/example_action_rclpy/lib/python3.10/site-packages'
[0.820s] Level 1:colcon.colcon_core.shell:create_environment_hook('example_action_rclpy', 'pythonpath')
[0.820s] INFO:colcon.colcon_core.shell:Creating environment hook '/home/aurora/d2lros2/chapt4/chapt4_ws/install/example_action_rclpy/share/example_action_rclpy/hook/pythonpath.ps1'
[0.821s] INFO:colcon.colcon_core.shell:Creating environment descriptor '/home/aurora/d2lros2/chapt4/chapt4_ws/install/example_action_rclpy/share/example_action_rclpy/hook/pythonpath.dsv'
[0.821s] INFO:colcon.colcon_core.shell:Creating environment hook '/home/aurora/d2lros2/chapt4/chapt4_ws/install/example_action_rclpy/share/example_action_rclpy/hook/pythonpath.sh'
[0.821s] Level 1:colcon.colcon_core.environment:checking '/home/aurora/d2lros2/chapt4/chapt4_ws/install/example_action_rclpy/bin'
[0.821s] Level 1:colcon.colcon_core.environment:create_environment_scripts_only(example_action_rclpy)
[0.822s] INFO:colcon.colcon_core.shell:Creating package script '/home/aurora/d2lros2/chapt4/chapt4_ws/install/example_action_rclpy/share/example_action_rclpy/package.ps1'
[0.822s] INFO:colcon.colcon_core.shell:Creating package descriptor '/home/aurora/d2lros2/chapt4/chapt4_ws/install/example_action_rclpy/share/example_action_rclpy/package.dsv'
[0.823s] INFO:colcon.colcon_core.shell:Creating package script '/home/aurora/d2lros2/chapt4/chapt4_ws/install/example_action_rclpy/share/example_action_rclpy/package.sh'
[0.823s] INFO:colcon.colcon_core.shell:Creating package script '/home/aurora/d2lros2/chapt4/chapt4_ws/install/example_action_rclpy/share/example_action_rclpy/package.bash'
[0.823s] INFO:colcon.colcon_core.shell:Creating package script '/home/aurora/d2lros2/chapt4/chapt4_ws/install/example_action_rclpy/share/example_action_rclpy/package.zsh'
[0.823s] Level 1:colcon.colcon_core.environment:create_file_with_runtime_dependencies(/home/aurora/d2lros2/chapt4/chapt4_ws/install/example_action_rclpy/share/colcon-core/packages/example_action_rclpy)
[0.824s] DEBUG:colcon.colcon_parallel_executor.executor.parallel:closing loop
[0.824s] DEBUG:colcon.colcon_parallel_executor.executor.parallel:loop closed
[0.824s] DEBUG:colcon.colcon_parallel_executor.executor.parallel:run_until_complete finished with '0'
[0.824s] DEBUG:colcon.colcon_core.event_reactor:joining thread
[0.829s] INFO:colcon.colcon_core.plugin_system:Skipping extension 'colcon_notification.desktop_notification.terminal_notifier': Not used on non-Darwin systems
[0.829s] INFO:colcon.colcon_core.plugin_system:Skipping extension 'colcon_notification.desktop_notification.win32': Not used on non-Windows systems
[0.829s] INFO:colcon.colcon_notification.desktop_notification:Sending desktop notification using 'notify2'
[0.837s] DEBUG:colcon.colcon_core.event_reactor:joined thread
[0.837s] INFO:colcon.colcon_core.shell:Creating prefix script '/home/aurora/d2lros2/chapt4/chapt4_ws/install/local_setup.ps1'
[0.838s] INFO:colcon.colcon_core.shell:Creating prefix util module '/home/aurora/d2lros2/chapt4/chapt4_ws/install/_local_setup_util_ps1.py'
[0.839s] INFO:colcon.colcon_core.shell:Creating prefix chain script '/home/aurora/d2lros2/chapt4/chapt4_ws/install/setup.ps1'
[0.840s] INFO:colcon.colcon_core.shell:Creating prefix script '/home/aurora/d2lros2/chapt4/chapt4_ws/install/local_setup.sh'
[0.840s] INFO:colcon.colcon_core.shell:Creating prefix util module '/home/aurora/d2lros2/chapt4/chapt4_ws/install/_local_setup_util_sh.py'
[0.841s] INFO:colcon.colcon_core.shell:Creating prefix chain script '/home/aurora/d2lros2/chapt4/chapt4_ws/install/setup.sh'
[0.841s] INFO:colcon.colcon_core.shell:Creating prefix script '/home/aurora/d2lros2/chapt4/chapt4_ws/install/local_setup.bash'
[0.842s] INFO:colcon.colcon_core.shell:Creating prefix chain script '/home/aurora/d2lros2/chapt4/chapt4_ws/install/setup.bash'
[0.842s] INFO:colcon.colcon_core.shell:Creating prefix script '/home/aurora/d2lros2/chapt4/chapt4_ws/install/local_setup.zsh'
[0.843s] INFO:colcon.colcon_core.shell:Creating prefix chain script '/home/aurora/d2lros2/chapt4/chapt4_ws/install/setup.zsh'
