[0.451s] Invoking command in '/home/aurora/d2lros2/chapt3/chapt3_ws/src/example_service_rclpy': PYTHONPATH=/home/aurora/d2lros2/chapt3/chapt3_ws/build/example_service_rclpy/prefix_override:/usr/lib/python3/dist-packages/colcon_core/task/python/colcon_distutils_commands:/home/aurora/d2lros2/chapt3/chapt3_ws/install/example_service_rclpy/lib/python3.10/site-packages:${PYTHONPATH} /usr/bin/python3 -W ignore:setup.py install is deprecated -W ignore:easy_install command is deprecated setup.py egg_info --egg-base ../../build/example_service_rclpy build --build-base /home/aurora/d2lros2/chapt3/chapt3_ws/build/example_service_rclpy/build install --record /home/aurora/d2lros2/chapt3/chapt3_ws/build/example_service_rclpy/install.log --install-scripts $base/lib/example_service_rclpy --single-version-externally-managed install_data
[0.559s] running egg_info
[0.560s] writing ../../build/example_service_rclpy/example_service_rclpy.egg-info/PKG-INFO
[0.560s] writing dependency_links to ../../build/example_service_rclpy/example_service_rclpy.egg-info/dependency_links.txt
[0.560s] writing entry points to ../../build/example_service_rclpy/example_service_rclpy.egg-info/entry_points.txt
[0.560s] writing requirements to ../../build/example_service_rclpy/example_service_rclpy.egg-info/requires.txt
[0.560s] writing top-level names to ../../build/example_service_rclpy/example_service_rclpy.egg-info/top_level.txt
[0.561s] reading manifest file '../../build/example_service_rclpy/example_service_rclpy.egg-info/SOURCES.txt'
[0.561s] writing manifest file '../../build/example_service_rclpy/example_service_rclpy.egg-info/SOURCES.txt'
[0.561s] running build
[0.561s] running build_py
[0.561s] copying example_service_rclpy/service_server_02.py -> /home/aurora/d2lros2/chapt3/chapt3_ws/build/example_service_rclpy/build/lib/example_service_rclpy
[0.561s] copying example_service_rclpy/service_client_02.py -> /home/aurora/d2lros2/chapt3/chapt3_ws/build/example_service_rclpy/build/lib/example_service_rclpy
[0.561s] running install
[0.561s] running install_lib
[0.562s] copying /home/aurora/d2lros2/chapt3/chapt3_ws/build/example_service_rclpy/build/lib/example_service_rclpy/service_server_02.py -> /home/aurora/d2lros2/chapt3/chapt3_ws/install/example_service_rclpy/lib/python3.10/site-packages/example_service_rclpy
[0.562s] copying /home/aurora/d2lros2/chapt3/chapt3_ws/build/example_service_rclpy/build/lib/example_service_rclpy/service_client_02.py -> /home/aurora/d2lros2/chapt3/chapt3_ws/install/example_service_rclpy/lib/python3.10/site-packages/example_service_rclpy
[0.562s] byte-compiling /home/aurora/d2lros2/chapt3/chapt3_ws/install/example_service_rclpy/lib/python3.10/site-packages/example_service_rclpy/service_server_02.py to service_server_02.cpython-310.pyc
[0.562s] byte-compiling /home/aurora/d2lros2/chapt3/chapt3_ws/install/example_service_rclpy/lib/python3.10/site-packages/example_service_rclpy/service_client_02.py to service_client_02.cpython-310.pyc
[0.562s]   File "/home/aurora/d2lros2/chapt3/chapt3_ws/install/example_service_rclpy/lib/python3.10/site-packages/example_service_rclpy/service_server_02.py", line 17
[0.562s]     def handle_add_two_ints(self,request,response)
[0.562s]                                                   ^
[0.562s] SyntaxError: expected ':'
[0.562s] 
[0.563s] running install_data
[0.563s] running install_egg_info
[0.564s] removing '/home/aurora/d2lros2/chapt3/chapt3_ws/install/example_service_rclpy/lib/python3.10/site-packages/example_service_rclpy-0.0.0-py3.10.egg-info' (and everything under it)
[0.564s] Copying ../../build/example_service_rclpy/example_service_rclpy.egg-info to /home/aurora/d2lros2/chapt3/chapt3_ws/install/example_service_rclpy/lib/python3.10/site-packages/example_service_rclpy-0.0.0-py3.10.egg-info
[0.564s] running install_scripts
[0.575s] Installing service_client_02 script to /home/aurora/d2lros2/chapt3/chapt3_ws/install/example_service_rclpy/lib/example_service_rclpy
[0.575s] Installing service_server_02 script to /home/aurora/d2lros2/chapt3/chapt3_ws/install/example_service_rclpy/lib/example_service_rclpy
[0.575s] writing list of installed files to '/home/aurora/d2lros2/chapt3/chapt3_ws/build/example_service_rclpy/install.log'
[0.588s] Invoked command in '/home/aurora/d2lros2/chapt3/chapt3_ws/src/example_service_rclpy' returned '0': PYTHONPATH=/home/aurora/d2lros2/chapt3/chapt3_ws/build/example_service_rclpy/prefix_override:/usr/lib/python3/dist-packages/colcon_core/task/python/colcon_distutils_commands:/home/aurora/d2lros2/chapt3/chapt3_ws/install/example_service_rclpy/lib/python3.10/site-packages:${PYTHONPATH} /usr/bin/python3 -W ignore:setup.py install is deprecated -W ignore:easy_install command is deprecated setup.py egg_info --egg-base ../../build/example_service_rclpy build --build-base /home/aurora/d2lros2/chapt3/chapt3_ws/build/example_service_rclpy/build install --record /home/aurora/d2lros2/chapt3/chapt3_ws/build/example_service_rclpy/install.log --install-scripts $base/lib/example_service_rclpy --single-version-externally-managed install_data
