running egg_info
creating ../../build/example_param_rclpy/example_param_rclpy.egg-info
writing ../../build/example_param_rclpy/example_param_rclpy.egg-info/PKG-INFO
writing dependency_links to ../../build/example_param_rclpy/example_param_rclpy.egg-info/dependency_links.txt
writing entry points to ../../build/example_param_rclpy/example_param_rclpy.egg-info/entry_points.txt
writing requirements to ../../build/example_param_rclpy/example_param_rclpy.egg-info/requires.txt
writing top-level names to ../../build/example_param_rclpy/example_param_rclpy.egg-info/top_level.txt
writing manifest file '../../build/example_param_rclpy/example_param_rclpy.egg-info/SOURCES.txt'
reading manifest file '../../build/example_param_rclpy/example_param_rclpy.egg-info/SOURCES.txt'
writing manifest file '../../build/example_param_rclpy/example_param_rclpy.egg-info/SOURCES.txt'
running build
running build_py
creating /home/aurora/d2lros2/chapt4/chapt4_ws/build/example_param_rclpy/build
creating /home/aurora/d2lros2/chapt4/chapt4_ws/build/example_param_rclpy/build/lib
creating /home/aurora/d2lros2/chapt4/chapt4_ws/build/example_param_rclpy/build/lib/example_param_rclpy
copying example_param_rclpy/__init__.py -> /home/aurora/d2lros2/chapt4/chapt4_ws/build/example_param_rclpy/build/lib/example_param_rclpy
copying example_param_rclpy/param_basic.py -> /home/aurora/d2lros2/chapt4/chapt4_ws/build/example_param_rclpy/build/lib/example_param_rclpy
running install
running install_lib
creating /home/aurora/d2lros2/chapt4/chapt4_ws/install/example_param_rclpy/lib/python3.10/site-packages/example_param_rclpy
copying /home/aurora/d2lros2/chapt4/chapt4_ws/build/example_param_rclpy/build/lib/example_param_rclpy/__init__.py -> /home/aurora/d2lros2/chapt4/chapt4_ws/install/example_param_rclpy/lib/python3.10/site-packages/example_param_rclpy
copying /home/aurora/d2lros2/chapt4/chapt4_ws/build/example_param_rclpy/build/lib/example_param_rclpy/param_basic.py -> /home/aurora/d2lros2/chapt4/chapt4_ws/install/example_param_rclpy/lib/python3.10/site-packages/example_param_rclpy
byte-compiling /home/aurora/d2lros2/chapt4/chapt4_ws/install/example_param_rclpy/lib/python3.10/site-packages/example_param_rclpy/__init__.py to __init__.cpython-310.pyc
byte-compiling /home/aurora/d2lros2/chapt4/chapt4_ws/install/example_param_rclpy/lib/python3.10/site-packages/example_param_rclpy/param_basic.py to param_basic.cpython-310.pyc
running install_data
creating /home/aurora/d2lros2/chapt4/chapt4_ws/install/example_param_rclpy/share/ament_index
creating /home/aurora/d2lros2/chapt4/chapt4_ws/install/example_param_rclpy/share/ament_index/resource_index
creating /home/aurora/d2lros2/chapt4/chapt4_ws/install/example_param_rclpy/share/ament_index/resource_index/packages
copying resource/example_param_rclpy -> /home/aurora/d2lros2/chapt4/chapt4_ws/install/example_param_rclpy/share/ament_index/resource_index/packages
copying package.xml -> /home/aurora/d2lros2/chapt4/chapt4_ws/install/example_param_rclpy/share/example_param_rclpy
running install_egg_info
Copying ../../build/example_param_rclpy/example_param_rclpy.egg-info to /home/aurora/d2lros2/chapt4/chapt4_ws/install/example_param_rclpy/lib/python3.10/site-packages/example_param_rclpy-0.0.0-py3.10.egg-info
running install_scripts
Installing param_basic script to /home/aurora/d2lros2/chapt4/chapt4_ws/install/example_param_rclpy/lib/example_param_rclpy
writing list of installed files to '/home/aurora/d2lros2/chapt4/chapt4_ws/build/example_param_rclpy/install.log'
