[0.048s] DEBUG:colcon:Command line arguments: ['/usr/bin/colcon', 'build', '--symlink-install', '--packages-select', 'example_interfaces_rclpy']
[0.048s] DEBUG:colcon:Parsed command line arguments: Namespace(log_base=None, log_level=None, verb_name='build', build_base='build', install_base='install', merge_install=False, symlink_install=True, test_result_base=None, continue_on_error=False, executor='parallel', parallel_workers=24, event_handlers=None, ignore_user_meta=False, metas=['./colcon.meta'], base_paths=['.'], packages_ignore=None, packages_ignore_regex=None, paths=None, packages_up_to=None, packages_up_to_regex=None, packages_above=None, packages_above_and_dependencies=None, packages_above_depth=None, packages_select_by_dep=None, packages_skip_by_dep=None, packages_skip_up_to=None, packages_select_build_failed=False, packages_skip_build_finished=False, packages_select_test_failures=False, packages_skip_test_passed=False, packages_select=['example_interfaces_rclpy'], packages_skip=None, packages_select_regex=None, packages_skip_regex=None, packages_start=None, packages_end=None, allow_overriding=[], cmake_args=None, cmake_target=None, cmake_target_skip_unavailable=False, cmake_clean_cache=False, cmake_clean_first=False, cmake_force_configure=False, ament_cmake_args=None, catkin_cmake_args=None, catkin_skip_building_tests=False, verb_parser=<colcon_defaults.argument_parser.defaults.DefaultArgumentsDecorator object at 0x72b5d30649a0>, verb_extension=<colcon_core.verb.build.BuildVerb object at 0x72b5d3064490>, main=<bound method BuildVerb.main of <colcon_core.verb.build.BuildVerb object at 0x72b5d3064490>>)
[0.124s] Level 1:colcon.colcon_core.package_discovery:discover_packages(colcon_meta) check parameters
[0.124s] Level 1:colcon.colcon_core.package_discovery:discover_packages(recursive) check parameters
[0.124s] Level 1:colcon.colcon_core.package_discovery:discover_packages(ignore) check parameters
[0.124s] Level 1:colcon.colcon_core.package_discovery:discover_packages(path) check parameters
[0.124s] Level 1:colcon.colcon_core.package_discovery:discover_packages(colcon_meta) discover
[0.124s] Level 1:colcon.colcon_core.package_discovery:discover_packages(recursive) discover
[0.124s] INFO:colcon.colcon_core.package_discovery:Crawling recursively for packages in '/home/aurora/d2lros2/chapt3/chapt3_ws'
[0.124s] Level 1:colcon.colcon_core.package_identification:_identify(.) by extensions ['ignore', 'ignore_ament_install']
[0.124s] Level 1:colcon.colcon_core.package_identification:_identify(.) by extension 'ignore'
[0.124s] Level 1:colcon.colcon_core.package_identification:_identify(.) by extension 'ignore_ament_install'
[0.124s] Level 1:colcon.colcon_core.package_identification:_identify(.) by extensions ['colcon_pkg']
[0.124s] Level 1:colcon.colcon_core.package_identification:_identify(.) by extension 'colcon_pkg'
[0.124s] Level 1:colcon.colcon_core.package_identification:_identify(.) by extensions ['colcon_meta']
[0.124s] Level 1:colcon.colcon_core.package_identification:_identify(.) by extension 'colcon_meta'
[0.124s] Level 1:colcon.colcon_core.package_identification:_identify(.) by extensions ['ros']
[0.124s] Level 1:colcon.colcon_core.package_identification:_identify(.) by extension 'ros'
[0.130s] Level 1:colcon.colcon_core.package_identification:_identify(.) by extensions ['cmake', 'python']
[0.131s] Level 1:colcon.colcon_core.package_identification:_identify(.) by extension 'cmake'
[0.131s] Level 1:colcon.colcon_core.package_identification:_identify(.) by extension 'python'
[0.131s] Level 1:colcon.colcon_core.package_identification:_identify(.) by extensions ['python_setup_py']
[0.131s] Level 1:colcon.colcon_core.package_identification:_identify(.) by extension 'python_setup_py'
[0.131s] Level 1:colcon.colcon_core.package_identification:_identify(build) by extensions ['ignore', 'ignore_ament_install']
[0.131s] Level 1:colcon.colcon_core.package_identification:_identify(build) by extension 'ignore'
[0.131s] Level 1:colcon.colcon_core.package_identification:_identify(build) ignored
[0.131s] Level 1:colcon.colcon_core.package_identification:_identify(install) by extensions ['ignore', 'ignore_ament_install']
[0.131s] Level 1:colcon.colcon_core.package_identification:_identify(install) by extension 'ignore'
[0.131s] Level 1:colcon.colcon_core.package_identification:_identify(install) ignored
[0.131s] Level 1:colcon.colcon_core.package_identification:_identify(log) by extensions ['ignore', 'ignore_ament_install']
[0.131s] Level 1:colcon.colcon_core.package_identification:_identify(log) by extension 'ignore'
[0.131s] Level 1:colcon.colcon_core.package_identification:_identify(log) ignored
[0.131s] Level 1:colcon.colcon_core.package_identification:_identify(src) by extensions ['ignore', 'ignore_ament_install']
[0.131s] Level 1:colcon.colcon_core.package_identification:_identify(src) by extension 'ignore'
[0.131s] Level 1:colcon.colcon_core.package_identification:_identify(src) by extension 'ignore_ament_install'
[0.131s] Level 1:colcon.colcon_core.package_identification:_identify(src) by extensions ['colcon_pkg']
[0.131s] Level 1:colcon.colcon_core.package_identification:_identify(src) by extension 'colcon_pkg'
[0.131s] Level 1:colcon.colcon_core.package_identification:_identify(src) by extensions ['colcon_meta']
[0.131s] Level 1:colcon.colcon_core.package_identification:_identify(src) by extension 'colcon_meta'
[0.131s] Level 1:colcon.colcon_core.package_identification:_identify(src) by extensions ['ros']
[0.131s] Level 1:colcon.colcon_core.package_identification:_identify(src) by extension 'ros'
[0.131s] Level 1:colcon.colcon_core.package_identification:_identify(src) by extensions ['cmake', 'python']
[0.131s] Level 1:colcon.colcon_core.package_identification:_identify(src) by extension 'cmake'
[0.131s] Level 1:colcon.colcon_core.package_identification:_identify(src) by extension 'python'
[0.131s] Level 1:colcon.colcon_core.package_identification:_identify(src) by extensions ['python_setup_py']
[0.131s] Level 1:colcon.colcon_core.package_identification:_identify(src) by extension 'python_setup_py'
[0.131s] Level 1:colcon.colcon_core.package_identification:_identify(src/example_interfaces_rclpy) by extensions ['ignore', 'ignore_ament_install']
[0.131s] Level 1:colcon.colcon_core.package_identification:_identify(src/example_interfaces_rclpy) by extension 'ignore'
[0.131s] Level 1:colcon.colcon_core.package_identification:_identify(src/example_interfaces_rclpy) by extension 'ignore_ament_install'
[0.131s] Level 1:colcon.colcon_core.package_identification:_identify(src/example_interfaces_rclpy) by extensions ['colcon_pkg']
[0.131s] Level 1:colcon.colcon_core.package_identification:_identify(src/example_interfaces_rclpy) by extension 'colcon_pkg'
[0.131s] Level 1:colcon.colcon_core.package_identification:_identify(src/example_interfaces_rclpy) by extensions ['colcon_meta']
[0.131s] Level 1:colcon.colcon_core.package_identification:_identify(src/example_interfaces_rclpy) by extension 'colcon_meta'
[0.131s] Level 1:colcon.colcon_core.package_identification:_identify(src/example_interfaces_rclpy) by extensions ['ros']
[0.131s] Level 1:colcon.colcon_core.package_identification:_identify(src/example_interfaces_rclpy) by extension 'ros'
[0.133s] DEBUG:colcon.colcon_core.package_identification:Package 'src/example_interfaces_rclpy' with type 'ros.ament_python' and name 'example_interfaces_rclpy'
[0.133s] Level 1:colcon.colcon_core.package_identification:_identify(src/example_ros2_interfaces) by extensions ['ignore', 'ignore_ament_install']
[0.133s] Level 1:colcon.colcon_core.package_identification:_identify(src/example_ros2_interfaces) by extension 'ignore'
[0.133s] Level 1:colcon.colcon_core.package_identification:_identify(src/example_ros2_interfaces) by extension 'ignore_ament_install'
[0.133s] Level 1:colcon.colcon_core.package_identification:_identify(src/example_ros2_interfaces) by extensions ['colcon_pkg']
[0.133s] Level 1:colcon.colcon_core.package_identification:_identify(src/example_ros2_interfaces) by extension 'colcon_pkg'
[0.133s] Level 1:colcon.colcon_core.package_identification:_identify(src/example_ros2_interfaces) by extensions ['colcon_meta']
[0.133s] Level 1:colcon.colcon_core.package_identification:_identify(src/example_ros2_interfaces) by extension 'colcon_meta'
[0.133s] Level 1:colcon.colcon_core.package_identification:_identify(src/example_ros2_interfaces) by extensions ['ros']
[0.133s] Level 1:colcon.colcon_core.package_identification:_identify(src/example_ros2_interfaces) by extension 'ros'
[0.133s] DEBUG:colcon.colcon_core.package_identification:Package 'src/example_ros2_interfaces' with type 'ros.ament_cmake' and name 'example_ros2_interfaces'
[0.133s] Level 1:colcon.colcon_core.package_identification:_identify(src/example_service_rclpy) by extensions ['ignore', 'ignore_ament_install']
[0.133s] Level 1:colcon.colcon_core.package_identification:_identify(src/example_service_rclpy) by extension 'ignore'
[0.133s] Level 1:colcon.colcon_core.package_identification:_identify(src/example_service_rclpy) by extension 'ignore_ament_install'
[0.133s] Level 1:colcon.colcon_core.package_identification:_identify(src/example_service_rclpy) by extensions ['colcon_pkg']
[0.134s] Level 1:colcon.colcon_core.package_identification:_identify(src/example_service_rclpy) by extension 'colcon_pkg'
[0.134s] Level 1:colcon.colcon_core.package_identification:_identify(src/example_service_rclpy) by extensions ['colcon_meta']
[0.134s] Level 1:colcon.colcon_core.package_identification:_identify(src/example_service_rclpy) by extension 'colcon_meta'
[0.134s] Level 1:colcon.colcon_core.package_identification:_identify(src/example_service_rclpy) by extensions ['ros']
[0.134s] Level 1:colcon.colcon_core.package_identification:_identify(src/example_service_rclpy) by extension 'ros'
[0.134s] DEBUG:colcon.colcon_core.package_identification:Package 'src/example_service_rclpy' with type 'ros.ament_python' and name 'example_service_rclpy'
[0.134s] Level 1:colcon.colcon_core.package_identification:_identify(src/example_topic_rclcpp) by extensions ['ignore', 'ignore_ament_install']
[0.134s] Level 1:colcon.colcon_core.package_identification:_identify(src/example_topic_rclcpp) by extension 'ignore'
[0.134s] Level 1:colcon.colcon_core.package_identification:_identify(src/example_topic_rclcpp) by extension 'ignore_ament_install'
[0.134s] Level 1:colcon.colcon_core.package_identification:_identify(src/example_topic_rclcpp) by extensions ['colcon_pkg']
[0.134s] Level 1:colcon.colcon_core.package_identification:_identify(src/example_topic_rclcpp) by extension 'colcon_pkg'
[0.134s] Level 1:colcon.colcon_core.package_identification:_identify(src/example_topic_rclcpp) by extensions ['colcon_meta']
[0.134s] Level 1:colcon.colcon_core.package_identification:_identify(src/example_topic_rclcpp) by extension 'colcon_meta'
[0.134s] Level 1:colcon.colcon_core.package_identification:_identify(src/example_topic_rclcpp) by extensions ['ros']
[0.134s] Level 1:colcon.colcon_core.package_identification:_identify(src/example_topic_rclcpp) by extension 'ros'
[0.134s] DEBUG:colcon.colcon_core.package_identification:Package 'src/example_topic_rclcpp' with type 'ros.ament_cmake' and name 'example_topic_rclcpp'
[0.134s] Level 1:colcon.colcon_core.package_identification:_identify(src/example_topic_rclpy) by extensions ['ignore', 'ignore_ament_install']
[0.134s] Level 1:colcon.colcon_core.package_identification:_identify(src/example_topic_rclpy) by extension 'ignore'
[0.135s] Level 1:colcon.colcon_core.package_identification:_identify(src/example_topic_rclpy) by extension 'ignore_ament_install'
[0.135s] Level 1:colcon.colcon_core.package_identification:_identify(src/example_topic_rclpy) by extensions ['colcon_pkg']
[0.135s] Level 1:colcon.colcon_core.package_identification:_identify(src/example_topic_rclpy) by extension 'colcon_pkg'
[0.135s] Level 1:colcon.colcon_core.package_identification:_identify(src/example_topic_rclpy) by extensions ['colcon_meta']
[0.135s] Level 1:colcon.colcon_core.package_identification:_identify(src/example_topic_rclpy) by extension 'colcon_meta'
[0.135s] Level 1:colcon.colcon_core.package_identification:_identify(src/example_topic_rclpy) by extensions ['ros']
[0.135s] Level 1:colcon.colcon_core.package_identification:_identify(src/example_topic_rclpy) by extension 'ros'
[0.135s] DEBUG:colcon.colcon_core.package_identification:Package 'src/example_topic_rclpy' with type 'ros.ament_python' and name 'example_topic_rclpy'
[0.135s] Level 1:colcon.colcon_core.package_discovery:discover_packages(recursive) using defaults
[0.135s] Level 1:colcon.colcon_core.package_discovery:discover_packages(ignore) discover
[0.135s] Level 1:colcon.colcon_core.package_discovery:discover_packages(ignore) using defaults
[0.135s] Level 1:colcon.colcon_core.package_discovery:discover_packages(path) discover
[0.135s] Level 1:colcon.colcon_core.package_discovery:discover_packages(path) using defaults
[0.146s] INFO:colcon.colcon_core.package_selection:Skipping not selected package 'example_ros2_interfaces' in 'src/example_ros2_interfaces'
[0.146s] INFO:colcon.colcon_core.package_selection:Skipping not selected package 'example_service_rclpy' in 'src/example_service_rclpy'
[0.146s] INFO:colcon.colcon_core.package_selection:Skipping not selected package 'example_topic_rclcpp' in 'src/example_topic_rclcpp'
[0.146s] INFO:colcon.colcon_core.package_selection:Skipping not selected package 'example_topic_rclpy' in 'src/example_topic_rclpy'
[0.146s] Level 1:colcon.colcon_core.package_discovery:discover_packages(prefix_path) check parameters
[0.146s] Level 1:colcon.colcon_core.package_discovery:discover_packages(prefix_path) discover
[0.147s] DEBUG:colcon.colcon_installed_package_information.package_discovery:Found 5 installed packages in /home/aurora/d2lros2/chapt3/chapt3_ws/install
[0.147s] DEBUG:colcon.colcon_installed_package_information.package_discovery:Found 275 installed packages in /opt/ros/humble
[0.148s] Level 1:colcon.colcon_core.package_discovery:discover_packages(prefix_path) using defaults
[0.180s] Level 5:colcon.colcon_core.verb:set package 'example_interfaces_rclpy' build argument 'cmake_args' from command line to 'None'
[0.180s] Level 5:colcon.colcon_core.verb:set package 'example_interfaces_rclpy' build argument 'cmake_target' from command line to 'None'
[0.180s] Level 5:colcon.colcon_core.verb:set package 'example_interfaces_rclpy' build argument 'cmake_target_skip_unavailable' from command line to 'False'
[0.180s] Level 5:colcon.colcon_core.verb:set package 'example_interfaces_rclpy' build argument 'cmake_clean_cache' from command line to 'False'
[0.180s] Level 5:colcon.colcon_core.verb:set package 'example_interfaces_rclpy' build argument 'cmake_clean_first' from command line to 'False'
[0.180s] Level 5:colcon.colcon_core.verb:set package 'example_interfaces_rclpy' build argument 'cmake_force_configure' from command line to 'False'
[0.180s] Level 5:colcon.colcon_core.verb:set package 'example_interfaces_rclpy' build argument 'ament_cmake_args' from command line to 'None'
[0.180s] Level 5:colcon.colcon_core.verb:set package 'example_interfaces_rclpy' build argument 'catkin_cmake_args' from command line to 'None'
[0.180s] Level 5:colcon.colcon_core.verb:set package 'example_interfaces_rclpy' build argument 'catkin_skip_building_tests' from command line to 'False'
[0.180s] DEBUG:colcon.colcon_core.verb:Building package 'example_interfaces_rclpy' with the following arguments: {'ament_cmake_args': None, 'build_base': '/home/aurora/d2lros2/chapt3/chapt3_ws/build/example_interfaces_rclpy', 'catkin_cmake_args': None, 'catkin_skip_building_tests': False, 'cmake_args': None, 'cmake_clean_cache': False, 'cmake_clean_first': False, 'cmake_force_configure': False, 'cmake_target': None, 'cmake_target_skip_unavailable': False, 'install_base': '/home/aurora/d2lros2/chapt3/chapt3_ws/install/example_interfaces_rclpy', 'merge_install': False, 'path': '/home/aurora/d2lros2/chapt3/chapt3_ws/src/example_interfaces_rclpy', 'symlink_install': True, 'test_result_base': None}
[0.180s] INFO:colcon.colcon_core.executor:Executing jobs using 'parallel' executor
[0.181s] DEBUG:colcon.colcon_parallel_executor.executor.parallel:run_until_complete
[0.181s] INFO:colcon.colcon_ros.task.ament_python.build:Building ROS package in '/home/aurora/d2lros2/chapt3/chapt3_ws/src/example_interfaces_rclpy' with build type 'ament_python'
[0.181s] Level 1:colcon.colcon_core.shell:create_environment_hook('example_interfaces_rclpy', 'ament_prefix_path')
[0.183s] INFO:colcon.colcon_core.plugin_system:Skipping extension 'colcon_core.shell.bat': Not used on non-Windows systems
[0.183s] INFO:colcon.colcon_core.shell:Creating environment hook '/home/aurora/d2lros2/chapt3/chapt3_ws/install/example_interfaces_rclpy/share/example_interfaces_rclpy/hook/ament_prefix_path.ps1'
[0.184s] INFO:colcon.colcon_core.shell:Creating environment descriptor '/home/aurora/d2lros2/chapt3/chapt3_ws/install/example_interfaces_rclpy/share/example_interfaces_rclpy/hook/ament_prefix_path.dsv'
[0.184s] INFO:colcon.colcon_core.shell:Creating environment hook '/home/aurora/d2lros2/chapt3/chapt3_ws/install/example_interfaces_rclpy/share/example_interfaces_rclpy/hook/ament_prefix_path.sh'
[0.185s] INFO:colcon.colcon_core.shell:Skip shell extension 'powershell' for command environment: Not usable outside of PowerShell
[0.185s] DEBUG:colcon.colcon_core.shell:Skip shell extension 'dsv' for command environment
[0.314s] INFO:colcon.colcon_core.task.python.build:Building Python package in '/home/aurora/d2lros2/chapt3/chapt3_ws/src/example_interfaces_rclpy'
[0.314s] INFO:colcon.colcon_core.shell:Skip shell extension 'powershell' for command environment: Not usable outside of PowerShell
[0.314s] DEBUG:colcon.colcon_core.shell:Skip shell extension 'dsv' for command environment
[0.463s] DEBUG:colcon.colcon_core.task.python.build:Available setuptools commands: build_scripts, bdist_wheel, install_data, build_clib, install, install_scripts, install_egg_info, bdist, bdist_dumb, register, rotate, test, build, install_headers, symlink_data, install_lib, build_ext, easy_install, egg_info, upload, saveopts, bdist_rpm, build_py, check, setopt, dist_info, clean, bdist_egg, upload_docs, sdist, alias, develop
[0.588s] DEBUG:colcon.colcon_core.task.python.build:Available setuptools 'develop' options: --build-directory, --no-deps, --index-url, --allow-hosts, --record, --prefix, --always-copy, --help, --install-layout, --egg-path, --multi-version, --zip-ok, --no-user-cfg, --editable, --install-dir, --optimize, --verbose, --always-unzip, --upgrade, --no-find-links, --user, --dry-run, --uninstall, --site-dirs, --find-links, --local-snapshots-ok, --quiet, --script-dir, --force-installation-into-system-dir, --exclude-scripts, --version
[0.589s] DEBUG:colcon.colcon_core.task.python.build:While undoing a previous installation files outside the Python library path are being ignored: /home/aurora/d2lros2/chapt3/chapt3_ws/install/example_interfaces_rclpy/share/ament_index/resource_index/packages/example_interfaces_rclpy
[0.589s] DEBUG:colcon.colcon_core.task.python.build:While undoing a previous installation files outside the Python library path are being ignored: /home/aurora/d2lros2/chapt3/chapt3_ws/install/example_interfaces_rclpy/share/example_interfaces_rclpy/package.xml
[0.589s] DEBUG:colcon.colcon_core.task.python.build:While undoing a previous installation files outside the Python library path are being ignored: /home/aurora/d2lros2/chapt3/chapt3_ws/install/example_interfaces_rclpy/lib/example_interfaces_rclpy/example_interfaces_control_02
[0.589s] DEBUG:colcon.colcon_core.task.python.build:While undoing a previous installation files outside the Python library path are being ignored: /home/aurora/d2lros2/chapt3/chapt3_ws/install/example_interfaces_rclpy/lib/example_interfaces_rclpy/example_interfaces_robot_02
[0.591s] DEBUG:colcon.colcon_core.event_handler.log_command:Invoking command in '/home/aurora/d2lros2/chapt3/chapt3_ws/build/example_interfaces_rclpy': CMAKE_PREFIX_PATH=/home/aurora/d2lros2/chapt3/chapt3_ws/install/example_ros2_interfaces:/home/aurora/d2lros2/chapt3/chapt3_ws/install/example_topic_rclcpp PYTHONPATH=/home/aurora/d2lros2/chapt3/chapt3_ws/build/example_interfaces_rclpy/prefix_override:/usr/lib/python3/dist-packages/colcon_core/task/python/colcon_distutils_commands:/home/aurora/d2lros2/chapt3/chapt3_ws/install/example_interfaces_rclpy/lib/python3.10/site-packages:${PYTHONPATH} /usr/bin/python3 -W ignore:setup.py install is deprecated -W ignore:easy_install command is deprecated setup.py develop --editable --build-directory /home/aurora/d2lros2/chapt3/chapt3_ws/build/example_interfaces_rclpy/build --no-deps symlink_data --force
[0.800s] Level 1:colcon.colcon_core.shell:create_environment_hook('example_interfaces_rclpy', 'pythonpath_develop')
[0.801s] INFO:colcon.colcon_core.shell:Creating environment hook '/home/aurora/d2lros2/chapt3/chapt3_ws/build/example_interfaces_rclpy/share/example_interfaces_rclpy/hook/pythonpath_develop.ps1'
[0.801s] DEBUG:colcon.colcon_core.event_handler.log_command:Invoked command in '/home/aurora/d2lros2/chapt3/chapt3_ws/build/example_interfaces_rclpy' returned '0': CMAKE_PREFIX_PATH=/home/aurora/d2lros2/chapt3/chapt3_ws/install/example_ros2_interfaces:/home/aurora/d2lros2/chapt3/chapt3_ws/install/example_topic_rclcpp PYTHONPATH=/home/aurora/d2lros2/chapt3/chapt3_ws/build/example_interfaces_rclpy/prefix_override:/usr/lib/python3/dist-packages/colcon_core/task/python/colcon_distutils_commands:/home/aurora/d2lros2/chapt3/chapt3_ws/install/example_interfaces_rclpy/lib/python3.10/site-packages:${PYTHONPATH} /usr/bin/python3 -W ignore:setup.py install is deprecated -W ignore:easy_install command is deprecated setup.py develop --editable --build-directory /home/aurora/d2lros2/chapt3/chapt3_ws/build/example_interfaces_rclpy/build --no-deps symlink_data --force
[0.801s] INFO:colcon.colcon_core.shell:Creating environment descriptor '/home/aurora/d2lros2/chapt3/chapt3_ws/build/example_interfaces_rclpy/share/example_interfaces_rclpy/hook/pythonpath_develop.dsv'
[0.802s] INFO:colcon.colcon_core.shell:Creating environment hook '/home/aurora/d2lros2/chapt3/chapt3_ws/build/example_interfaces_rclpy/share/example_interfaces_rclpy/hook/pythonpath_develop.sh'
[0.803s] Level 1:colcon.colcon_core.environment:checking '/home/aurora/d2lros2/chapt3/chapt3_ws/install/example_interfaces_rclpy' for CMake module files
[0.803s] Level 1:colcon.colcon_core.environment:checking '/home/aurora/d2lros2/chapt3/chapt3_ws/install/example_interfaces_rclpy' for CMake config files
[0.803s] Level 1:colcon.colcon_core.environment:checking '/home/aurora/d2lros2/chapt3/chapt3_ws/install/example_interfaces_rclpy/lib'
[0.804s] Level 1:colcon.colcon_core.environment:checking '/home/aurora/d2lros2/chapt3/chapt3_ws/install/example_interfaces_rclpy/bin'
[0.804s] Level 1:colcon.colcon_core.environment:checking '/home/aurora/d2lros2/chapt3/chapt3_ws/install/example_interfaces_rclpy/lib/pkgconfig/example_interfaces_rclpy.pc'
[0.804s] Level 1:colcon.colcon_core.environment:checking '/home/aurora/d2lros2/chapt3/chapt3_ws/install/example_interfaces_rclpy/lib/python3.10/site-packages'
[0.804s] Level 1:colcon.colcon_core.shell:create_environment_hook('example_interfaces_rclpy', 'pythonpath')
[0.804s] INFO:colcon.colcon_core.shell:Creating environment hook '/home/aurora/d2lros2/chapt3/chapt3_ws/install/example_interfaces_rclpy/share/example_interfaces_rclpy/hook/pythonpath.ps1'
[0.804s] INFO:colcon.colcon_core.shell:Creating environment descriptor '/home/aurora/d2lros2/chapt3/chapt3_ws/install/example_interfaces_rclpy/share/example_interfaces_rclpy/hook/pythonpath.dsv'
[0.804s] INFO:colcon.colcon_core.shell:Creating environment hook '/home/aurora/d2lros2/chapt3/chapt3_ws/install/example_interfaces_rclpy/share/example_interfaces_rclpy/hook/pythonpath.sh'
[0.805s] Level 1:colcon.colcon_core.environment:checking '/home/aurora/d2lros2/chapt3/chapt3_ws/install/example_interfaces_rclpy/bin'
[0.805s] Level 1:colcon.colcon_core.environment:create_environment_scripts_only(example_interfaces_rclpy)
[0.805s] INFO:colcon.colcon_core.shell:Creating package script '/home/aurora/d2lros2/chapt3/chapt3_ws/install/example_interfaces_rclpy/share/example_interfaces_rclpy/package.ps1'
[0.805s] INFO:colcon.colcon_core.shell:Creating package descriptor '/home/aurora/d2lros2/chapt3/chapt3_ws/install/example_interfaces_rclpy/share/example_interfaces_rclpy/package.dsv'
[0.806s] INFO:colcon.colcon_core.shell:Creating package script '/home/aurora/d2lros2/chapt3/chapt3_ws/install/example_interfaces_rclpy/share/example_interfaces_rclpy/package.sh'
[0.806s] INFO:colcon.colcon_core.shell:Creating package script '/home/aurora/d2lros2/chapt3/chapt3_ws/install/example_interfaces_rclpy/share/example_interfaces_rclpy/package.bash'
[0.806s] INFO:colcon.colcon_core.shell:Creating package script '/home/aurora/d2lros2/chapt3/chapt3_ws/install/example_interfaces_rclpy/share/example_interfaces_rclpy/package.zsh'
[0.806s] Level 1:colcon.colcon_core.environment:create_file_with_runtime_dependencies(/home/aurora/d2lros2/chapt3/chapt3_ws/install/example_interfaces_rclpy/share/colcon-core/packages/example_interfaces_rclpy)
[0.807s] DEBUG:colcon.colcon_parallel_executor.executor.parallel:closing loop
[0.807s] DEBUG:colcon.colcon_parallel_executor.executor.parallel:loop closed
[0.807s] DEBUG:colcon.colcon_parallel_executor.executor.parallel:run_until_complete finished with '0'
[0.807s] DEBUG:colcon.colcon_core.event_reactor:joining thread
[0.810s] INFO:colcon.colcon_core.plugin_system:Skipping extension 'colcon_notification.desktop_notification.terminal_notifier': Not used on non-Darwin systems
[0.810s] INFO:colcon.colcon_core.plugin_system:Skipping extension 'colcon_notification.desktop_notification.win32': Not used on non-Windows systems
[0.810s] INFO:colcon.colcon_notification.desktop_notification:Sending desktop notification using 'notify2'
[0.820s] DEBUG:colcon.colcon_core.event_reactor:joined thread
[0.820s] INFO:colcon.colcon_core.shell:Creating prefix script '/home/aurora/d2lros2/chapt3/chapt3_ws/install/local_setup.ps1'
[0.821s] INFO:colcon.colcon_core.shell:Creating prefix util module '/home/aurora/d2lros2/chapt3/chapt3_ws/install/_local_setup_util_ps1.py'
[0.822s] INFO:colcon.colcon_core.shell:Creating prefix chain script '/home/aurora/d2lros2/chapt3/chapt3_ws/install/setup.ps1'
[0.822s] INFO:colcon.colcon_core.shell:Creating prefix script '/home/aurora/d2lros2/chapt3/chapt3_ws/install/local_setup.sh'
[0.823s] INFO:colcon.colcon_core.shell:Creating prefix util module '/home/aurora/d2lros2/chapt3/chapt3_ws/install/_local_setup_util_sh.py'
[0.823s] INFO:colcon.colcon_core.shell:Creating prefix chain script '/home/aurora/d2lros2/chapt3/chapt3_ws/install/setup.sh'
[0.824s] INFO:colcon.colcon_core.shell:Creating prefix script '/home/aurora/d2lros2/chapt3/chapt3_ws/install/local_setup.bash'
[0.824s] INFO:colcon.colcon_core.shell:Creating prefix chain script '/home/aurora/d2lros2/chapt3/chapt3_ws/install/setup.bash'
[0.825s] INFO:colcon.colcon_core.shell:Creating prefix script '/home/aurora/d2lros2/chapt3/chapt3_ws/install/local_setup.zsh'
[0.826s] INFO:colcon.colcon_core.shell:Creating prefix chain script '/home/aurora/d2lros2/chapt3/chapt3_ws/install/setup.zsh'
