[0.046s] DEBUG:colcon:Command line arguments: ['/usr/bin/colcon', 'build']
[0.047s] DEBUG:colcon:Parsed command line arguments: Namespace(log_base=None, log_level=None, verb_name='build', build_base='build', install_base='install', merge_install=False, symlink_install=False, test_result_base=None, continue_on_error=False, executor='parallel', parallel_workers=24, event_handlers=None, ignore_user_meta=False, metas=['./colcon.meta'], base_paths=['.'], packages_ignore=None, packages_ignore_regex=None, paths=None, packages_up_to=None, packages_up_to_regex=None, packages_above=None, packages_above_and_dependencies=None, packages_above_depth=None, packages_select_by_dep=None, packages_skip_by_dep=None, packages_skip_up_to=None, packages_select_build_failed=False, packages_skip_build_finished=False, packages_select_test_failures=False, packages_skip_test_passed=False, packages_select=None, packages_skip=None, packages_select_regex=None, packages_skip_regex=None, packages_start=None, packages_end=None, allow_overriding=[], cmake_args=None, cmake_target=None, cmake_target_skip_unavailable=False, cmake_clean_cache=False, cmake_clean_first=False, cmake_force_configure=False, ament_cmake_args=None, catkin_cmake_args=None, catkin_skip_building_tests=False, verb_parser=<colcon_defaults.argument_parser.defaults.DefaultArgumentsDecorator object at 0x745d22d6c130>, verb_extension=<colcon_core.verb.build.BuildVerb object at 0x745d22d2fbe0>, main=<bound method BuildVerb.main of <colcon_core.verb.build.BuildVerb object at 0x745d22d2fbe0>>)
[0.126s] Level 1:colcon.colcon_core.package_discovery:discover_packages(colcon_meta) check parameters
[0.126s] Level 1:colcon.colcon_core.package_discovery:discover_packages(recursive) check parameters
[0.126s] Level 1:colcon.colcon_core.package_discovery:discover_packages(ignore) check parameters
[0.126s] Level 1:colcon.colcon_core.package_discovery:discover_packages(path) check parameters
[0.126s] Level 1:colcon.colcon_core.package_discovery:discover_packages(colcon_meta) discover
[0.126s] Level 1:colcon.colcon_core.package_discovery:discover_packages(recursive) discover
[0.126s] INFO:colcon.colcon_core.package_discovery:Crawling recursively for packages in '/home/aurora/d2lros2/chapt4/chapt4_ws'
[0.126s] Level 1:colcon.colcon_core.package_identification:_identify(.) by extensions ['ignore', 'ignore_ament_install']
[0.126s] Level 1:colcon.colcon_core.package_identification:_identify(.) by extension 'ignore'
[0.126s] Level 1:colcon.colcon_core.package_identification:_identify(.) by extension 'ignore_ament_install'
[0.126s] Level 1:colcon.colcon_core.package_identification:_identify(.) by extensions ['colcon_pkg']
[0.126s] Level 1:colcon.colcon_core.package_identification:_identify(.) by extension 'colcon_pkg'
[0.126s] Level 1:colcon.colcon_core.package_identification:_identify(.) by extensions ['colcon_meta']
[0.126s] Level 1:colcon.colcon_core.package_identification:_identify(.) by extension 'colcon_meta'
[0.126s] Level 1:colcon.colcon_core.package_identification:_identify(.) by extensions ['ros']
[0.126s] Level 1:colcon.colcon_core.package_identification:_identify(.) by extension 'ros'
[0.132s] Level 1:colcon.colcon_core.package_identification:_identify(.) by extensions ['cmake', 'python']
[0.132s] Level 1:colcon.colcon_core.package_identification:_identify(.) by extension 'cmake'
[0.132s] Level 1:colcon.colcon_core.package_identification:_identify(.) by extension 'python'
[0.132s] Level 1:colcon.colcon_core.package_identification:_identify(.) by extensions ['python_setup_py']
[0.132s] Level 1:colcon.colcon_core.package_identification:_identify(.) by extension 'python_setup_py'
[0.133s] Level 1:colcon.colcon_core.package_identification:_identify(build) by extensions ['ignore', 'ignore_ament_install']
[0.133s] Level 1:colcon.colcon_core.package_identification:_identify(build) by extension 'ignore'
[0.133s] Level 1:colcon.colcon_core.package_identification:_identify(build) ignored
[0.133s] Level 1:colcon.colcon_core.package_identification:_identify(install) by extensions ['ignore', 'ignore_ament_install']
[0.133s] Level 1:colcon.colcon_core.package_identification:_identify(install) by extension 'ignore'
[0.133s] Level 1:colcon.colcon_core.package_identification:_identify(install) ignored
[0.133s] Level 1:colcon.colcon_core.package_identification:_identify(log) by extensions ['ignore', 'ignore_ament_install']
[0.133s] Level 1:colcon.colcon_core.package_identification:_identify(log) by extension 'ignore'
[0.133s] Level 1:colcon.colcon_core.package_identification:_identify(log) ignored
[0.133s] Level 1:colcon.colcon_core.package_identification:_identify(src) by extensions ['ignore', 'ignore_ament_install']
[0.133s] Level 1:colcon.colcon_core.package_identification:_identify(src) by extension 'ignore'
[0.133s] Level 1:colcon.colcon_core.package_identification:_identify(src) by extension 'ignore_ament_install'
[0.133s] Level 1:colcon.colcon_core.package_identification:_identify(src) by extensions ['colcon_pkg']
[0.133s] Level 1:colcon.colcon_core.package_identification:_identify(src) by extension 'colcon_pkg'
[0.133s] Level 1:colcon.colcon_core.package_identification:_identify(src) by extensions ['colcon_meta']
[0.133s] Level 1:colcon.colcon_core.package_identification:_identify(src) by extension 'colcon_meta'
[0.133s] Level 1:colcon.colcon_core.package_identification:_identify(src) by extensions ['ros']
[0.133s] Level 1:colcon.colcon_core.package_identification:_identify(src) by extension 'ros'
[0.133s] Level 1:colcon.colcon_core.package_identification:_identify(src) by extensions ['cmake', 'python']
[0.133s] Level 1:colcon.colcon_core.package_identification:_identify(src) by extension 'cmake'
[0.133s] Level 1:colcon.colcon_core.package_identification:_identify(src) by extension 'python'
[0.133s] Level 1:colcon.colcon_core.package_identification:_identify(src) by extensions ['python_setup_py']
[0.133s] Level 1:colcon.colcon_core.package_identification:_identify(src) by extension 'python_setup_py'
[0.133s] Level 1:colcon.colcon_core.package_identification:_identify(src/example_action_rclpy) by extensions ['ignore', 'ignore_ament_install']
[0.133s] Level 1:colcon.colcon_core.package_identification:_identify(src/example_action_rclpy) by extension 'ignore'
[0.133s] Level 1:colcon.colcon_core.package_identification:_identify(src/example_action_rclpy) by extension 'ignore_ament_install'
[0.133s] Level 1:colcon.colcon_core.package_identification:_identify(src/example_action_rclpy) by extensions ['colcon_pkg']
[0.133s] Level 1:colcon.colcon_core.package_identification:_identify(src/example_action_rclpy) by extension 'colcon_pkg'
[0.133s] Level 1:colcon.colcon_core.package_identification:_identify(src/example_action_rclpy) by extensions ['colcon_meta']
[0.133s] Level 1:colcon.colcon_core.package_identification:_identify(src/example_action_rclpy) by extension 'colcon_meta'
[0.133s] Level 1:colcon.colcon_core.package_identification:_identify(src/example_action_rclpy) by extensions ['ros']
[0.133s] Level 1:colcon.colcon_core.package_identification:_identify(src/example_action_rclpy) by extension 'ros'
[0.135s] DEBUG:colcon.colcon_core.package_identification:Package 'src/example_action_rclpy' with type 'ros.ament_python' and name 'example_action_rclpy'
[0.135s] Level 1:colcon.colcon_core.package_identification:_identify(src/example_param_rclpy) by extensions ['ignore', 'ignore_ament_install']
[0.135s] Level 1:colcon.colcon_core.package_identification:_identify(src/example_param_rclpy) by extension 'ignore'
[0.135s] Level 1:colcon.colcon_core.package_identification:_identify(src/example_param_rclpy) by extension 'ignore_ament_install'
[0.135s] Level 1:colcon.colcon_core.package_identification:_identify(src/example_param_rclpy) by extensions ['colcon_pkg']
[0.135s] Level 1:colcon.colcon_core.package_identification:_identify(src/example_param_rclpy) by extension 'colcon_pkg'
[0.135s] Level 1:colcon.colcon_core.package_identification:_identify(src/example_param_rclpy) by extensions ['colcon_meta']
[0.135s] Level 1:colcon.colcon_core.package_identification:_identify(src/example_param_rclpy) by extension 'colcon_meta'
[0.135s] Level 1:colcon.colcon_core.package_identification:_identify(src/example_param_rclpy) by extensions ['ros']
[0.135s] Level 1:colcon.colcon_core.package_identification:_identify(src/example_param_rclpy) by extension 'ros'
[0.136s] DEBUG:colcon.colcon_core.package_identification:Package 'src/example_param_rclpy' with type 'ros.ament_python' and name 'example_param_rclpy'
[0.136s] Level 1:colcon.colcon_core.package_identification:_identify(src/robot_control_interfaces) by extensions ['ignore', 'ignore_ament_install']
[0.136s] Level 1:colcon.colcon_core.package_identification:_identify(src/robot_control_interfaces) by extension 'ignore'
[0.136s] Level 1:colcon.colcon_core.package_identification:_identify(src/robot_control_interfaces) by extension 'ignore_ament_install'
[0.136s] Level 1:colcon.colcon_core.package_identification:_identify(src/robot_control_interfaces) by extensions ['colcon_pkg']
[0.136s] Level 1:colcon.colcon_core.package_identification:_identify(src/robot_control_interfaces) by extension 'colcon_pkg'
[0.136s] Level 1:colcon.colcon_core.package_identification:_identify(src/robot_control_interfaces) by extensions ['colcon_meta']
[0.136s] Level 1:colcon.colcon_core.package_identification:_identify(src/robot_control_interfaces) by extension 'colcon_meta'
[0.136s] Level 1:colcon.colcon_core.package_identification:_identify(src/robot_control_interfaces) by extensions ['ros']
[0.136s] Level 1:colcon.colcon_core.package_identification:_identify(src/robot_control_interfaces) by extension 'ros'
[0.136s] DEBUG:colcon.colcon_core.package_identification:Package 'src/robot_control_interfaces' with type 'ros.ament_cmake' and name 'robot_control_interfaces'
[0.136s] Level 1:colcon.colcon_core.package_discovery:discover_packages(recursive) using defaults
[0.136s] Level 1:colcon.colcon_core.package_discovery:discover_packages(ignore) discover
[0.136s] Level 1:colcon.colcon_core.package_discovery:discover_packages(ignore) using defaults
[0.136s] Level 1:colcon.colcon_core.package_discovery:discover_packages(path) discover
[0.136s] Level 1:colcon.colcon_core.package_discovery:discover_packages(path) using defaults
[0.147s] Level 1:colcon.colcon_core.package_discovery:discover_packages(prefix_path) check parameters
[0.147s] Level 1:colcon.colcon_core.package_discovery:discover_packages(prefix_path) discover
[0.147s] WARNING:colcon.colcon_ros.prefix_path.ament:The path '/home/aurora/d2lros2/chapt4/chapt4_ws/install/robot_control_interfaces' in the environment variable AMENT_PREFIX_PATH doesn't exist
[0.148s] WARNING:colcon.colcon_ros.prefix_path.ament:The path '/home/aurora/d2lros2/chapt4/chapt4_ws/install/example_param_rclpy' in the environment variable AMENT_PREFIX_PATH doesn't exist
[0.148s] WARNING:colcon.colcon_ros.prefix_path.catkin:The path '/home/aurora/d2lros2/chapt4/chapt4_ws/install/robot_control_interfaces' in the environment variable CMAKE_PREFIX_PATH doesn't exist
[0.148s] DEBUG:colcon.colcon_installed_package_information.package_discovery:Found 0 installed packages in /home/aurora/d2lros2/chapt4/chapt4_ws/install
[0.148s] DEBUG:colcon.colcon_installed_package_information.package_discovery:Found 275 installed packages in /opt/ros/humble
[0.149s] Level 1:colcon.colcon_core.package_discovery:discover_packages(prefix_path) using defaults
[0.172s] Level 5:colcon.colcon_core.verb:set package 'example_param_rclpy' build argument 'cmake_args' from command line to 'None'
[0.172s] Level 5:colcon.colcon_core.verb:set package 'example_param_rclpy' build argument 'cmake_target' from command line to 'None'
[0.172s] Level 5:colcon.colcon_core.verb:set package 'example_param_rclpy' build argument 'cmake_target_skip_unavailable' from command line to 'False'
[0.172s] Level 5:colcon.colcon_core.verb:set package 'example_param_rclpy' build argument 'cmake_clean_cache' from command line to 'False'
[0.172s] Level 5:colcon.colcon_core.verb:set package 'example_param_rclpy' build argument 'cmake_clean_first' from command line to 'False'
[0.172s] Level 5:colcon.colcon_core.verb:set package 'example_param_rclpy' build argument 'cmake_force_configure' from command line to 'False'
[0.172s] Level 5:colcon.colcon_core.verb:set package 'example_param_rclpy' build argument 'ament_cmake_args' from command line to 'None'
[0.172s] Level 5:colcon.colcon_core.verb:set package 'example_param_rclpy' build argument 'catkin_cmake_args' from command line to 'None'
[0.172s] Level 5:colcon.colcon_core.verb:set package 'example_param_rclpy' build argument 'catkin_skip_building_tests' from command line to 'False'
[0.172s] DEBUG:colcon.colcon_core.verb:Building package 'example_param_rclpy' with the following arguments: {'ament_cmake_args': None, 'build_base': '/home/aurora/d2lros2/chapt4/chapt4_ws/build/example_param_rclpy', 'catkin_cmake_args': None, 'catkin_skip_building_tests': False, 'cmake_args': None, 'cmake_clean_cache': False, 'cmake_clean_first': False, 'cmake_force_configure': False, 'cmake_target': None, 'cmake_target_skip_unavailable': False, 'install_base': '/home/aurora/d2lros2/chapt4/chapt4_ws/install/example_param_rclpy', 'merge_install': False, 'path': '/home/aurora/d2lros2/chapt4/chapt4_ws/src/example_param_rclpy', 'symlink_install': False, 'test_result_base': None}
[0.172s] Level 5:colcon.colcon_core.verb:set package 'robot_control_interfaces' build argument 'cmake_args' from command line to 'None'
[0.172s] Level 5:colcon.colcon_core.verb:set package 'robot_control_interfaces' build argument 'cmake_target' from command line to 'None'
[0.172s] Level 5:colcon.colcon_core.verb:set package 'robot_control_interfaces' build argument 'cmake_target_skip_unavailable' from command line to 'False'
[0.172s] Level 5:colcon.colcon_core.verb:set package 'robot_control_interfaces' build argument 'cmake_clean_cache' from command line to 'False'
[0.172s] Level 5:colcon.colcon_core.verb:set package 'robot_control_interfaces' build argument 'cmake_clean_first' from command line to 'False'
[0.172s] Level 5:colcon.colcon_core.verb:set package 'robot_control_interfaces' build argument 'cmake_force_configure' from command line to 'False'
[0.173s] Level 5:colcon.colcon_core.verb:set package 'robot_control_interfaces' build argument 'ament_cmake_args' from command line to 'None'
[0.173s] Level 5:colcon.colcon_core.verb:set package 'robot_control_interfaces' build argument 'catkin_cmake_args' from command line to 'None'
[0.173s] Level 5:colcon.colcon_core.verb:set package 'robot_control_interfaces' build argument 'catkin_skip_building_tests' from command line to 'False'
[0.173s] DEBUG:colcon.colcon_core.verb:Building package 'robot_control_interfaces' with the following arguments: {'ament_cmake_args': None, 'build_base': '/home/aurora/d2lros2/chapt4/chapt4_ws/build/robot_control_interfaces', 'catkin_cmake_args': None, 'catkin_skip_building_tests': False, 'cmake_args': None, 'cmake_clean_cache': False, 'cmake_clean_first': False, 'cmake_force_configure': False, 'cmake_target': None, 'cmake_target_skip_unavailable': False, 'install_base': '/home/aurora/d2lros2/chapt4/chapt4_ws/install/robot_control_interfaces', 'merge_install': False, 'path': '/home/aurora/d2lros2/chapt4/chapt4_ws/src/robot_control_interfaces', 'symlink_install': False, 'test_result_base': None}
[0.173s] Level 5:colcon.colcon_core.verb:set package 'example_action_rclpy' build argument 'cmake_args' from command line to 'None'
[0.173s] Level 5:colcon.colcon_core.verb:set package 'example_action_rclpy' build argument 'cmake_target' from command line to 'None'
[0.173s] Level 5:colcon.colcon_core.verb:set package 'example_action_rclpy' build argument 'cmake_target_skip_unavailable' from command line to 'False'
[0.173s] Level 5:colcon.colcon_core.verb:set package 'example_action_rclpy' build argument 'cmake_clean_cache' from command line to 'False'
[0.173s] Level 5:colcon.colcon_core.verb:set package 'example_action_rclpy' build argument 'cmake_clean_first' from command line to 'False'
[0.173s] Level 5:colcon.colcon_core.verb:set package 'example_action_rclpy' build argument 'cmake_force_configure' from command line to 'False'
[0.173s] Level 5:colcon.colcon_core.verb:set package 'example_action_rclpy' build argument 'ament_cmake_args' from command line to 'None'
[0.173s] Level 5:colcon.colcon_core.verb:set package 'example_action_rclpy' build argument 'catkin_cmake_args' from command line to 'None'
[0.173s] Level 5:colcon.colcon_core.verb:set package 'example_action_rclpy' build argument 'catkin_skip_building_tests' from command line to 'False'
[0.173s] DEBUG:colcon.colcon_core.verb:Building package 'example_action_rclpy' with the following arguments: {'ament_cmake_args': None, 'build_base': '/home/aurora/d2lros2/chapt4/chapt4_ws/build/example_action_rclpy', 'catkin_cmake_args': None, 'catkin_skip_building_tests': False, 'cmake_args': None, 'cmake_clean_cache': False, 'cmake_clean_first': False, 'cmake_force_configure': False, 'cmake_target': None, 'cmake_target_skip_unavailable': False, 'install_base': '/home/aurora/d2lros2/chapt4/chapt4_ws/install/example_action_rclpy', 'merge_install': False, 'path': '/home/aurora/d2lros2/chapt4/chapt4_ws/src/example_action_rclpy', 'symlink_install': False, 'test_result_base': None}
[0.173s] INFO:colcon.colcon_core.executor:Executing jobs using 'parallel' executor
[0.174s] DEBUG:colcon.colcon_parallel_executor.executor.parallel:run_until_complete
[0.174s] INFO:colcon.colcon_ros.task.ament_cmake.build:Building ROS package in '/home/aurora/d2lros2/chapt4/chapt4_ws/src/robot_control_interfaces' with build type 'ament_cmake'
[0.174s] INFO:colcon.colcon_cmake.task.cmake.build:Building CMake package in '/home/aurora/d2lros2/chapt4/chapt4_ws/src/robot_control_interfaces'
[0.175s] INFO:colcon.colcon_core.plugin_system:Skipping extension 'colcon_core.shell.bat': Not used on non-Windows systems
[0.175s] INFO:colcon.colcon_core.shell:Skip shell extension 'powershell' for command environment: Not usable outside of PowerShell
[0.175s] DEBUG:colcon.colcon_core.shell:Skip shell extension 'dsv' for command environment
[0.176s] INFO:colcon.colcon_ros.task.ament_python.build:Building ROS package in '/home/aurora/d2lros2/chapt4/chapt4_ws/src/example_param_rclpy' with build type 'ament_python'
[0.176s] Level 1:colcon.colcon_core.shell:create_environment_hook('example_param_rclpy', 'ament_prefix_path')
[0.177s] INFO:colcon.colcon_core.shell:Creating environment hook '/home/aurora/d2lros2/chapt4/chapt4_ws/install/example_param_rclpy/share/example_param_rclpy/hook/ament_prefix_path.ps1'
[0.177s] INFO:colcon.colcon_core.shell:Creating environment descriptor '/home/aurora/d2lros2/chapt4/chapt4_ws/install/example_param_rclpy/share/example_param_rclpy/hook/ament_prefix_path.dsv'
[0.177s] INFO:colcon.colcon_core.shell:Creating environment hook '/home/aurora/d2lros2/chapt4/chapt4_ws/install/example_param_rclpy/share/example_param_rclpy/hook/ament_prefix_path.sh'
[0.177s] INFO:colcon.colcon_core.shell:Skip shell extension 'powershell' for command environment: Not usable outside of PowerShell
[0.177s] DEBUG:colcon.colcon_core.shell:Skip shell extension 'dsv' for command environment
[0.181s] DEBUG:colcon.colcon_core.event_handler.log_command:Invoking command in '/home/aurora/d2lros2/chapt4/chapt4_ws/build/robot_control_interfaces': CMAKE_PREFIX_PATH=${CMAKE_PREFIX_PATH}:/home/aurora/d2lros2/chapt4/chapt4_ws/install/example_action_rclpy:/home/aurora/d2lros2/chapt4/chapt4_ws/install/example_param_rclpy:/opt/ros/humble /usr/bin/cmake /home/aurora/d2lros2/chapt4/chapt4_ws/src/robot_control_interfaces -DCMAKE_INSTALL_PREFIX=/home/aurora/d2lros2/chapt4/chapt4_ws/install/robot_control_interfaces
[0.293s] INFO:colcon.colcon_core.task.python.build:Building Python package in '/home/aurora/d2lros2/chapt4/chapt4_ws/src/example_param_rclpy'
[0.293s] INFO:colcon.colcon_core.shell:Skip shell extension 'powershell' for command environment: Not usable outside of PowerShell
[0.293s] DEBUG:colcon.colcon_core.shell:Skip shell extension 'dsv' for command environment
[0.450s] DEBUG:colcon.colcon_core.task.python.build:Available setuptools commands: install_lib, symlink_data, build_clib, egg_info, register, bdist_wheel, rotate, check, bdist_rpm, bdist_dumb, build_ext, install_scripts, build_scripts, install_headers, upload, bdist_egg, develop, install_data, bdist, alias, build, install, test, sdist, easy_install, dist_info, build_py, saveopts, setopt, install_egg_info, clean, upload_docs
[0.452s] DEBUG:colcon.colcon_core.event_handler.log_command:Invoking command in '/home/aurora/d2lros2/chapt4/chapt4_ws/src/example_param_rclpy': PYTHONPATH=/home/aurora/d2lros2/chapt4/chapt4_ws/build/example_param_rclpy/prefix_override:/usr/lib/python3/dist-packages/colcon_core/task/python/colcon_distutils_commands:/home/aurora/d2lros2/chapt4/chapt4_ws/install/example_param_rclpy/lib/python3.10/site-packages:${PYTHONPATH} /usr/bin/python3 -W ignore:setup.py install is deprecated -W ignore:easy_install command is deprecated setup.py egg_info --egg-base ../../build/example_param_rclpy build --build-base /home/aurora/d2lros2/chapt4/chapt4_ws/build/example_param_rclpy/build install --record /home/aurora/d2lros2/chapt4/chapt4_ws/build/example_param_rclpy/install.log --install-scripts $base/lib/example_param_rclpy --single-version-externally-managed install_data
[0.582s] DEBUG:colcon.colcon_core.event_handler.log_command:Invoked command in '/home/aurora/d2lros2/chapt4/chapt4_ws/src/example_param_rclpy' returned '0': PYTHONPATH=/home/aurora/d2lros2/chapt4/chapt4_ws/build/example_param_rclpy/prefix_override:/usr/lib/python3/dist-packages/colcon_core/task/python/colcon_distutils_commands:/home/aurora/d2lros2/chapt4/chapt4_ws/install/example_param_rclpy/lib/python3.10/site-packages:${PYTHONPATH} /usr/bin/python3 -W ignore:setup.py install is deprecated -W ignore:easy_install command is deprecated setup.py egg_info --egg-base ../../build/example_param_rclpy build --build-base /home/aurora/d2lros2/chapt4/chapt4_ws/build/example_param_rclpy/build install --record /home/aurora/d2lros2/chapt4/chapt4_ws/build/example_param_rclpy/install.log --install-scripts $base/lib/example_param_rclpy --single-version-externally-managed install_data
[0.583s] Level 1:colcon.colcon_core.environment:checking '/home/aurora/d2lros2/chapt4/chapt4_ws/install/example_param_rclpy' for CMake module files
[0.583s] Level 1:colcon.colcon_core.environment:checking '/home/aurora/d2lros2/chapt4/chapt4_ws/install/example_param_rclpy' for CMake config files
[0.584s] Level 1:colcon.colcon_core.environment:checking '/home/aurora/d2lros2/chapt4/chapt4_ws/install/example_param_rclpy/lib'
[0.584s] Level 1:colcon.colcon_core.environment:checking '/home/aurora/d2lros2/chapt4/chapt4_ws/install/example_param_rclpy/bin'
[0.584s] Level 1:colcon.colcon_core.environment:checking '/home/aurora/d2lros2/chapt4/chapt4_ws/install/example_param_rclpy/lib/pkgconfig/example_param_rclpy.pc'
[0.584s] Level 1:colcon.colcon_core.environment:checking '/home/aurora/d2lros2/chapt4/chapt4_ws/install/example_param_rclpy/lib/python3.10/site-packages'
[0.584s] Level 1:colcon.colcon_core.shell:create_environment_hook('example_param_rclpy', 'pythonpath')
[0.584s] INFO:colcon.colcon_core.shell:Creating environment hook '/home/aurora/d2lros2/chapt4/chapt4_ws/install/example_param_rclpy/share/example_param_rclpy/hook/pythonpath.ps1'
[0.584s] INFO:colcon.colcon_core.shell:Creating environment descriptor '/home/aurora/d2lros2/chapt4/chapt4_ws/install/example_param_rclpy/share/example_param_rclpy/hook/pythonpath.dsv'
[0.584s] INFO:colcon.colcon_core.shell:Creating environment hook '/home/aurora/d2lros2/chapt4/chapt4_ws/install/example_param_rclpy/share/example_param_rclpy/hook/pythonpath.sh'
[0.585s] Level 1:colcon.colcon_core.environment:checking '/home/aurora/d2lros2/chapt4/chapt4_ws/install/example_param_rclpy/bin'
[0.585s] Level 1:colcon.colcon_core.environment:create_environment_scripts_only(example_param_rclpy)
[0.585s] INFO:colcon.colcon_core.shell:Creating package script '/home/aurora/d2lros2/chapt4/chapt4_ws/install/example_param_rclpy/share/example_param_rclpy/package.ps1'
[0.585s] INFO:colcon.colcon_core.shell:Creating package descriptor '/home/aurora/d2lros2/chapt4/chapt4_ws/install/example_param_rclpy/share/example_param_rclpy/package.dsv'
[0.586s] INFO:colcon.colcon_core.shell:Creating package script '/home/aurora/d2lros2/chapt4/chapt4_ws/install/example_param_rclpy/share/example_param_rclpy/package.sh'
[0.586s] INFO:colcon.colcon_core.shell:Creating package script '/home/aurora/d2lros2/chapt4/chapt4_ws/install/example_param_rclpy/share/example_param_rclpy/package.bash'
[0.586s] INFO:colcon.colcon_core.shell:Creating package script '/home/aurora/d2lros2/chapt4/chapt4_ws/install/example_param_rclpy/share/example_param_rclpy/package.zsh'
[0.586s] Level 1:colcon.colcon_core.environment:create_file_with_runtime_dependencies(/home/aurora/d2lros2/chapt4/chapt4_ws/install/example_param_rclpy/share/colcon-core/packages/example_param_rclpy)
[1.420s] DEBUG:colcon.colcon_core.event_handler.log_command:Invoked command in '/home/aurora/d2lros2/chapt4/chapt4_ws/build/robot_control_interfaces' returned '0': CMAKE_PREFIX_PATH=${CMAKE_PREFIX_PATH}:/home/aurora/d2lros2/chapt4/chapt4_ws/install/example_action_rclpy:/home/aurora/d2lros2/chapt4/chapt4_ws/install/example_param_rclpy:/opt/ros/humble /usr/bin/cmake /home/aurora/d2lros2/chapt4/chapt4_ws/src/robot_control_interfaces -DCMAKE_INSTALL_PREFIX=/home/aurora/d2lros2/chapt4/chapt4_ws/install/robot_control_interfaces
[1.422s] DEBUG:colcon.colcon_core.event_handler.log_command:Invoking command in '/home/aurora/d2lros2/chapt4/chapt4_ws/build/robot_control_interfaces': CMAKE_PREFIX_PATH=${CMAKE_PREFIX_PATH}:/home/aurora/d2lros2/chapt4/chapt4_ws/install/example_action_rclpy:/home/aurora/d2lros2/chapt4/chapt4_ws/install/example_param_rclpy:/opt/ros/humble /usr/bin/cmake --build /home/aurora/d2lros2/chapt4/chapt4_ws/build/robot_control_interfaces -- -j24 -l24
[3.050s] DEBUG:colcon.colcon_core.event_handler.log_command:Invoked command in '/home/aurora/d2lros2/chapt4/chapt4_ws/build/robot_control_interfaces' returned '0': CMAKE_PREFIX_PATH=${CMAKE_PREFIX_PATH}:/home/aurora/d2lros2/chapt4/chapt4_ws/install/example_action_rclpy:/home/aurora/d2lros2/chapt4/chapt4_ws/install/example_param_rclpy:/opt/ros/humble /usr/bin/cmake --build /home/aurora/d2lros2/chapt4/chapt4_ws/build/robot_control_interfaces -- -j24 -l24
[3.064s] DEBUG:colcon.colcon_core.event_handler.log_command:Invoking command in '/home/aurora/d2lros2/chapt4/chapt4_ws/build/robot_control_interfaces': CMAKE_PREFIX_PATH=${CMAKE_PREFIX_PATH}:/home/aurora/d2lros2/chapt4/chapt4_ws/install/example_action_rclpy:/home/aurora/d2lros2/chapt4/chapt4_ws/install/example_param_rclpy:/opt/ros/humble /usr/bin/cmake --install /home/aurora/d2lros2/chapt4/chapt4_ws/build/robot_control_interfaces
[3.121s] Level 1:colcon.colcon_core.environment:create_environment_scripts_only(robot_control_interfaces)
[3.121s] Level 1:colcon.colcon_core.environment:checking '/home/aurora/d2lros2/chapt4/chapt4_ws/install/robot_control_interfaces' for CMake module files
[3.122s] DEBUG:colcon.colcon_core.event_handler.log_command:Invoked command in '/home/aurora/d2lros2/chapt4/chapt4_ws/build/robot_control_interfaces' returned '0': CMAKE_PREFIX_PATH=${CMAKE_PREFIX_PATH}:/home/aurora/d2lros2/chapt4/chapt4_ws/install/example_action_rclpy:/home/aurora/d2lros2/chapt4/chapt4_ws/install/example_param_rclpy:/opt/ros/humble /usr/bin/cmake --install /home/aurora/d2lros2/chapt4/chapt4_ws/build/robot_control_interfaces
[3.122s] Level 1:colcon.colcon_core.environment:checking '/home/aurora/d2lros2/chapt4/chapt4_ws/install/robot_control_interfaces' for CMake config files
[3.122s] Level 1:colcon.colcon_core.shell:create_environment_hook('robot_control_interfaces', 'cmake_prefix_path')
[3.123s] INFO:colcon.colcon_core.shell:Creating environment hook '/home/aurora/d2lros2/chapt4/chapt4_ws/install/robot_control_interfaces/share/robot_control_interfaces/hook/cmake_prefix_path.ps1'
[3.123s] INFO:colcon.colcon_core.shell:Creating environment descriptor '/home/aurora/d2lros2/chapt4/chapt4_ws/install/robot_control_interfaces/share/robot_control_interfaces/hook/cmake_prefix_path.dsv'
[3.123s] INFO:colcon.colcon_core.shell:Creating environment hook '/home/aurora/d2lros2/chapt4/chapt4_ws/install/robot_control_interfaces/share/robot_control_interfaces/hook/cmake_prefix_path.sh'
[3.124s] Level 1:colcon.colcon_core.environment:checking '/home/aurora/d2lros2/chapt4/chapt4_ws/install/robot_control_interfaces/lib'
[3.124s] Level 1:colcon.colcon_core.shell:create_environment_hook('robot_control_interfaces', 'ld_library_path_lib')
[3.124s] INFO:colcon.colcon_core.shell:Creating environment hook '/home/aurora/d2lros2/chapt4/chapt4_ws/install/robot_control_interfaces/share/robot_control_interfaces/hook/ld_library_path_lib.ps1'
[3.124s] INFO:colcon.colcon_core.shell:Creating environment descriptor '/home/aurora/d2lros2/chapt4/chapt4_ws/install/robot_control_interfaces/share/robot_control_interfaces/hook/ld_library_path_lib.dsv'
[3.124s] INFO:colcon.colcon_core.shell:Creating environment hook '/home/aurora/d2lros2/chapt4/chapt4_ws/install/robot_control_interfaces/share/robot_control_interfaces/hook/ld_library_path_lib.sh'
[3.125s] Level 1:colcon.colcon_core.environment:checking '/home/aurora/d2lros2/chapt4/chapt4_ws/install/robot_control_interfaces/bin'
[3.125s] Level 1:colcon.colcon_core.environment:checking '/home/aurora/d2lros2/chapt4/chapt4_ws/install/robot_control_interfaces/lib/pkgconfig/robot_control_interfaces.pc'
[3.125s] Level 1:colcon.colcon_core.environment:checking '/home/aurora/d2lros2/chapt4/chapt4_ws/install/robot_control_interfaces/lib/python3.10/site-packages'
[3.125s] Level 1:colcon.colcon_core.environment:checking '/home/aurora/d2lros2/chapt4/chapt4_ws/install/robot_control_interfaces/bin'
[3.126s] INFO:colcon.colcon_core.shell:Creating package script '/home/aurora/d2lros2/chapt4/chapt4_ws/install/robot_control_interfaces/share/robot_control_interfaces/package.ps1'
[3.126s] INFO:colcon.colcon_core.shell:Creating package descriptor '/home/aurora/d2lros2/chapt4/chapt4_ws/install/robot_control_interfaces/share/robot_control_interfaces/package.dsv'
[3.127s] INFO:colcon.colcon_core.shell:Creating package script '/home/aurora/d2lros2/chapt4/chapt4_ws/install/robot_control_interfaces/share/robot_control_interfaces/package.sh'
[3.127s] INFO:colcon.colcon_core.shell:Creating package script '/home/aurora/d2lros2/chapt4/chapt4_ws/install/robot_control_interfaces/share/robot_control_interfaces/package.bash'
[3.127s] INFO:colcon.colcon_core.shell:Creating package script '/home/aurora/d2lros2/chapt4/chapt4_ws/install/robot_control_interfaces/share/robot_control_interfaces/package.zsh'
[3.128s] Level 1:colcon.colcon_core.environment:create_file_with_runtime_dependencies(/home/aurora/d2lros2/chapt4/chapt4_ws/install/robot_control_interfaces/share/colcon-core/packages/robot_control_interfaces)
[3.128s] Level 1:colcon.colcon_core.environment:create_environment_scripts_only(robot_control_interfaces)
[3.129s] Level 1:colcon.colcon_core.environment:checking '/home/aurora/d2lros2/chapt4/chapt4_ws/install/robot_control_interfaces' for CMake module files
[3.130s] Level 1:colcon.colcon_core.environment:checking '/home/aurora/d2lros2/chapt4/chapt4_ws/install/robot_control_interfaces' for CMake config files
[3.130s] Level 1:colcon.colcon_core.shell:create_environment_hook('robot_control_interfaces', 'cmake_prefix_path')
[3.130s] INFO:colcon.colcon_core.shell:Creating environment hook '/home/aurora/d2lros2/chapt4/chapt4_ws/install/robot_control_interfaces/share/robot_control_interfaces/hook/cmake_prefix_path.ps1'
[3.131s] INFO:colcon.colcon_core.shell:Creating environment descriptor '/home/aurora/d2lros2/chapt4/chapt4_ws/install/robot_control_interfaces/share/robot_control_interfaces/hook/cmake_prefix_path.dsv'
[3.131s] INFO:colcon.colcon_core.shell:Creating environment hook '/home/aurora/d2lros2/chapt4/chapt4_ws/install/robot_control_interfaces/share/robot_control_interfaces/hook/cmake_prefix_path.sh'
[3.132s] Level 1:colcon.colcon_core.environment:checking '/home/aurora/d2lros2/chapt4/chapt4_ws/install/robot_control_interfaces/lib'
[3.132s] Level 1:colcon.colcon_core.shell:create_environment_hook('robot_control_interfaces', 'ld_library_path_lib')
[3.132s] INFO:colcon.colcon_core.shell:Creating environment hook '/home/aurora/d2lros2/chapt4/chapt4_ws/install/robot_control_interfaces/share/robot_control_interfaces/hook/ld_library_path_lib.ps1'
[3.132s] INFO:colcon.colcon_core.shell:Creating environment descriptor '/home/aurora/d2lros2/chapt4/chapt4_ws/install/robot_control_interfaces/share/robot_control_interfaces/hook/ld_library_path_lib.dsv'
[3.132s] INFO:colcon.colcon_core.shell:Creating environment hook '/home/aurora/d2lros2/chapt4/chapt4_ws/install/robot_control_interfaces/share/robot_control_interfaces/hook/ld_library_path_lib.sh'
[3.133s] Level 1:colcon.colcon_core.environment:checking '/home/aurora/d2lros2/chapt4/chapt4_ws/install/robot_control_interfaces/bin'
[3.133s] Level 1:colcon.colcon_core.environment:checking '/home/aurora/d2lros2/chapt4/chapt4_ws/install/robot_control_interfaces/lib/pkgconfig/robot_control_interfaces.pc'
[3.133s] Level 1:colcon.colcon_core.environment:checking '/home/aurora/d2lros2/chapt4/chapt4_ws/install/robot_control_interfaces/lib/python3.10/site-packages'
[3.133s] Level 1:colcon.colcon_core.environment:checking '/home/aurora/d2lros2/chapt4/chapt4_ws/install/robot_control_interfaces/bin'
[3.134s] INFO:colcon.colcon_core.shell:Creating package script '/home/aurora/d2lros2/chapt4/chapt4_ws/install/robot_control_interfaces/share/robot_control_interfaces/package.ps1'
[3.134s] INFO:colcon.colcon_core.shell:Creating package descriptor '/home/aurora/d2lros2/chapt4/chapt4_ws/install/robot_control_interfaces/share/robot_control_interfaces/package.dsv'
[3.135s] INFO:colcon.colcon_core.shell:Creating package script '/home/aurora/d2lros2/chapt4/chapt4_ws/install/robot_control_interfaces/share/robot_control_interfaces/package.sh'
[3.135s] INFO:colcon.colcon_core.shell:Creating package script '/home/aurora/d2lros2/chapt4/chapt4_ws/install/robot_control_interfaces/share/robot_control_interfaces/package.bash'
[3.136s] INFO:colcon.colcon_core.shell:Creating package script '/home/aurora/d2lros2/chapt4/chapt4_ws/install/robot_control_interfaces/share/robot_control_interfaces/package.zsh'
[3.136s] Level 1:colcon.colcon_core.environment:create_file_with_runtime_dependencies(/home/aurora/d2lros2/chapt4/chapt4_ws/install/robot_control_interfaces/share/colcon-core/packages/robot_control_interfaces)
[3.136s] INFO:colcon.colcon_ros.task.ament_python.build:Building ROS package in '/home/aurora/d2lros2/chapt4/chapt4_ws/src/example_action_rclpy' with build type 'ament_python'
[3.137s] Level 1:colcon.colcon_core.shell:create_environment_hook('example_action_rclpy', 'ament_prefix_path')
[3.137s] INFO:colcon.colcon_core.shell:Creating environment hook '/home/aurora/d2lros2/chapt4/chapt4_ws/install/example_action_rclpy/share/example_action_rclpy/hook/ament_prefix_path.ps1'
[3.138s] INFO:colcon.colcon_core.shell:Creating environment descriptor '/home/aurora/d2lros2/chapt4/chapt4_ws/install/example_action_rclpy/share/example_action_rclpy/hook/ament_prefix_path.dsv'
[3.138s] INFO:colcon.colcon_core.shell:Creating environment hook '/home/aurora/d2lros2/chapt4/chapt4_ws/install/example_action_rclpy/share/example_action_rclpy/hook/ament_prefix_path.sh'
[3.139s] INFO:colcon.colcon_core.shell:Skip shell extension 'powershell' for command environment: Not usable outside of PowerShell
[3.139s] DEBUG:colcon.colcon_core.shell:Skip shell extension 'dsv' for command environment
[3.272s] INFO:colcon.colcon_core.task.python.build:Building Python package in '/home/aurora/d2lros2/chapt4/chapt4_ws/src/example_action_rclpy'
[3.273s] INFO:colcon.colcon_core.shell:Skip shell extension 'powershell' for command environment: Not usable outside of PowerShell
[3.273s] DEBUG:colcon.colcon_core.shell:Skip shell extension 'dsv' for command environment
[3.430s] DEBUG:colcon.colcon_core.task.python.build:Available setuptools commands: install_lib, symlink_data, build_clib, egg_info, register, bdist_wheel, rotate, check, bdist_rpm, bdist_dumb, build_ext, install_scripts, build_scripts, install_headers, upload, bdist_egg, develop, install_data, bdist, alias, build, install, test, sdist, easy_install, dist_info, build_py, saveopts, setopt, install_egg_info, clean, upload_docs
[3.432s] DEBUG:colcon.colcon_core.event_handler.log_command:Invoking command in '/home/aurora/d2lros2/chapt4/chapt4_ws/src/example_action_rclpy': PYTHONPATH=/home/aurora/d2lros2/chapt4/chapt4_ws/build/example_action_rclpy/prefix_override:/usr/lib/python3/dist-packages/colcon_core/task/python/colcon_distutils_commands:/home/aurora/d2lros2/chapt4/chapt4_ws/install/example_action_rclpy/lib/python3.10/site-packages:${PYTHONPATH} /usr/bin/python3 -W ignore:setup.py install is deprecated -W ignore:easy_install command is deprecated setup.py egg_info --egg-base ../../build/example_action_rclpy build --build-base /home/aurora/d2lros2/chapt4/chapt4_ws/build/example_action_rclpy/build install --record /home/aurora/d2lros2/chapt4/chapt4_ws/build/example_action_rclpy/install.log --install-scripts $base/lib/example_action-rclpy --single-version-externally-managed install_data
[3.552s] DEBUG:colcon.colcon_core.event_handler.log_command:Invoked command in '/home/aurora/d2lros2/chapt4/chapt4_ws/src/example_action_rclpy' returned '1': PYTHONPATH=/home/aurora/d2lros2/chapt4/chapt4_ws/build/example_action_rclpy/prefix_override:/usr/lib/python3/dist-packages/colcon_core/task/python/colcon_distutils_commands:/home/aurora/d2lros2/chapt4/chapt4_ws/install/example_action_rclpy/lib/python3.10/site-packages:${PYTHONPATH} /usr/bin/python3 -W ignore:setup.py install is deprecated -W ignore:easy_install command is deprecated setup.py egg_info --egg-base ../../build/example_action_rclpy build --build-base /home/aurora/d2lros2/chapt4/chapt4_ws/build/example_action_rclpy/build install --record /home/aurora/d2lros2/chapt4/chapt4_ws/build/example_action_rclpy/install.log --install-scripts $base/lib/example_action-rclpy --single-version-externally-managed install_data
[3.562s] DEBUG:colcon.colcon_parallel_executor.executor.parallel:closing loop
[3.562s] DEBUG:colcon.colcon_parallel_executor.executor.parallel:loop closed
[3.562s] DEBUG:colcon.colcon_parallel_executor.executor.parallel:run_until_complete finished with '1'
[3.562s] DEBUG:colcon.colcon_core.event_reactor:joining thread
[3.565s] INFO:colcon.colcon_core.plugin_system:Skipping extension 'colcon_notification.desktop_notification.terminal_notifier': Not used on non-Darwin systems
[3.565s] INFO:colcon.colcon_core.plugin_system:Skipping extension 'colcon_notification.desktop_notification.win32': Not used on non-Windows systems
[3.565s] INFO:colcon.colcon_notification.desktop_notification:Sending desktop notification using 'notify2'
[3.576s] DEBUG:colcon.colcon_core.event_reactor:joined thread
[3.576s] INFO:colcon.colcon_core.shell:Creating prefix script '/home/aurora/d2lros2/chapt4/chapt4_ws/install/local_setup.ps1'
[3.577s] INFO:colcon.colcon_core.shell:Creating prefix util module '/home/aurora/d2lros2/chapt4/chapt4_ws/install/_local_setup_util_ps1.py'
[3.578s] INFO:colcon.colcon_core.shell:Creating prefix chain script '/home/aurora/d2lros2/chapt4/chapt4_ws/install/setup.ps1'
[3.579s] INFO:colcon.colcon_core.shell:Creating prefix script '/home/aurora/d2lros2/chapt4/chapt4_ws/install/local_setup.sh'
[3.579s] INFO:colcon.colcon_core.shell:Creating prefix util module '/home/aurora/d2lros2/chapt4/chapt4_ws/install/_local_setup_util_sh.py'
[3.579s] INFO:colcon.colcon_core.shell:Creating prefix chain script '/home/aurora/d2lros2/chapt4/chapt4_ws/install/setup.sh'
[3.580s] INFO:colcon.colcon_core.shell:Creating prefix script '/home/aurora/d2lros2/chapt4/chapt4_ws/install/local_setup.bash'
[3.580s] INFO:colcon.colcon_core.shell:Creating prefix chain script '/home/aurora/d2lros2/chapt4/chapt4_ws/install/setup.bash'
[3.581s] INFO:colcon.colcon_core.shell:Creating prefix script '/home/aurora/d2lros2/chapt4/chapt4_ws/install/local_setup.zsh'
[3.581s] INFO:colcon.colcon_core.shell:Creating prefix chain script '/home/aurora/d2lros2/chapt4/chapt4_ws/install/setup.zsh'
